<?xml version="1.0" encoding="ISO-8859-1" ?>
<link_info>
   <banner>TI ARM Linker PC v18.1.2.LTS</banner>
   <copyright>Copyright (c) 1996-2017 Texas Instruments Incorporated</copyright>
   <link_time>0x5b4f6dae</link_time>
   <link_errors>0x0</link_errors>
   <output_file>boostxl_edumkii_accelerometer_msp432p401r_MSP_EXP432P401R_nortos_ccs.out</output_file>
   <entry_point>
      <name>_c_int00_noargs</name>
      <address>0x4d89</address>
   </entry_point>
   <input_file_list>
      <input_file id="fl-2">
         <path>.\</path>
         <kind>object</kind>
         <file>Ball.obj</file>
         <name>Ball.obj</name>
      </input_file>
      <input_file id="fl-3">
         <path>.\</path>
         <kind>object</kind>
         <file>Functions.obj</file>
         <name>Functions.obj</name>
      </input_file>
      <input_file id="fl-4">
         <path>.\</path>
         <kind>object</kind>
         <file>main.obj</file>
         <name>main.obj</name>
      </input_file>
      <input_file id="fl-5">
         <path>.\</path>
         <kind>object</kind>
         <file>system_msp432p401r.obj</file>
         <name>system_msp432p401r.obj</name>
      </input_file>
      <input_file id="fl-6">
         <path>.\LcdDriver\</path>
         <kind>object</kind>
         <file>Crystalfontz128x128_ST7735.obj</file>
         <name>Crystalfontz128x128_ST7735.obj</name>
      </input_file>
      <input_file id="fl-7">
         <path>.\LcdDriver\</path>
         <kind>object</kind>
         <file>HAL_MSP_EXP432P401R_Crystalfontz128x128_ST7735.obj</file>
         <name>HAL_MSP_EXP432P401R_Crystalfontz128x128_ST7735.obj</name>
      </input_file>
      <input_file id="fl-8">
         <path>.\ccs\</path>
         <kind>object</kind>
         <file>startup_msp432p401r_ccs.obj</file>
         <name>startup_msp432p401r_ccs.obj</name>
      </input_file>
      <input_file id="fl-13">
         <kind>object</kind>
         <file>&lt;internal&gt;</file>
         <name>&lt;internal&gt;</name>
      </input_file>
      <input_file id="fl-14">
         <path>C:\ti\simplelink_msp432p4_sdk_2_20_00_12\source\ti\grlib\lib\ccs\m4f\</path>
         <kind>archive</kind>
         <file>grlib.a</file>
         <name>circle.obj</name>
      </input_file>
      <input_file id="fl-15">
         <path>C:\ti\simplelink_msp432p4_sdk_2_20_00_12\source\ti\grlib\lib\ccs\m4f\</path>
         <kind>archive</kind>
         <file>grlib.a</file>
         <name>context.obj</name>
      </input_file>
      <input_file id="fl-16">
         <path>C:\ti\simplelink_msp432p4_sdk_2_20_00_12\source\ti\grlib\lib\ccs\m4f\</path>
         <kind>archive</kind>
         <file>grlib.a</file>
         <name>display.obj</name>
      </input_file>
      <input_file id="fl-17">
         <path>C:\ti\simplelink_msp432p4_sdk_2_20_00_12\source\ti\grlib\lib\ccs\m4f\</path>
         <kind>archive</kind>
         <file>grlib.a</file>
         <name>fontcm28.obj</name>
      </input_file>
      <input_file id="fl-18">
         <path>C:\ti\simplelink_msp432p4_sdk_2_20_00_12\source\ti\grlib\lib\ccs\m4f\</path>
         <kind>archive</kind>
         <file>grlib.a</file>
         <name>fontfixed6x8.obj</name>
      </input_file>
      <input_file id="fl-19">
         <path>C:\ti\simplelink_msp432p4_sdk_2_20_00_12\source\ti\grlib\lib\ccs\m4f\</path>
         <kind>archive</kind>
         <file>grlib.a</file>
         <name>line.obj</name>
      </input_file>
      <input_file id="fl-1a">
         <path>C:\ti\simplelink_msp432p4_sdk_2_20_00_12\source\ti\grlib\lib\ccs\m4f\</path>
         <kind>archive</kind>
         <file>grlib.a</file>
         <name>rectangle.obj</name>
      </input_file>
      <input_file id="fl-1b">
         <path>C:\ti\simplelink_msp432p4_sdk_2_20_00_12\source\ti\grlib\lib\ccs\m4f\</path>
         <kind>archive</kind>
         <file>grlib.a</file>
         <name>string.obj</name>
      </input_file>
      <input_file id="fl-1c">
         <path>C:\ti\simplelink_msp432p4_sdk_2_20_00_12\source\ti\devices\msp432p4xx\driverlib\ccs\</path>
         <kind>archive</kind>
         <file>msp432p4xx_driverlib.lib</file>
         <name>adc14.o</name>
      </input_file>
      <input_file id="fl-1d">
         <path>C:\ti\simplelink_msp432p4_sdk_2_20_00_12\source\ti\devices\msp432p4xx\driverlib\ccs\</path>
         <kind>archive</kind>
         <file>msp432p4xx_driverlib.lib</file>
         <name>gpio.o</name>
      </input_file>
      <input_file id="fl-1e">
         <path>C:\ti\simplelink_msp432p4_sdk_2_20_00_12\source\ti\devices\msp432p4xx\driverlib\ccs\</path>
         <kind>archive</kind>
         <file>msp432p4xx_driverlib.lib</file>
         <name>interrupt.o</name>
      </input_file>
      <input_file id="fl-1f">
         <path>C:\ti\simplelink_msp432p4_sdk_2_20_00_12\source\ti\devices\msp432p4xx\driverlib\ccs\</path>
         <kind>archive</kind>
         <file>msp432p4xx_driverlib.lib</file>
         <name>spi.o</name>
      </input_file>
      <input_file id="fl-20">
         <path>C:\ti\simplelink_msp432p4_sdk_2_20_00_12\source\ti\devices\msp432p4xx\driverlib\ccs\</path>
         <kind>archive</kind>
         <file>msp432p4xx_driverlib.lib</file>
         <name>cpu.o</name>
      </input_file>
      <input_file id="fl-d6">
         <path>C:\ti\ccsv8\tools\compiler\ti-cgt-arm_18.1.2.LTS\lib\</path>
         <kind>archive</kind>
         <file>rtsv7M4_T_le_v4SPD16_eabi.lib</file>
         <name>fd_mul_t2.asm.obj</name>
      </input_file>
      <input_file id="fl-d7">
         <path>C:\ti\ccsv8\tools\compiler\ti-cgt-arm_18.1.2.LTS\lib\</path>
         <kind>archive</kind>
         <file>rtsv7M4_T_le_v4SPD16_eabi.lib</file>
         <name>fd_toi_t2.asm.obj</name>
      </input_file>
      <input_file id="fl-d8">
         <path>C:\ti\ccsv8\tools\compiler\ti-cgt-arm_18.1.2.LTS\lib\</path>
         <kind>archive</kind>
         <file>rtsv7M4_T_le_v4SPD16_eabi.lib</file>
         <name>i_tofd_t2.asm.obj</name>
      </input_file>
      <input_file id="fl-d9">
         <path>C:\ti\ccsv8\tools\compiler\ti-cgt-arm_18.1.2.LTS\lib\</path>
         <kind>archive</kind>
         <file>rtsv7M4_T_le_v4SPD16_eabi.lib</file>
         <name>copy_zero_init.c.obj</name>
      </input_file>
      <input_file id="fl-da">
         <path>C:\ti\ccsv8\tools\compiler\ti-cgt-arm_18.1.2.LTS\lib\</path>
         <kind>archive</kind>
         <file>rtsv7M4_T_le_v4SPD16_eabi.lib</file>
         <name>copy_decompress_none.c.obj</name>
      </input_file>
      <input_file id="fl-db">
         <path>C:\ti\ccsv8\tools\compiler\ti-cgt-arm_18.1.2.LTS\lib\</path>
         <kind>archive</kind>
         <file>rtsv7M4_T_le_v4SPD16_eabi.lib</file>
         <name>copy_decompress_lzss.c.obj</name>
      </input_file>
      <input_file id="fl-dc">
         <path>C:\ti\ccsv8\tools\compiler\ti-cgt-arm_18.1.2.LTS\lib\</path>
         <kind>archive</kind>
         <file>rtsv7M4_T_le_v4SPD16_eabi.lib</file>
         <name>boot_cortex_m.c.obj</name>
      </input_file>
      <input_file id="fl-dd">
         <path>C:\ti\ccsv8\tools\compiler\ti-cgt-arm_18.1.2.LTS\lib\</path>
         <kind>archive</kind>
         <file>rtsv7M4_T_le_v4SPD16_eabi.lib</file>
         <name>exit.c.obj</name>
      </input_file>
      <input_file id="fl-de">
         <path>C:\ti\ccsv8\tools\compiler\ti-cgt-arm_18.1.2.LTS\lib\</path>
         <kind>archive</kind>
         <file>rtsv7M4_T_le_v4SPD16_eabi.lib</file>
         <name>_lock.c.obj</name>
      </input_file>
      <input_file id="fl-df">
         <path>C:\ti\ccsv8\tools\compiler\ti-cgt-arm_18.1.2.LTS\lib\</path>
         <kind>archive</kind>
         <file>rtsv7M4_T_le_v4SPD16_eabi.lib</file>
         <name>args_main.c.obj</name>
      </input_file>
      <input_file id="fl-e0">
         <path>C:\ti\ccsv8\tools\compiler\ti-cgt-arm_18.1.2.LTS\lib\</path>
         <kind>archive</kind>
         <file>rtsv7M4_T_le_v4SPD16_eabi.lib</file>
         <name>printf.c.obj</name>
      </input_file>
      <input_file id="fl-e1">
         <path>C:\ti\ccsv8\tools\compiler\ti-cgt-arm_18.1.2.LTS\lib\</path>
         <kind>archive</kind>
         <file>rtsv7M4_T_le_v4SPD16_eabi.lib</file>
         <name>memset_t2.asm.obj</name>
      </input_file>
      <input_file id="fl-e2">
         <path>C:\ti\ccsv8\tools\compiler\ti-cgt-arm_18.1.2.LTS\lib\</path>
         <kind>archive</kind>
         <file>rtsv7M4_T_le_v4SPD16_eabi.lib</file>
         <name>memcpy_t2.asm.obj</name>
      </input_file>
      <input_file id="fl-e3">
         <path>C:\ti\ccsv8\tools\compiler\ti-cgt-arm_18.1.2.LTS\lib\</path>
         <kind>archive</kind>
         <file>rtsv7M4_T_le_v4SPD16_eabi.lib</file>
         <name>autoinit.c.obj</name>
      </input_file>
      <input_file id="fl-e4">
         <path>C:\ti\ccsv8\tools\compiler\ti-cgt-arm_18.1.2.LTS\lib\</path>
         <kind>archive</kind>
         <file>rtsv7M4_T_le_v4SPD16_eabi.lib</file>
         <name>pre_init.c.obj</name>
      </input_file>
      <input_file id="fl-e5">
         <path>C:\ti\ccsv8\tools\compiler\ti-cgt-arm_18.1.2.LTS\lib\</path>
         <kind>archive</kind>
         <file>rtsv7M4_T_le_v4SPD16_eabi.lib</file>
         <name>cpy_tbl.c.obj</name>
      </input_file>
      <input_file id="fl-e6">
         <path>C:\ti\ccsv8\tools\compiler\ti-cgt-arm_18.1.2.LTS\lib\</path>
         <kind>archive</kind>
         <file>rtsv7M4_T_le_v4SPD16_eabi.lib</file>
         <name>_printfi.c.obj</name>
      </input_file>
      <input_file id="fl-e7">
         <path>C:\ti\ccsv8\tools\compiler\ti-cgt-arm_18.1.2.LTS\lib\</path>
         <kind>archive</kind>
         <file>rtsv7M4_T_le_v4SPD16_eabi.lib</file>
         <name>atoi.c.obj</name>
      </input_file>
      <input_file id="fl-e8">
         <path>C:\ti\ccsv8\tools\compiler\ti-cgt-arm_18.1.2.LTS\lib\</path>
         <kind>archive</kind>
         <file>rtsv7M4_T_le_v4SPD16_eabi.lib</file>
         <name>ctype.c.obj</name>
      </input_file>
      <input_file id="fl-e9">
         <path>C:\ti\ccsv8\tools\compiler\ti-cgt-arm_18.1.2.LTS\lib\</path>
         <kind>archive</kind>
         <file>rtsv7M4_T_le_v4SPD16_eabi.lib</file>
         <name>defs.c.obj</name>
      </input_file>
      <input_file id="fl-ea">
         <path>C:\ti\ccsv8\tools\compiler\ti-cgt-arm_18.1.2.LTS\lib\</path>
         <kind>archive</kind>
         <file>rtsv7M4_T_le_v4SPD16_eabi.lib</file>
         <name>fputc.c.obj</name>
      </input_file>
      <input_file id="fl-eb">
         <path>C:\ti\ccsv8\tools\compiler\ti-cgt-arm_18.1.2.LTS\lib\</path>
         <kind>archive</kind>
         <file>rtsv7M4_T_le_v4SPD16_eabi.lib</file>
         <name>fputs.c.obj</name>
      </input_file>
      <input_file id="fl-ec">
         <path>C:\ti\ccsv8\tools\compiler\ti-cgt-arm_18.1.2.LTS\lib\</path>
         <kind>archive</kind>
         <file>rtsv7M4_T_le_v4SPD16_eabi.lib</file>
         <name>ltoa.c.obj</name>
      </input_file>
      <input_file id="fl-ed">
         <path>C:\ti\ccsv8\tools\compiler\ti-cgt-arm_18.1.2.LTS\lib\</path>
         <kind>archive</kind>
         <file>rtsv7M4_T_le_v4SPD16_eabi.lib</file>
         <name>memccpy.c.obj</name>
      </input_file>
      <input_file id="fl-ee">
         <path>C:\ti\ccsv8\tools\compiler\ti-cgt-arm_18.1.2.LTS\lib\</path>
         <kind>archive</kind>
         <file>rtsv7M4_T_le_v4SPD16_eabi.lib</file>
         <name>memchr.c.obj</name>
      </input_file>
      <input_file id="fl-ef">
         <path>C:\ti\ccsv8\tools\compiler\ti-cgt-arm_18.1.2.LTS\lib\</path>
         <kind>archive</kind>
         <file>rtsv7M4_T_le_v4SPD16_eabi.lib</file>
         <name>strchr.c.obj</name>
      </input_file>
      <input_file id="fl-f0">
         <path>C:\ti\ccsv8\tools\compiler\ti-cgt-arm_18.1.2.LTS\lib\</path>
         <kind>archive</kind>
         <file>rtsv7M4_T_le_v4SPD16_eabi.lib</file>
         <name>strlen.c.obj</name>
      </input_file>
      <input_file id="fl-f1">
         <path>C:\ti\ccsv8\tools\compiler\ti-cgt-arm_18.1.2.LTS\lib\</path>
         <kind>archive</kind>
         <file>rtsv7M4_T_le_v4SPD16_eabi.lib</file>
         <name>write.c.obj</name>
      </input_file>
      <input_file id="fl-f2">
         <path>C:\ti\ccsv8\tools\compiler\ti-cgt-arm_18.1.2.LTS\lib\</path>
         <kind>archive</kind>
         <file>rtsv7M4_T_le_v4SPD16_eabi.lib</file>
         <name>s_frexp.c.obj</name>
      </input_file>
      <input_file id="fl-f3">
         <path>C:\ti\ccsv8\tools\compiler\ti-cgt-arm_18.1.2.LTS\lib\</path>
         <kind>archive</kind>
         <file>rtsv7M4_T_le_v4SPD16_eabi.lib</file>
         <name>s_scalbn.c.obj</name>
      </input_file>
      <input_file id="fl-f4">
         <path>C:\ti\ccsv8\tools\compiler\ti-cgt-arm_18.1.2.LTS\lib\</path>
         <kind>archive</kind>
         <file>rtsv7M4_T_le_v4SPD16_eabi.lib</file>
         <name>s_copysign.c.obj</name>
      </input_file>
      <input_file id="fl-f5">
         <path>C:\ti\ccsv8\tools\compiler\ti-cgt-arm_18.1.2.LTS\lib\</path>
         <kind>archive</kind>
         <file>rtsv7M4_T_le_v4SPD16_eabi.lib</file>
         <name>wcslen.c.obj</name>
      </input_file>
      <input_file id="fl-f6">
         <path>C:\ti\ccsv8\tools\compiler\ti-cgt-arm_18.1.2.LTS\lib\</path>
         <kind>archive</kind>
         <file>rtsv7M4_T_le_v4SPD16_eabi.lib</file>
         <name>fd_add_t2.asm.obj</name>
      </input_file>
      <input_file id="fl-f7">
         <path>C:\ti\ccsv8\tools\compiler\ti-cgt-arm_18.1.2.LTS\lib\</path>
         <kind>archive</kind>
         <file>rtsv7M4_T_le_v4SPD16_eabi.lib</file>
         <name>fd_cmp_t2.asm.obj</name>
      </input_file>
      <input_file id="fl-f8">
         <path>C:\ti\ccsv8\tools\compiler\ti-cgt-arm_18.1.2.LTS\lib\</path>
         <kind>archive</kind>
         <file>rtsv7M4_T_le_v4SPD16_eabi.lib</file>
         <name>fd_div_t2.asm.obj</name>
      </input_file>
      <input_file id="fl-f9">
         <path>C:\ti\ccsv8\tools\compiler\ti-cgt-arm_18.1.2.LTS\lib\</path>
         <kind>archive</kind>
         <file>rtsv7M4_T_le_v4SPD16_eabi.lib</file>
         <name>ull_div_t2.asm.obj</name>
      </input_file>
      <input_file id="fl-fa">
         <path>C:\ti\ccsv8\tools\compiler\ti-cgt-arm_18.1.2.LTS\lib\</path>
         <kind>archive</kind>
         <file>rtsv7M4_T_le_v4SPD16_eabi.lib</file>
         <name>errno.c.obj</name>
      </input_file>
      <input_file id="fl-fb">
         <path>C:\ti\ccsv8\tools\compiler\ti-cgt-arm_18.1.2.LTS\lib\</path>
         <kind>archive</kind>
         <file>rtsv7M4_T_le_v4SPD16_eabi.lib</file>
         <name>_io_perm.c.obj</name>
      </input_file>
      <input_file id="fl-fc">
         <path>C:\ti\ccsv8\tools\compiler\ti-cgt-arm_18.1.2.LTS\lib\</path>
         <kind>archive</kind>
         <file>rtsv7M4_T_le_v4SPD16_eabi.lib</file>
         <name>fflush.c.obj</name>
      </input_file>
      <input_file id="fl-fd">
         <path>C:\ti\ccsv8\tools\compiler\ti-cgt-arm_18.1.2.LTS\lib\</path>
         <kind>archive</kind>
         <file>rtsv7M4_T_le_v4SPD16_eabi.lib</file>
         <name>fseek.c.obj</name>
      </input_file>
      <input_file id="fl-fe">
         <path>C:\ti\ccsv8\tools\compiler\ti-cgt-arm_18.1.2.LTS\lib\</path>
         <kind>archive</kind>
         <file>rtsv7M4_T_le_v4SPD16_eabi.lib</file>
         <name>lseek.c.obj</name>
      </input_file>
      <input_file id="fl-ff">
         <path>C:\ti\ccsv8\tools\compiler\ti-cgt-arm_18.1.2.LTS\lib\</path>
         <kind>archive</kind>
         <file>rtsv7M4_T_le_v4SPD16_eabi.lib</file>
         <name>setvbuf.c.obj</name>
      </input_file>
      <input_file id="fl-100">
         <path>C:\ti\ccsv8\tools\compiler\ti-cgt-arm_18.1.2.LTS\lib\</path>
         <kind>archive</kind>
         <file>rtsv7M4_T_le_v4SPD16_eabi.lib</file>
         <name>hostclose.c.obj</name>
      </input_file>
      <input_file id="fl-101">
         <path>C:\ti\ccsv8\tools\compiler\ti-cgt-arm_18.1.2.LTS\lib\</path>
         <kind>archive</kind>
         <file>rtsv7M4_T_le_v4SPD16_eabi.lib</file>
         <name>hostlseek.c.obj</name>
      </input_file>
      <input_file id="fl-102">
         <path>C:\ti\ccsv8\tools\compiler\ti-cgt-arm_18.1.2.LTS\lib\</path>
         <kind>archive</kind>
         <file>rtsv7M4_T_le_v4SPD16_eabi.lib</file>
         <name>hostopen.c.obj</name>
      </input_file>
      <input_file id="fl-103">
         <path>C:\ti\ccsv8\tools\compiler\ti-cgt-arm_18.1.2.LTS\lib\</path>
         <kind>archive</kind>
         <file>rtsv7M4_T_le_v4SPD16_eabi.lib</file>
         <name>hostread.c.obj</name>
      </input_file>
      <input_file id="fl-104">
         <path>C:\ti\ccsv8\tools\compiler\ti-cgt-arm_18.1.2.LTS\lib\</path>
         <kind>archive</kind>
         <file>rtsv7M4_T_le_v4SPD16_eabi.lib</file>
         <name>hostrename.c.obj</name>
      </input_file>
      <input_file id="fl-105">
         <path>C:\ti\ccsv8\tools\compiler\ti-cgt-arm_18.1.2.LTS\lib\</path>
         <kind>archive</kind>
         <file>rtsv7M4_T_le_v4SPD16_eabi.lib</file>
         <name>hostunlink.c.obj</name>
      </input_file>
      <input_file id="fl-106">
         <path>C:\ti\ccsv8\tools\compiler\ti-cgt-arm_18.1.2.LTS\lib\</path>
         <kind>archive</kind>
         <file>rtsv7M4_T_le_v4SPD16_eabi.lib</file>
         <name>hostwrite.c.obj</name>
      </input_file>
      <input_file id="fl-107">
         <path>C:\ti\ccsv8\tools\compiler\ti-cgt-arm_18.1.2.LTS\lib\</path>
         <kind>archive</kind>
         <file>rtsv7M4_T_le_v4SPD16_eabi.lib</file>
         <name>trgmsg.c.obj</name>
      </input_file>
      <input_file id="fl-108">
         <path>C:\ti\ccsv8\tools\compiler\ti-cgt-arm_18.1.2.LTS\lib\</path>
         <kind>archive</kind>
         <file>rtsv7M4_T_le_v4SPD16_eabi.lib</file>
         <name>div0.asm.obj</name>
      </input_file>
      <input_file id="fl-109">
         <path>C:\ti\ccsv8\tools\compiler\ti-cgt-arm_18.1.2.LTS\lib\</path>
         <kind>archive</kind>
         <file>rtsv7M4_T_le_v4SPD16_eabi.lib</file>
         <name>memory.c.obj</name>
      </input_file>
      <input_file id="fl-10a">
         <path>C:\ti\ccsv8\tools\compiler\ti-cgt-arm_18.1.2.LTS\lib\</path>
         <kind>archive</kind>
         <file>rtsv7M4_T_le_v4SPD16_eabi.lib</file>
         <name>fopen.c.obj</name>
      </input_file>
      <input_file id="fl-10b">
         <path>C:\ti\ccsv8\tools\compiler\ti-cgt-arm_18.1.2.LTS\lib\</path>
         <kind>archive</kind>
         <file>rtsv7M4_T_le_v4SPD16_eabi.lib</file>
         <name>open.c.obj</name>
      </input_file>
      <input_file id="fl-10c">
         <path>C:\ti\ccsv8\tools\compiler\ti-cgt-arm_18.1.2.LTS\lib\</path>
         <kind>archive</kind>
         <file>rtsv7M4_T_le_v4SPD16_eabi.lib</file>
         <name>strcpy.c.obj</name>
      </input_file>
      <input_file id="fl-10d">
         <path>C:\ti\ccsv8\tools\compiler\ti-cgt-arm_18.1.2.LTS\lib\</path>
         <kind>archive</kind>
         <file>rtsv7M4_T_le_v4SPD16_eabi.lib</file>
         <name>fclose.c.obj</name>
      </input_file>
      <input_file id="fl-10e">
         <path>C:\ti\ccsv8\tools\compiler\ti-cgt-arm_18.1.2.LTS\lib\</path>
         <kind>archive</kind>
         <file>rtsv7M4_T_le_v4SPD16_eabi.lib</file>
         <name>getdevice.c.obj</name>
      </input_file>
      <input_file id="fl-10f">
         <path>C:\ti\ccsv8\tools\compiler\ti-cgt-arm_18.1.2.LTS\lib\</path>
         <kind>archive</kind>
         <file>rtsv7M4_T_le_v4SPD16_eabi.lib</file>
         <name>remove.c.obj</name>
      </input_file>
      <input_file id="fl-110">
         <path>C:\ti\ccsv8\tools\compiler\ti-cgt-arm_18.1.2.LTS\lib\</path>
         <kind>archive</kind>
         <file>rtsv7M4_T_le_v4SPD16_eabi.lib</file>
         <name>strcmp.c.obj</name>
      </input_file>
      <input_file id="fl-111">
         <path>C:\ti\ccsv8\tools\compiler\ti-cgt-arm_18.1.2.LTS\lib\</path>
         <kind>archive</kind>
         <file>rtsv7M4_T_le_v4SPD16_eabi.lib</file>
         <name>strncpy.c.obj</name>
      </input_file>
      <input_file id="fl-112">
         <path>C:\ti\ccsv8\tools\compiler\ti-cgt-arm_18.1.2.LTS\lib\</path>
         <kind>archive</kind>
         <file>rtsv7M4_T_le_v4SPD16_eabi.lib</file>
         <name>unlink.c.obj</name>
      </input_file>
      <input_file id="fl-113">
         <path>C:\ti\ccsv8\tools\compiler\ti-cgt-arm_18.1.2.LTS\lib\</path>
         <kind>archive</kind>
         <file>rtsv7M4_T_le_v4SPD16_eabi.lib</file>
         <name>close.c.obj</name>
      </input_file>
   </input_file_list>
   <object_component_list>
      <object_component id="oc-23">
         <name>.intvecs:retain</name>
         <load_address>0x0</load_address>
         <run_address>0x0</run_address>
         <size>0xe4</size>
         <input_file_ref idref="fl-8"/>
      </object_component>
      <object_component id="oc-16b">
         <name>.text:__TI_printfi</name>
         <load_address>0xe4</load_address>
         <run_address>0xe4</run_address>
         <size>0xa5e</size>
         <input_file_ref idref="fl-e6"/>
      </object_component>
      <object_component id="oc-208">
         <name>.text:_ZN4Ball18CheckBallCollisionEv</name>
         <load_address>0xb42</load_address>
         <run_address>0xb42</run_address>
         <size>0x652</size>
         <input_file_ref idref="fl-2"/>
      </object_component>
      <object_component id="oc-216">
         <name>.text:Graphics_drawString</name>
         <load_address>0x1194</load_address>
         <run_address>0x1194</run_address>
         <size>0x47e</size>
         <input_file_ref idref="fl-1b"/>
      </object_component>
      <object_component id="oc-6d">
         <name>.text:Default_Handler</name>
         <load_address>0x1612</load_address>
         <run_address>0x1612</run_address>
         <size>0x2</size>
         <input_file_ref idref="fl-8"/>
      </object_component>
      <object_component id="oc-2c9">
         <name>.text:_pconv_a</name>
         <load_address>0x1614</load_address>
         <run_address>0x1614</run_address>
         <size>0x270</size>
         <input_file_ref idref="fl-e6"/>
      </object_component>
      <object_component id="oc-20e">
         <name>.text:Graphics_drawCircle</name>
         <load_address>0x1884</load_address>
         <run_address>0x1884</run_address>
         <size>0x26e</size>
         <input_file_ref idref="fl-14"/>
      </object_component>
      <object_component id="oc-1ed">
         <name>.text:Graphics_fillCircle</name>
         <load_address>0x1af2</load_address>
         <run_address>0x1af2</run_address>
         <size>0x22a</size>
         <input_file_ref idref="fl-14"/>
      </object_component>
      <object_component id="oc-f9">
         <name>.text:_Z10CreateMazev</name>
         <load_address>0x1d1c</load_address>
         <run_address>0x1d1c</run_address>
         <size>0x1e0</size>
         <input_file_ref idref="fl-3"/>
      </object_component>
      <object_component id="oc-36e">
         <name>.text:_ZN52_INTERNAL_30_Crystalfontz128x128_ST7735_cpp_acdafc1437Crystalfontz128x128_PixelDrawMultipleEPK16Graphics_DisplaysssssPKhPKj</name>
         <load_address>0x1efc</load_address>
         <run_address>0x1efc</run_address>
         <size>0x1d8</size>
         <input_file_ref idref="fl-6"/>
      </object_component>
      <object_component id="oc-2b7">
         <name>.text:_pconv_g</name>
         <load_address>0x20d4</load_address>
         <run_address>0x20d4</run_address>
         <size>0x1d0</size>
         <input_file_ref idref="fl-e6"/>
      </object_component>
      <object_component id="oc-438">
         <name>.text</name>
         <load_address>0x22a4</load_address>
         <run_address>0x22a4</run_address>
         <size>0x1b6</size>
         <input_file_ref idref="fl-f6"/>
      </object_component>
      <object_component id="oc-3c4">
         <name>.text:Graphics_clipLine</name>
         <load_address>0x245a</load_address>
         <run_address>0x245a</run_address>
         <size>0x180</size>
         <input_file_ref idref="fl-19"/>
      </object_component>
      <object_component id="oc-1f3">
         <name>.text:Graphics_drawLine</name>
         <load_address>0x25da</load_address>
         <run_address>0x25da</run_address>
         <size>0x174</size>
         <input_file_ref idref="fl-19"/>
      </object_component>
      <object_component id="oc-2ed">
         <name>.text:_nop</name>
         <load_address>0x274e</load_address>
         <run_address>0x274e</run_address>
         <size>0x2</size>
         <input_file_ref idref="fl-de"/>
      </object_component>
      <object_component id="oc-5ff">
         <name>.text:_getIndexForMemRegister</name>
         <load_address>0x2750</load_address>
         <run_address>0x2750</run_address>
         <size>0x160</size>
         <input_file_ref idref="fl-1c"/>
      </object_component>
      <object_component id="oc-2c3">
         <name>.text:_pconv_e</name>
         <load_address>0x28b0</load_address>
         <run_address>0x28b0</run_address>
         <size>0x13c</size>
         <input_file_ref idref="fl-e6"/>
      </object_component>
      <object_component id="oc-41e">
         <name>.text</name>
         <load_address>0x29ec</load_address>
         <run_address>0x29ec</run_address>
         <size>0x136</size>
         <input_file_ref idref="fl-f8"/>
      </object_component>
      <object_component id="oc-529">
         <name>.text</name>
         <load_address>0x2b22</load_address>
         <run_address>0x2b22</run_address>
         <size>0x2</size>
         <input_file_ref idref="fl-108"/>
      </object_component>
      <object_component id="oc-34a">
         <name>.text:_Z32Crystalfontz128x128_SetDrawFrametttt</name>
         <load_address>0x2b24</load_address>
         <run_address>0x2b24</run_address>
         <size>0x134</size>
         <input_file_ref idref="fl-6"/>
      </object_component>
      <object_component id="oc-190">
         <name>.text:_Z24Crystalfontz128x128_Initv</name>
         <load_address>0x2c58</load_address>
         <run_address>0x2c58</run_address>
         <size>0x12c</size>
         <input_file_ref idref="fl-6"/>
      </object_component>
      <object_component id="oc-44a">
         <name>.text:fcvt</name>
         <load_address>0x2d84</load_address>
         <run_address>0x2d84</run_address>
         <size>0x120</size>
         <input_file_ref idref="fl-e6"/>
      </object_component>
      <object_component id="oc-2fb">
         <name>.text:fputs</name>
         <load_address>0x2ea4</load_address>
         <run_address>0x2ea4</run_address>
         <size>0x114</size>
         <input_file_ref idref="fl-eb"/>
      </object_component>
      <object_component id="oc-45e">
         <name>.text:scalbn</name>
         <load_address>0x2fb8</load_address>
         <run_address>0x2fb8</run_address>
         <size>0x110</size>
         <input_file_ref idref="fl-f3"/>
      </object_component>
      <object_component id="oc-e7">
         <name>.text:_Z11SetupScreenv</name>
         <load_address>0x30c8</load_address>
         <run_address>0x30c8</run_address>
         <size>0x104</size>
         <input_file_ref idref="fl-3"/>
      </object_component>
      <object_component id="oc-419">
         <name>.text</name>
         <load_address>0x31cc</load_address>
         <run_address>0x31cc</run_address>
         <size>0xfc</size>
         <input_file_ref idref="fl-d6"/>
      </object_component>
      <object_component id="oc-564">
         <name>.text:setvbuf</name>
         <load_address>0x32c8</load_address>
         <run_address>0x32c8</run_address>
         <size>0xdc</size>
         <input_file_ref idref="fl-ff"/>
      </object_component>
      <object_component id="oc-5bc">
         <name>.text:free</name>
         <load_address>0x33a4</load_address>
         <run_address>0x33a4</run_address>
         <size>0xd8</size>
         <input_file_ref idref="fl-109"/>
      </object_component>
      <object_component id="oc-ed">
         <name>.text:_Z18SetupAccelerometerv</name>
         <load_address>0x347c</load_address>
         <run_address>0x347c</run_address>
         <size>0xc0</size>
         <input_file_ref idref="fl-4"/>
      </object_component>
      <object_component id="oc-3d6">
         <name>.text:_ZN4Ball15GetBallPositionEv</name>
         <load_address>0x353c</load_address>
         <run_address>0x353c</run_address>
         <size>0xb4</size>
         <input_file_ref idref="fl-2"/>
      </object_component>
      <object_component id="oc-2ac">
         <name>.text:_ltostr</name>
         <load_address>0x35f0</load_address>
         <run_address>0x35f0</run_address>
         <size>0xb1</size>
         <input_file_ref idref="fl-e6"/>
      </object_component>
      <object_component id="oc-4b8">
         <name>.text:SPI_initMaster</name>
         <load_address>0x36a2</load_address>
         <run_address>0x36a2</run_address>
         <size>0xb0</size>
         <input_file_ref idref="fl-1f"/>
      </object_component>
      <object_component id="oc-1e7">
         <name>.text:Graphics_drawRectangle</name>
         <load_address>0x3752</load_address>
         <run_address>0x3752</run_address>
         <size>0xa2</size>
         <input_file_ref idref="fl-1a"/>
      </object_component>
      <object_component id="oc-3b4">
         <name>.text:Graphics_drawLineH</name>
         <load_address>0x37f4</load_address>
         <run_address>0x37f4</run_address>
         <size>0x9c</size>
         <input_file_ref idref="fl-19"/>
      </object_component>
      <object_component id="oc-3ba">
         <name>.text:Graphics_drawLineV</name>
         <load_address>0x3890</load_address>
         <run_address>0x3890</run_address>
         <size>0x9c</size>
         <input_file_ref idref="fl-19"/>
      </object_component>
      <object_component id="oc-380">
         <name>.text:_ZN52_INTERNAL_30_Crystalfontz128x128_ST7735_cpp_acdafc1428Crystalfontz128x128_RectFillEPK16Graphics_DisplayPK18Graphics_Rectanglet</name>
         <load_address>0x392c</load_address>
         <run_address>0x392c</run_address>
         <size>0x9c</size>
         <input_file_ref idref="fl-6"/>
      </object_component>
      <object_component id="oc-37">
         <name>.text</name>
         <load_address>0x39c8</load_address>
         <run_address>0x39c8</run_address>
         <size>0x9c</size>
         <input_file_ref idref="fl-e2"/>
      </object_component>
      <object_component id="oc-412">
         <name>.text</name>
         <load_address>0x3a64</load_address>
         <run_address>0x3a64</run_address>
         <size>0x96</size>
         <input_file_ref idref="fl-f9"/>
      </object_component>
      <object_component id="oc-302">
         <name>.text:fputc</name>
         <load_address>0x3afc</load_address>
         <run_address>0x3afc</run_address>
         <size>0x8c</size>
         <input_file_ref idref="fl-ea"/>
      </object_component>
      <object_component id="oc-a3">
         <name>.text:main</name>
         <load_address>0x3b88</load_address>
         <run_address>0x3b88</run_address>
         <size>0x8c</size>
         <input_file_ref idref="fl-4"/>
      </object_component>
      <object_component id="oc-4ab">
         <name>.text:GPIO_setAsPeripheralModuleFunctionOutputPin</name>
         <load_address>0x3c14</load_address>
         <run_address>0x3c14</run_address>
         <size>0x88</size>
         <input_file_ref idref="fl-1d"/>
      </object_component>
      <object_component id="oc-2b2">
         <name>.text:__aeabi_cdcmple</name>
         <load_address>0x3c9c</load_address>
         <run_address>0x3c9c</run_address>
         <size>0x86</size>
         <input_file_ref idref="fl-f7"/>
      </object_component>
      <object_component id="oc-423">
         <name>.text:__aeabi_cdrcmple</name>
         <load_address>0x3d22</load_address>
         <run_address>0x3d22</run_address>
         <size>0x86</size>
         <input_file_ref idref="fl-f7"/>
      </object_component>
      <object_component id="oc-97">
         <name>.text</name>
         <load_address>0x3da8</load_address>
         <run_address>0x3da8</run_address>
         <size>0x7a</size>
         <input_file_ref idref="fl-e1"/>
      </object_component>
      <object_component id="oc-b5">
         <name>.text:SystemInit</name>
         <load_address>0x3e24</load_address>
         <run_address>0x3e24</run_address>
         <size>0x78</size>
         <input_file_ref idref="fl-5"/>
      </object_component>
      <object_component id="oc-5c2">
         <name>.text:malloc</name>
         <load_address>0x3e9c</load_address>
         <run_address>0x3e9c</run_address>
         <size>0x78</size>
         <input_file_ref idref="fl-109"/>
      </object_component>
      <object_component id="oc-624">
         <name>.text:__TI_closefile</name>
         <load_address>0x3f14</load_address>
         <run_address>0x3f14</run_address>
         <size>0x74</size>
         <input_file_ref idref="fl-10d"/>
      </object_component>
      <object_component id="oc-443">
         <name>.text:_mcpy</name>
         <load_address>0x3f88</load_address>
         <run_address>0x3f88</run_address>
         <size>0x6e</size>
         <input_file_ref idref="fl-e6"/>
      </object_component>
      <object_component id="oc-648">
         <name>.text:HOSTlseek</name>
         <load_address>0x3ff8</load_address>
         <run_address>0x3ff8</run_address>
         <size>0x68</size>
         <input_file_ref idref="fl-101"/>
      </object_component>
      <object_component id="oc-654">
         <name>.text:HOSTrename</name>
         <load_address>0x4060</load_address>
         <run_address>0x4060</run_address>
         <size>0x68</size>
         <input_file_ref idref="fl-104"/>
      </object_component>
      <object_component id="oc-14">
         <name>.text:decompress:lzss:__TI_decompress_lzss</name>
         <load_address>0x40c8</load_address>
         <run_address>0x40c8</run_address>
         <size>0x68</size>
         <input_file_ref idref="fl-db"/>
      </object_component>
      <object_component id="oc-bd">
         <name>.text:printf</name>
         <load_address>0x4130</load_address>
         <run_address>0x4130</run_address>
         <size>0x68</size>
         <input_file_ref idref="fl-e0"/>
      </object_component>
      <object_component id="oc-4fc">
         <name>.text:Graphics_getClipCode</name>
         <load_address>0x4198</load_address>
         <run_address>0x4198</run_address>
         <size>0x64</size>
         <input_file_ref idref="fl-19"/>
      </object_component>
      <object_component id="oc-105">
         <name>.text:_ZN4Ball9PrintBallEv</name>
         <load_address>0x41fc</load_address>
         <run_address>0x41fc</run_address>
         <size>0x64</size>
         <input_file_ref idref="fl-2"/>
      </object_component>
      <object_component id="oc-458">
         <name>.text:frexp</name>
         <load_address>0x4260</load_address>
         <run_address>0x4260</run_address>
         <size>0x64</size>
         <input_file_ref idref="fl-f2"/>
      </object_component>
      <object_component id="oc-55e">
         <name>.text:fseek</name>
         <load_address>0x42c4</load_address>
         <run_address>0x42c4</run_address>
         <size>0x64</size>
         <input_file_ref idref="fl-fd"/>
      </object_component>
      <object_component id="oc-48f">
         <name>.text:__TI_wrt_ok</name>
         <load_address>0x4328</load_address>
         <run_address>0x4328</run_address>
         <size>0x62</size>
         <input_file_ref idref="fl-fb"/>
      </object_component>
      <object_component id="oc-630">
         <name>.text:HOSTopen</name>
         <load_address>0x438c</load_address>
         <run_address>0x438c</run_address>
         <size>0x60</size>
         <input_file_ref idref="fl-102"/>
      </object_component>
      <object_component id="oc-374">
         <name>.text:_ZN52_INTERNAL_30_Crystalfontz128x128_ST7735_cpp_acdafc1429Crystalfontz128x128_LineDrawHEPK16Graphics_Displayssst</name>
         <load_address>0x43ec</load_address>
         <run_address>0x43ec</run_address>
         <size>0x60</size>
         <input_file_ref idref="fl-6"/>
      </object_component>
      <object_component id="oc-37a">
         <name>.text:_ZN52_INTERNAL_30_Crystalfontz128x128_ST7735_cpp_acdafc1429Crystalfontz128x128_LineDrawVEPK16Graphics_Displayssst</name>
         <load_address>0x444c</load_address>
         <run_address>0x444c</run_address>
         <size>0x60</size>
         <input_file_ref idref="fl-6"/>
      </object_component>
      <object_component id="oc-667">
         <name>.text:close</name>
         <load_address>0x44ac</load_address>
         <run_address>0x44ac</run_address>
         <size>0x5c</size>
         <input_file_ref idref="fl-113"/>
      </object_component>
      <object_component id="oc-3dd">
         <name>.text:Graphics_drawPixel</name>
         <load_address>0x4508</load_address>
         <run_address>0x4508</run_address>
         <size>0x5a</size>
         <input_file_ref idref="fl-15"/>
      </object_component>
      <object_component id="oc-63c">
         <name>.text:HOSTread</name>
         <load_address>0x4564</load_address>
         <run_address>0x4564</run_address>
         <size>0x58</size>
         <input_file_ref idref="fl-103"/>
      </object_component>
      <object_component id="oc-642">
         <name>.text:HOSTwrite</name>
         <load_address>0x45bc</load_address>
         <run_address>0x45bc</run_address>
         <size>0x58</size>
         <input_file_ref idref="fl-106"/>
      </object_component>
      <object_component id="oc-2bd">
         <name>.text:_pconv_f</name>
         <load_address>0x4614</load_address>
         <run_address>0x4614</run_address>
         <size>0x56</size>
         <input_file_ref idref="fl-e6"/>
      </object_component>
      <object_component id="oc-1c0">
         <name>.text:ADC14_initModule</name>
         <load_address>0x466c</load_address>
         <run_address>0x466c</run_address>
         <size>0x54</size>
         <input_file_ref idref="fl-1c"/>
      </object_component>
      <object_component id="oc-196">
         <name>.text:_Z34Crystalfontz128x128_SetOrientationh</name>
         <load_address>0x46c0</load_address>
         <run_address>0x46c0</run_address>
         <size>0x54</size>
         <input_file_ref idref="fl-6"/>
      </object_component>
      <object_component id="oc-42d">
         <name>.text:ltoa</name>
         <load_address>0x4714</load_address>
         <run_address>0x4714</run_address>
         <size>0x54</size>
         <input_file_ref idref="fl-ec"/>
      </object_component>
      <object_component id="oc-19c">
         <name>.text:Graphics_initContext</name>
         <load_address>0x4768</load_address>
         <run_address>0x4768</run_address>
         <size>0x52</size>
         <input_file_ref idref="fl-15"/>
      </object_component>
      <object_component id="oc-43d">
         <name>.text:_ecpy</name>
         <load_address>0x47ba</load_address>
         <run_address>0x47ba</run_address>
         <size>0x52</size>
         <input_file_ref idref="fl-e6"/>
      </object_component>
      <object_component id="oc-ff">
         <name>.text:_ZN4BallC1EhhP16Graphics_Context</name>
         <load_address>0x480c</load_address>
         <run_address>0x480c</run_address>
         <size>0x4c</size>
         <input_file_ref idref="fl-2"/>
      </object_component>
      <object_component id="oc-49b">
         <name>.text:__TI_doflush</name>
         <load_address>0x4858</load_address>
         <run_address>0x4858</run_address>
         <size>0x4c</size>
         <input_file_ref idref="fl-fc"/>
      </object_component>
      <object_component id="oc-2a6">
         <name>.text:atoi</name>
         <load_address>0x48a4</load_address>
         <run_address>0x48a4</run_address>
         <size>0x4c</size>
         <input_file_ref idref="fl-e7"/>
      </object_component>
      <object_component id="oc-1d2">
         <name>.text:_ZN25_INTERNAL_8_main_cpp_main18__NVIC_SetPriorityE4IRQnj</name>
         <load_address>0x48f0</load_address>
         <run_address>0x48f0</run_address>
         <size>0x48</size>
         <input_file_ref idref="fl-4"/>
      </object_component>
      <object_component id="oc-111">
         <name>.text:_ZN4Ball9GameEndedEv</name>
         <load_address>0x4938</load_address>
         <run_address>0x4938</run_address>
         <size>0x48</size>
         <input_file_ref idref="fl-2"/>
      </object_component>
      <object_component id="oc-132">
         <name>.text:exit</name>
         <load_address>0x4980</load_address>
         <run_address>0x4980</run_address>
         <size>0x48</size>
         <input_file_ref idref="fl-dd"/>
      </object_component>
      <object_component id="oc-428">
         <name>.text</name>
         <load_address>0x49c8</load_address>
         <run_address>0x49c8</run_address>
         <size>0x48</size>
         <input_file_ref idref="fl-d7"/>
      </object_component>
      <object_component id="oc-636">
         <name>.text:HOSTclose</name>
         <load_address>0x4a10</load_address>
         <run_address>0x4a10</run_address>
         <size>0x44</size>
         <input_file_ref idref="fl-100"/>
      </object_component>
      <object_component id="oc-64e">
         <name>.text:HOSTunlink</name>
         <load_address>0x4a54</load_address>
         <run_address>0x4a54</run_address>
         <size>0x44</size>
         <input_file_ref idref="fl-105"/>
      </object_component>
      <object_component id="oc-138">
         <name>.text:__TI_auto_init_nobinit_nopinit:__TI_auto_init_nobinit_nopinit</name>
         <load_address>0x4a98</load_address>
         <run_address>0x4a98</run_address>
         <size>0x44</size>
         <input_file_ref idref="fl-e3"/>
      </object_component>
      <object_component id="oc-69e">
         <name>.text:getdevice</name>
         <load_address>0x4adc</load_address>
         <run_address>0x4adc</run_address>
         <size>0x44</size>
         <input_file_ref idref="fl-10e"/>
      </object_component>
      <object_component id="oc-4b1">
         <name>.text:GPIO_setAsOutputPin</name>
         <load_address>0x4b20</load_address>
         <run_address>0x4b20</run_address>
         <size>0x40</size>
         <input_file_ref idref="fl-1d"/>
      </object_component>
      <object_component id="oc-3e4">
         <name>.text:Graphics_getNumberOfLeadingZeros</name>
         <load_address>0x4b60</load_address>
         <run_address>0x4b60</run_address>
         <size>0x40</size>
         <input_file_ref idref="fl-1b"/>
      </object_component>
      <object_component id="oc-32c">
         <name>.text:_Z15HAL_LCD_SpiInitv</name>
         <load_address>0x4ba0</load_address>
         <run_address>0x4ba0</run_address>
         <size>0x40</size>
         <input_file_ref idref="fl-7"/>
      </object_component>
      <object_component id="oc-368">
         <name>.text:_ZN52_INTERNAL_30_Crystalfontz128x128_ST7735_cpp_acdafc1429Crystalfontz128x128_PixelDrawEPK16Graphics_Displaysst</name>
         <load_address>0x4be0</load_address>
         <run_address>0x4be0</run_address>
         <size>0x40</size>
         <input_file_ref idref="fl-6"/>
      </object_component>
      <object_component id="oc-57b">
         <name>.text:is_A_Module</name>
         <load_address>0x4c20</load_address>
         <run_address>0x4c20</run_address>
         <size>0x40</size>
         <input_file_ref idref="fl-1f"/>
      </object_component>
      <object_component id="oc-450">
         <name>.text:_fcpy</name>
         <load_address>0x4c60</load_address>
         <run_address>0x4c60</run_address>
         <size>0x3e</size>
         <input_file_ref idref="fl-e6"/>
      </object_component>
      <object_component id="oc-73">
         <name>.text:ADC14_IRQHandler</name>
         <load_address>0x4ca0</load_address>
         <run_address>0x4ca0</run_address>
         <size>0x3c</size>
         <input_file_ref idref="fl-4"/>
      </object_component>
      <object_component id="oc-619">
         <name>.text:minsert</name>
         <load_address>0x4cdc</load_address>
         <run_address>0x4cdc</run_address>
         <size>0x3c</size>
         <input_file_ref idref="fl-109"/>
      </object_component>
      <object_component id="oc-33e">
         <name>.text:_Z20HAL_LCD_writeCommandh</name>
         <load_address>0x4d18</load_address>
         <run_address>0x4d18</run_address>
         <size>0x38</size>
         <input_file_ref idref="fl-7"/>
      </object_component>
      <object_component id="oc-678">
         <name>.text:__TI_writemsg</name>
         <load_address>0x4d50</load_address>
         <run_address>0x4d50</run_address>
         <size>0x38</size>
         <input_file_ref idref="fl-107"/>
      </object_component>
      <object_component id="oc-55">
         <name>.text:_c_int00_noargs:_c_int00_noargs</name>
         <load_address>0x4d88</load_address>
         <run_address>0x4d88</run_address>
         <size>0x38</size>
         <input_file_ref idref="fl-dc"/>
      </object_component>
      <object_component id="oc-60d">
         <name>.text:minit</name>
         <load_address>0x4dc0</load_address>
         <run_address>0x4dc0</run_address>
         <size>0x38</size>
         <input_file_ref idref="fl-109"/>
      </object_component>
      <object_component id="oc-4ea">
         <name>.text:Graphics_drawHorizontalLineOnDisplay</name>
         <load_address>0x4df8</load_address>
         <run_address>0x4df8</run_address>
         <size>0x36</size>
         <input_file_ref idref="fl-16"/>
      </object_component>
      <object_component id="oc-4f1">
         <name>.text:Graphics_drawVerticalLineOnDisplay</name>
         <load_address>0x4e2e</load_address>
         <run_address>0x4e2e</run_address>
         <size>0x36</size>
         <input_file_ref idref="fl-16"/>
      </object_component>
      <object_component id="oc-6c0">
         <name>.text:strncpy</name>
         <load_address>0x4e64</load_address>
         <run_address>0x4e64</run_address>
         <size>0x36</size>
         <input_file_ref idref="fl-111"/>
      </object_component>
      <object_component id="oc-5c8">
         <name>.text:__TI_cleanup</name>
         <load_address>0x4e9c</load_address>
         <run_address>0x4e9c</run_address>
         <size>0x34</size>
         <input_file_ref idref="fl-10a"/>
      </object_component>
      <object_component id="oc-67e">
         <name>.text:__TI_readmsg</name>
         <load_address>0x4ed0</load_address>
         <run_address>0x4ed0</run_address>
         <size>0x34</size>
         <input_file_ref idref="fl-107"/>
      </object_component>
      <object_component id="oc-1c6">
         <name>.text:ADC14_setResultFormat</name>
         <load_address>0x4f04</load_address>
         <run_address>0x4f04</run_address>
         <size>0x30</size>
         <input_file_ref idref="fl-1c"/>
      </object_component>
      <object_component id="oc-506">
         <name>.text:_Z12GetAccelDatav</name>
         <load_address>0x4f34</load_address>
         <run_address>0x4f34</run_address>
         <size>0x30</size>
         <input_file_ref idref="fl-3"/>
      </object_component>
      <object_component id="oc-326">
         <name>.text:_Z16HAL_LCD_PortInitv</name>
         <load_address>0x4f64</load_address>
         <run_address>0x4f64</run_address>
         <size>0x30</size>
         <input_file_ref idref="fl-7"/>
      </object_component>
      <object_component id="oc-1d8">
         <name>.text:_ZN25_INTERNAL_8_main_cpp_main16__NVIC_EnableIRQE4IRQn</name>
         <load_address>0x4f94</load_address>
         <run_address>0x4f94</run_address>
         <size>0x30</size>
         <input_file_ref idref="fl-4"/>
      </object_component>
      <object_component id="oc-6c6">
         <name>.text:finddevice</name>
         <load_address>0x4fc4</load_address>
         <run_address>0x4fc4</run_address>
         <size>0x30</size>
         <input_file_ref idref="fl-10e"/>
      </object_component>
      <object_component id="oc-10b">
         <name>.text:_ZN4Ball18BallReachingTargetEv</name>
         <load_address>0x4ff4</load_address>
         <run_address>0x4ff4</run_address>
         <size>0x2e</size>
         <input_file_ref idref="fl-2"/>
      </object_component>
      <object_component id="oc-433">
         <name>.text</name>
         <load_address>0x5022</load_address>
         <run_address>0x5022</run_address>
         <size>0x2e</size>
         <input_file_ref idref="fl-d8"/>
      </object_component>
      <object_component id="oc-3ca">
         <name>.text:Graphics_drawPixelOnDisplay</name>
         <load_address>0x5050</load_address>
         <run_address>0x5050</run_address>
         <size>0x2c</size>
         <input_file_ref idref="fl-16"/>
      </object_component>
      <object_component id="oc-344">
         <name>.text:_Z17HAL_LCD_writeDatah</name>
         <load_address>0x507c</load_address>
         <run_address>0x507c</run_address>
         <size>0x2c</size>
         <input_file_ref idref="fl-7"/>
      </object_component>
      <object_component id="oc-392">
         <name>.text:_ZN52_INTERNAL_30_Crystalfontz128x128_ST7735_cpp_acdafc1431Crystalfontz128x128_ClearScreenEPK16Graphics_Displayt</name>
         <load_address>0x50a8</load_address>
         <run_address>0x50a8</run_address>
         <size>0x2c</size>
         <input_file_ref idref="fl-6"/>
      </object_component>
      <object_component id="oc-66d">
         <name>.text:unlink</name>
         <load_address>0x50d4</load_address>
         <run_address>0x50d4</run_address>
         <size>0x2c</size>
         <input_file_ref idref="fl-112"/>
      </object_component>
      <object_component id="oc-338">
         <name>.text:GPIO_setOutputHighOnPin</name>
         <load_address>0x5100</load_address>
         <run_address>0x5100</run_address>
         <size>0x28</size>
         <input_file_ref idref="fl-1d"/>
      </object_component>
      <object_component id="oc-332">
         <name>.text:GPIO_setOutputLowOnPin</name>
         <load_address>0x5128</load_address>
         <run_address>0x5128</run_address>
         <size>0x28</size>
         <input_file_ref idref="fl-1d"/>
      </object_component>
      <object_component id="oc-386">
         <name>.text:_ZN52_INTERNAL_30_Crystalfontz128x128_ST7735_cpp_acdafc1434Crystalfontz128x128_ColorTranslateEPK16Graphics_Displayj</name>
         <load_address>0x5150</load_address>
         <run_address>0x5150</run_address>
         <size>0x28</size>
         <input_file_ref idref="fl-6"/>
      </object_component>
      <object_component id="oc-5b4">
         <name>.text:lseek</name>
         <load_address>0x5178</load_address>
         <run_address>0x5178</run_address>
         <size>0x28</size>
         <input_file_ref idref="fl-fe"/>
      </object_component>
      <object_component id="oc-613">
         <name>.text:mremove</name>
         <load_address>0x51a0</load_address>
         <run_address>0x51a0</run_address>
         <size>0x28</size>
         <input_file_ref idref="fl-109"/>
      </object_component>
      <object_component id="oc-4a1">
         <name>.text:write</name>
         <load_address>0x51c8</load_address>
         <run_address>0x51c8</run_address>
         <size>0x28</size>
         <input_file_ref idref="fl-f1"/>
      </object_component>
      <object_component id="oc-1cc">
         <name>.text:ADC14_setResolution</name>
         <load_address>0x51f0</load_address>
         <run_address>0x51f0</run_address>
         <size>0x20</size>
         <input_file_ref idref="fl-1c"/>
      </object_component>
      <object_component id="oc-495">
         <name>.text:memchr</name>
         <load_address>0x5210</load_address>
         <run_address>0x5210</run_address>
         <size>0x20</size>
         <input_file_ref idref="fl-ee"/>
      </object_component>
      <object_component id="oc-59c">
         <name>.text:ADC14_getResult</name>
         <load_address>0x5230</load_address>
         <run_address>0x5230</run_address>
         <size>0x1c</size>
         <input_file_ref idref="fl-1c"/>
      </object_component>
      <object_component id="oc-4be">
         <name>.text:SPI_enableModule</name>
         <load_address>0x524c</load_address>
         <run_address>0x524c</run_address>
         <size>0x1c</size>
         <input_file_ref idref="fl-1f"/>
      </object_component>
      <object_component id="oc-2cf">
         <name>.text:memccpy</name>
         <load_address>0x5268</load_address>
         <run_address>0x5268</run_address>
         <size>0x1c</size>
         <input_file_ref idref="fl-ed"/>
      </object_component>
      <object_component id="oc-1df">
         <name>.text:Graphics_clearDisplayOnDisplay</name>
         <load_address>0x5284</load_address>
         <run_address>0x5284</run_address>
         <size>0x1a</size>
         <input_file_ref idref="fl-16"/>
      </object_component>
      <object_component id="oc-1a8">
         <name>.text:Graphics_setBackgroundColor</name>
         <load_address>0x529e</load_address>
         <run_address>0x529e</run_address>
         <size>0x1a</size>
         <input_file_ref idref="fl-15"/>
      </object_component>
      <object_component id="oc-1ae">
         <name>.text:Graphics_setFont</name>
         <load_address>0x52b8</load_address>
         <run_address>0x52b8</run_address>
         <size>0x1a</size>
         <input_file_ref idref="fl-15"/>
      </object_component>
      <object_component id="oc-6dd">
         <name>.text:strcmp</name>
         <load_address>0x52d2</load_address>
         <run_address>0x52d2</run_address>
         <size>0x18</size>
         <input_file_ref idref="fl-110"/>
      </object_component>
      <object_component id="oc-583">
         <name>.text:EUSCI_A_SPI_enable</name>
         <load_address>0x52ea</load_address>
         <run_address>0x52ea</run_address>
         <size>0x16</size>
         <input_file_ref idref="fl-1f"/>
      </object_component>
      <object_component id="oc-589">
         <name>.text:EUSCI_B_SPI_enable</name>
         <load_address>0x5300</load_address>
         <run_address>0x5300</run_address>
         <size>0x16</size>
         <input_file_ref idref="fl-1f"/>
      </object_component>
      <object_component id="oc-1a2">
         <name>.text:Graphics_setForegroundColor</name>
         <load_address>0x5316</load_address>
         <run_address>0x5316</run_address>
         <size>0x16</size>
         <input_file_ref idref="fl-15"/>
      </object_component>
      <object_component id="oc-35d">
         <name>.text:Graphics_translateColorOnDisplay</name>
         <load_address>0x532c</load_address>
         <run_address>0x532c</run_address>
         <size>0x16</size>
         <input_file_ref idref="fl-16"/>
      </object_component>
      <object_component id="oc-464">
         <name>.text:strchr</name>
         <load_address>0x5342</load_address>
         <run_address>0x5342</run_address>
         <size>0x16</size>
         <input_file_ref idref="fl-ef"/>
      </object_component>
      <object_component id="oc-542">
         <name>.text:copysign</name>
         <load_address>0x5358</load_address>
         <run_address>0x5358</run_address>
         <size>0x14</size>
         <input_file_ref idref="fl-f4"/>
      </object_component>
      <object_component id="oc-692">
         <name>.text:strcpy</name>
         <load_address>0x536c</load_address>
         <run_address>0x536c</run_address>
         <size>0x14</size>
         <input_file_ref idref="fl-10c"/>
      </object_component>
      <object_component id="oc-2a0">
         <name>.text:strlen</name>
         <load_address>0x5380</load_address>
         <run_address>0x5380</run_address>
         <size>0x14</size>
         <input_file_ref idref="fl-f0"/>
      </object_component>
      <object_component id="oc-f3">
         <name>.text:Graphics_clearDisplay</name>
         <load_address>0x5394</load_address>
         <run_address>0x5394</run_address>
         <size>0x12</size>
         <input_file_ref idref="fl-15"/>
      </object_component>
      <object_component id="oc-43">
         <name>.text:decompress:ZI:__TI_zero_init_nomemset:__TI_zero_init_nomemset</name>
         <load_address>0x53a6</load_address>
         <run_address>0x53a6</run_address>
         <size>0x12</size>
         <input_file_ref idref="fl-d9"/>
      </object_component>
      <object_component id="oc-2d5">
         <name>.text:wcslen</name>
         <load_address>0x53b8</load_address>
         <run_address>0x53b8</run_address>
         <size>0x12</size>
         <input_file_ref idref="fl-f5"/>
      </object_component>
      <object_component id="oc-3a0">
         <name>.text:ADCIsConversionRunning</name>
         <load_address>0x53cc</load_address>
         <run_address>0x53cc</run_address>
         <size>0x10</size>
         <input_file_ref idref="fl-1c"/>
      </object_component>
      <object_component id="oc-1a">
         <name>.text:decompress:none:__TI_decompress_none</name>
         <load_address>0x53dc</load_address>
         <run_address>0x53dc</run_address>
         <size>0xe</size>
         <input_file_ref idref="fl-da"/>
      </object_component>
      <object_component id="oc-67">
         <name>.text:Reset_Handler</name>
         <load_address>0x53ea</load_address>
         <run_address>0x53ea</run_address>
         <size>0xc</size>
         <input_file_ref idref="fl-8"/>
      </object_component>
      <object_component id="oc-38c">
         <name>.text:_ZN52_INTERNAL_30_Crystalfontz128x128_ST7735_cpp_acdafc1425Crystalfontz128x128_FlushEPK16Graphics_Display</name>
         <load_address>0x53f6</load_address>
         <run_address>0x53f6</run_address>
         <size>0xa</size>
         <input_file_ref idref="fl-6"/>
      </object_component>
      <object_component id="oc-2db">
         <name>.text:__aeabi_errno_addr</name>
         <load_address>0x5400</load_address>
         <run_address>0x5400</run_address>
         <size>0x8</size>
         <input_file_ref idref="fl-fa"/>
      </object_component>
      <object_component id="oc-17d">
         <name>.text:_outc</name>
         <load_address>0x5408</load_address>
         <run_address>0x5408</run_address>
         <size>0x4</size>
         <input_file_ref idref="fl-e0"/>
      </object_component>
      <object_component id="oc-177">
         <name>.text:_outs</name>
         <load_address>0x540c</load_address>
         <run_address>0x540c</run_address>
         <size>0x4</size>
         <input_file_ref idref="fl-e0"/>
      </object_component>
      <object_component id="oc-9d">
         <name>.text:_system_pre_init</name>
         <load_address>0x5410</load_address>
         <run_address>0x5410</run_address>
         <size>0x4</size>
         <input_file_ref idref="fl-e4"/>
      </object_component>
      <object_component id="oc-12c">
         <name>.text:abort:abort</name>
         <load_address>0x5414</load_address>
         <run_address>0x5414</run_address>
         <size>0x4</size>
         <input_file_ref idref="fl-dd"/>
      </object_component>
      <object_component id="oc-3ec">
         <name>.const:.string:g_pucCm28Data</name>
         <load_address>0x5418</load_address>
         <run_address>0x5418</run_address>
         <size>0xc56</size>
         <input_file_ref idref="fl-17"/>
      </object_component>
      <object_component id="oc-39a">
         <name>.const:.string:g_pucFontFixed6x8Data</name>
         <load_address>0x606e</load_address>
         <run_address>0x606e</run_address>
         <size>0x2f8</size>
         <input_file_ref idref="fl-18"/>
      </object_component>
      <object_component id="oc-40d">
         <name>.const:.string:_ctypes_</name>
         <load_address>0x6366</load_address>
         <run_address>0x6366</run_address>
         <size>0x101</size>
         <input_file_ref idref="fl-e8"/>
      </object_component>
      <object_component id="oc-21c">
         <name>.const:g_sFontCm28</name>
         <load_address>0x6468</load_address>
         <run_address>0x6468</run_address>
         <size>0xc8</size>
         <input_file_ref idref="fl-17"/>
      </object_component>
      <object_component id="oc-1bb">
         <name>.const:g_sFontFixed6x8</name>
         <load_address>0x6530</load_address>
         <run_address>0x6530</run_address>
         <size>0xc8</size>
         <input_file_ref idref="fl-18"/>
      </object_component>
      <object_component id="oc-605">
         <name>.const:_ctlRegs</name>
         <load_address>0x65f8</load_address>
         <run_address>0x65f8</run_address>
         <size>0x80</size>
         <input_file_ref idref="fl-1c"/>
      </object_component>
      <object_component id="oc-4c8">
         <name>.const:GPIO_PORT_TO_BASE</name>
         <load_address>0x6678</load_address>
         <run_address>0x6678</run_address>
         <size>0x30</size>
         <input_file_ref idref="fl-1d"/>
      </object_component>
      <object_component id="oc-1b8">
         <name>.const:g_sCrystalfontz128x128_funcs</name>
         <load_address>0x66a8</load_address>
         <run_address>0x66a8</run_address>
         <size>0x20</size>
         <input_file_ref idref="fl-6"/>
      </object_component>
      <object_component id="oc-4c4">
         <name>.const:$P$T40$1</name>
         <load_address>0x66c8</load_address>
         <run_address>0x66c8</run_address>
         <size>0x1c</size>
         <input_file_ref idref="fl-7"/>
      </object_component>
      <object_component id="oc-1f9">
         <name>.const:.string:$P$T40$1</name>
         <load_address>0x66e4</load_address>
         <run_address>0x66e4</run_address>
         <size>0x9</size>
         <input_file_ref idref="fl-3"/>
      </object_component>
      <object_component id="oc-4df">
         <name>.const:$P$T40$1</name>
         <load_address>0x66ee</load_address>
         <run_address>0x66ee</run_address>
         <size>0x8</size>
         <input_file_ref idref="fl-6"/>
      </object_component>
      <object_component id="oc-1fc">
         <name>.const:$P$T41$2</name>
         <load_address>0x66f6</load_address>
         <run_address>0x66f6</run_address>
         <size>0x8</size>
         <input_file_ref idref="fl-3"/>
      </object_component>
      <object_component id="oc-21f">
         <name>.const:.string:$P$T45$3</name>
         <load_address>0x66fe</load_address>
         <run_address>0x66fe</run_address>
         <size>0x8</size>
         <input_file_ref idref="fl-2"/>
      </object_component>
      <object_component id="oc-205">
         <name>.const:$P$T40$1</name>
         <load_address>0x6706</load_address>
         <run_address>0x6706</run_address>
         <size>0x4</size>
         <input_file_ref idref="fl-2"/>
      </object_component>
      <object_component id="oc-206">
         <name>.const:$P$T41$2</name>
         <load_address>0x670a</load_address>
         <run_address>0x670a</run_address>
         <size>0x4</size>
         <input_file_ref idref="fl-2"/>
      </object_component>
      <object_component id="oc-71b">
         <name>.cinit..data.load</name>
         <load_address>0x6710</load_address>
         <run_address>0x6710</run_address>
         <size>0x77</size>
      </object_component>
      <object_component id="oc-719">
         <name>__TI_handler_table</name>
         <load_address>0x6788</load_address>
         <run_address>0x6788</run_address>
         <size>0xc</size>
      </object_component>
      <object_component id="oc-71c">
         <name>.cinit..bss.load</name>
         <load_address>0x6798</load_address>
         <run_address>0x6798</run_address>
         <size>0x8</size>
      </object_component>
      <object_component id="oc-71a">
         <name>__TI_cinit_table</name>
         <load_address>0x67a0</load_address>
         <run_address>0x67a0</run_address>
         <size>0x10</size>
      </object_component>
      <object_component id="oc-6ee">
         <name>.binit</name>
         <load_address>0x0</load_address>
         <run_address>0x0</run_address>
         <size>0x0</size>
      </object_component>
      <object_component id="oc-1b5">
         <name>.data:g_sCrystalfontz128x128</name>
         <load_address>0x20000be4</load_address>
         <run_address>0x20000be4</run_address>
         <size>0x10</size>
         <input_file_ref idref="fl-6"/>
      </object_component>
      <object_component id="oc-284">
         <name>.data:$O1$$</name>
         <load_address>0x20000c04</load_address>
         <run_address>0x20000c04</run_address>
         <size>0xc</size>
         <input_file_ref idref="fl-dd"/>
      </object_component>
      <object_component id="oc-171">
         <name>.data:$O1$$</name>
         <load_address>0x20000c1c</load_address>
         <run_address>0x20000c1c</run_address>
         <size>0x8</size>
         <input_file_ref idref="fl-de"/>
      </object_component>
      <object_component id="oc-174">
         <name>.data:_ftable</name>
         <load_address>0x20000a2c</load_address>
         <run_address>0x20000a2c</run_address>
         <size>0xf0</size>
         <input_file_ref idref="fl-e9"/>
      </object_component>
      <object_component id="oc-62a">
         <name>.data</name>
         <load_address>0x20000bf4</load_address>
         <run_address>0x20000bf4</run_address>
         <size>0x10</size>
         <input_file_ref idref="fl-e9"/>
      </object_component>
      <object_component id="oc-5db">
         <name>.data:_device</name>
         <load_address>0x20000b1c</load_address>
         <run_address>0x20000b1c</run_address>
         <size>0x78</size>
         <input_file_ref idref="fl-f1"/>
      </object_component>
      <object_component id="oc-570">
         <name>.data:_stream</name>
         <load_address>0x20000b94</load_address>
         <run_address>0x20000b94</run_address>
         <size>0x50</size>
         <input_file_ref idref="fl-f1"/>
      </object_component>
      <object_component id="oc-474">
         <name>.data</name>
         <load_address>0x20000c24</load_address>
         <run_address>0x20000c24</run_address>
         <size>0x4</size>
         <input_file_ref idref="fl-fa"/>
      </object_component>
      <object_component id="oc-61f">
         <name>.data:$O1$$</name>
         <load_address>0x20000c10</load_address>
         <run_address>0x20000c10</run_address>
         <size>0xc</size>
         <input_file_ref idref="fl-109"/>
      </object_component>
      <object_component id="oc-6a8">
         <name>.bss:_CIOBUF_</name>
         <uninitialized>true</uninitialized>
         <run_address>0x20000800</run_address>
         <size>0x120</size>
         <input_file_ref idref="fl-107"/>
      </object_component>
      <object_component id="oc-50c">
         <name>.common:g_u16resultsBuffer</name>
         <uninitialized>true</uninitialized>
         <run_address>0x20000a1c</run_address>
         <size>0x4</size>
      </object_component>
      <object_component id="oc-1b4">
         <name>.common:g_sGeneral</name>
         <uninitialized>true</uninitialized>
         <run_address>0x200009f8</run_address>
         <size>0x1c</size>
      </object_component>
      <object_component id="oc-117">
         <name>.common:g_sBall1</name>
         <uninitialized>true</uninitialized>
         <run_address>0x200009c0</run_address>
         <size>0x1c</size>
      </object_component>
      <object_component id="oc-1be">
         <name>.common:g_sBall2</name>
         <uninitialized>true</uninitialized>
         <run_address>0x200009dc</run_address>
         <size>0x1c</size>
      </object_component>
      <object_component id="oc-35a">
         <name>.common:Lcd_Orientation</name>
         <uninitialized>true</uninitialized>
         <run_address>0x20000a28</run_address>
         <size>0x1</size>
      </object_component>
      <object_component id="oc-350">
         <name>.common:Lcd_ScreenWidth</name>
         <uninitialized>true</uninitialized>
         <run_address>0x20000a22</run_address>
         <size>0x2</size>
      </object_component>
      <object_component id="oc-354">
         <name>.common:Lcd_ScreenHeigth</name>
         <uninitialized>true</uninitialized>
         <run_address>0x20000a20</run_address>
         <size>0x2</size>
      </object_component>
      <object_component id="oc-355">
         <name>.common:Lcd_PenSolid</name>
         <uninitialized>true</uninitialized>
         <run_address>0x20000a29</run_address>
         <size>0x1</size>
      </object_component>
      <object_component id="oc-356">
         <name>.common:Lcd_FontSolid</name>
         <uninitialized>true</uninitialized>
         <run_address>0x20000a27</run_address>
         <size>0x1</size>
      </object_component>
      <object_component id="oc-357">
         <name>.common:Lcd_FlagRead</name>
         <uninitialized>true</uninitialized>
         <run_address>0x20000a26</run_address>
         <size>0x1</size>
      </object_component>
      <object_component id="oc-358">
         <name>.common:Lcd_TouchTrim</name>
         <uninitialized>true</uninitialized>
         <run_address>0x20000a24</run_address>
         <size>0x2</size>
      </object_component>
      <object_component id="oc-673">
         <name>.common:__TI_tmpnams</name>
         <uninitialized>true</uninitialized>
         <run_address>0x20000920</run_address>
         <size>0xa0</size>
      </object_component>
      <object_component id="oc-684">
         <name>.common:parmbuf</name>
         <uninitialized>true</uninitialized>
         <run_address>0x20000a14</run_address>
         <size>0x8</size>
      </object_component>
      <object_component id="oc-29">
         <name>.sysmem</name>
         <uninitialized>true</uninitialized>
         <run_address>0x20000000</run_address>
         <size>0x8</size>
         <input_file_ref idref="fl-109"/>
      </object_component>
      <object_component id="oc-71e">
         <name>.sysmem</name>
         <uninitialized>true</uninitialized>
         <run_address>0x20000000</run_address>
         <size>0x0</size>
      </object_component>
      <object_component id="oc-26">
         <name>.stack</name>
         <uninitialized>true</uninitialized>
         <run_address>0x2000fe00</run_address>
         <size>0x4</size>
         <input_file_ref idref="fl-dc"/>
      </object_component>
      <object_component id="oc-71d">
         <name>.stack</name>
         <uninitialized>true</uninitialized>
         <run_address>0x2000fe00</run_address>
         <size>0x0</size>
      </object_component>
      <object_component id="oc-118">
         <name>.debug_info</name>
         <load_address>0x0</load_address>
         <run_address>0x0</run_address>
         <size>0x2dd9</size>
         <input_file_ref idref="fl-2"/>
      </object_component>
      <object_component id="oc-220">
         <name>.debug_info</name>
         <load_address>0x2dd9</load_address>
         <run_address>0x2dd9</run_address>
         <size>0x101</size>
         <input_file_ref idref="fl-2"/>
      </object_component>
      <object_component id="oc-100">
         <name>.debug_info</name>
         <load_address>0x2eda</load_address>
         <run_address>0x2eda</run_address>
         <size>0x278</size>
         <input_file_ref idref="fl-2"/>
      </object_component>
      <object_component id="oc-106">
         <name>.debug_info</name>
         <load_address>0x3152</load_address>
         <run_address>0x3152</run_address>
         <size>0x1f3</size>
         <input_file_ref idref="fl-2"/>
      </object_component>
      <object_component id="oc-3d7">
         <name>.debug_info</name>
         <load_address>0x3345</load_address>
         <run_address>0x3345</run_address>
         <size>0x1fb</size>
         <input_file_ref idref="fl-2"/>
      </object_component>
      <object_component id="oc-209">
         <name>.debug_info</name>
         <load_address>0x3540</load_address>
         <run_address>0x3540</run_address>
         <size>0x19c</size>
         <input_file_ref idref="fl-2"/>
      </object_component>
      <object_component id="oc-10c">
         <name>.debug_info</name>
         <load_address>0x36dc</load_address>
         <run_address>0x36dc</run_address>
         <size>0x17c</size>
         <input_file_ref idref="fl-2"/>
      </object_component>
      <object_component id="oc-112">
         <name>.debug_info</name>
         <load_address>0x3858</load_address>
         <run_address>0x3858</run_address>
         <size>0x1ce</size>
         <input_file_ref idref="fl-2"/>
      </object_component>
      <object_component id="oc-225">
         <name>.debug_info</name>
         <load_address>0x3a26</load_address>
         <run_address>0x3a26</run_address>
         <size>0x139b</size>
         <input_file_ref idref="fl-2"/>
      </object_component>
      <object_component id="oc-22a">
         <name>.debug_info</name>
         <load_address>0x4dc1</load_address>
         <run_address>0x4dc1</run_address>
         <size>0x46de</size>
         <input_file_ref idref="fl-2"/>
      </object_component>
      <object_component id="oc-122">
         <name>.debug_info</name>
         <load_address>0x949f</load_address>
         <run_address>0x949f</run_address>
         <size>0x133</size>
         <input_file_ref idref="fl-2"/>
      </object_component>
      <object_component id="oc-200">
         <name>.debug_info</name>
         <load_address>0x95d2</load_address>
         <run_address>0x95d2</run_address>
         <size>0x57e</size>
         <input_file_ref idref="fl-2"/>
      </object_component>
      <object_component id="oc-22f">
         <name>.debug_info</name>
         <load_address>0x9b50</load_address>
         <run_address>0x9b50</run_address>
         <size>0x221</size>
         <input_file_ref idref="fl-2"/>
      </object_component>
      <object_component id="oc-234">
         <name>.debug_info</name>
         <load_address>0x9d71</load_address>
         <run_address>0x9d71</run_address>
         <size>0x73</size>
         <input_file_ref idref="fl-2"/>
      </object_component>
      <object_component id="oc-239">
         <name>.debug_info</name>
         <load_address>0x9de4</load_address>
         <run_address>0x9de4</run_address>
         <size>0xd0</size>
         <input_file_ref idref="fl-2"/>
      </object_component>
      <object_component id="oc-23e">
         <name>.debug_info</name>
         <load_address>0x9eb4</load_address>
         <run_address>0x9eb4</run_address>
         <size>0xbc</size>
         <input_file_ref idref="fl-2"/>
      </object_component>
      <object_component id="oc-243">
         <name>.debug_info</name>
         <load_address>0x9f70</load_address>
         <run_address>0x9f70</run_address>
         <size>0xf8</size>
         <input_file_ref idref="fl-2"/>
      </object_component>
      <object_component id="oc-248">
         <name>.debug_info</name>
         <load_address>0xa068</load_address>
         <run_address>0xa068</run_address>
         <size>0x46d</size>
         <input_file_ref idref="fl-2"/>
      </object_component>
      <object_component id="oc-24d">
         <name>.debug_info</name>
         <load_address>0xa4d5</load_address>
         <run_address>0xa4d5</run_address>
         <size>0x151c</size>
         <input_file_ref idref="fl-2"/>
      </object_component>
      <object_component id="oc-252">
         <name>.debug_info</name>
         <load_address>0xb9f1</load_address>
         <run_address>0xb9f1</run_address>
         <size>0x8b</size>
         <input_file_ref idref="fl-2"/>
      </object_component>
      <object_component id="oc-257">
         <name>.debug_info</name>
         <load_address>0xba7c</load_address>
         <run_address>0xba7c</run_address>
         <size>0xa0a</size>
         <input_file_ref idref="fl-2"/>
      </object_component>
      <object_component id="oc-266">
         <name>.debug_info</name>
         <load_address>0xc486</load_address>
         <run_address>0xc486</run_address>
         <size>0x2c9</size>
         <input_file_ref idref="fl-2"/>
      </object_component>
      <object_component id="oc-27c">
         <name>.debug_info</name>
         <load_address>0xc74f</load_address>
         <run_address>0xc74f</run_address>
         <size>0xef</size>
         <input_file_ref idref="fl-2"/>
      </object_component>
      <object_component id="oc-127">
         <name>.debug_info</name>
         <load_address>0xc83e</load_address>
         <run_address>0xc83e</run_address>
         <size>0xbb</size>
         <input_file_ref idref="fl-2"/>
      </object_component>
      <object_component id="oc-261">
         <name>.debug_info</name>
         <load_address>0xc8f9</load_address>
         <run_address>0xc8f9</run_address>
         <size>0x2a1</size>
         <input_file_ref idref="fl-2"/>
      </object_component>
      <object_component id="oc-25c">
         <name>.debug_info</name>
         <load_address>0xcb9a</load_address>
         <run_address>0xcb9a</run_address>
         <size>0xfe</size>
         <input_file_ref idref="fl-2"/>
      </object_component>
      <object_component id="oc-26b">
         <name>.debug_info</name>
         <load_address>0xcc98</load_address>
         <run_address>0xcc98</run_address>
         <size>0x195</size>
         <input_file_ref idref="fl-2"/>
      </object_component>
      <object_component id="oc-270">
         <name>.debug_info</name>
         <load_address>0xce2d</load_address>
         <run_address>0xce2d</run_address>
         <size>0x120</size>
         <input_file_ref idref="fl-2"/>
      </object_component>
      <object_component id="oc-275">
         <name>.debug_info</name>
         <load_address>0xcf4d</load_address>
         <run_address>0xcf4d</run_address>
         <size>0xd0</size>
         <input_file_ref idref="fl-2"/>
[...]
         <value>0x20000c1c</value>
         <object_component_ref idref="oc-171"/>
      </symbol>
      <symbol id="sm-64c">
         <name>_unlock</name>
         <value>0x20000c20</value>
         <object_component_ref idref="oc-171"/>
      </symbol>
      <symbol id="sm-683">
         <name>printf</name>
         <value>0x4131</value>
         <object_component_ref idref="oc-bd"/>
      </symbol>
      <symbol id="sm-692">
         <name>__aeabi_memset</name>
         <value>0x3dab</value>
         <object_component_ref idref="oc-97"/>
      </symbol>
      <symbol id="sm-693">
         <name>memset</name>
         <value>0x3db1</value>
         <object_component_ref idref="oc-97"/>
      </symbol>
      <symbol id="sm-694">
         <name>__aeabi_memset8</name>
         <value>0x3dab</value>
         <object_component_ref idref="oc-97"/>
      </symbol>
      <symbol id="sm-695">
         <name>__aeabi_memset4</name>
         <value>0x3dab</value>
         <object_component_ref idref="oc-97"/>
      </symbol>
      <symbol id="sm-696">
         <name>__aeabi_memclr8</name>
         <value>0x3da9</value>
         <object_component_ref idref="oc-97"/>
      </symbol>
      <symbol id="sm-697">
         <name>__aeabi_memclr4</name>
         <value>0x3da9</value>
         <object_component_ref idref="oc-97"/>
      </symbol>
      <symbol id="sm-698">
         <name>__aeabi_memclr</name>
         <value>0x3da9</value>
         <object_component_ref idref="oc-97"/>
      </symbol>
      <symbol id="sm-6b3">
         <name>memcpy</name>
         <value>0x39c9</value>
         <object_component_ref idref="oc-37"/>
      </symbol>
      <symbol id="sm-6b4">
         <name>__aeabi_memcpy</name>
         <value>0x39c9</value>
         <object_component_ref idref="oc-37"/>
      </symbol>
      <symbol id="sm-6b5">
         <name>__aeabi_memcpy8</name>
         <value>0x39c9</value>
         <object_component_ref idref="oc-37"/>
      </symbol>
      <symbol id="sm-6b6">
         <name>__aeabi_memcpy4</name>
         <value>0x39c9</value>
         <object_component_ref idref="oc-37"/>
      </symbol>
      <symbol id="sm-6de">
         <name>__TI_auto_init_nobinit_nopinit</name>
         <value>0x4a99</value>
         <object_component_ref idref="oc-138"/>
      </symbol>
      <symbol id="sm-6e8">
         <name>_system_pre_init</name>
         <value>0x5411</value>
         <object_component_ref idref="oc-9d"/>
      </symbol>
      <symbol id="sm-853">
         <name>__TI_printfi</name>
         <value>0xe5</value>
         <object_component_ref idref="oc-16b"/>
      </symbol>
      <symbol id="sm-869">
         <name>atoi</name>
         <value>0x48a5</value>
         <object_component_ref idref="oc-2a6"/>
      </symbol>
      <symbol id="sm-874">
         <name>_ctypes_</name>
         <value>0x6366</value>
         <object_component_ref idref="oc-40d"/>
      </symbol>
      <symbol id="sm-889">
         <name>__TI_tmpnams</name>
         <value>0x20000920</value>
      </symbol>
      <symbol id="sm-88a">
         <name>__aeabi_stdout</name>
         <value>0x20000bfc</value>
         <object_component_ref idref="oc-62a"/>
      </symbol>
      <symbol id="sm-88b">
         <name>__aeabi_stderr</name>
         <value>0x20000c00</value>
         <object_component_ref idref="oc-62a"/>
      </symbol>
      <symbol id="sm-88c">
         <name>__aeabi_stdin</name>
         <value>0x20000bf8</value>
         <object_component_ref idref="oc-62a"/>
      </symbol>
      <symbol id="sm-88d">
         <name>_ftable</name>
         <value>0x20000a2c</value>
         <object_component_ref idref="oc-174"/>
      </symbol>
      <symbol id="sm-88e">
         <name>__TI_ft_end</name>
         <value>0x20000bf4</value>
         <object_component_ref idref="oc-62a"/>
      </symbol>
      <symbol id="sm-8a3">
         <name>putc</name>
         <value>0x3afd</value>
         <object_component_ref idref="oc-302"/>
      </symbol>
      <symbol id="sm-8a4">
         <name>fputc</name>
         <value>0x3afd</value>
         <object_component_ref idref="oc-302"/>
      </symbol>
      <symbol id="sm-8c2">
         <name>fputs</name>
         <value>0x2ea5</value>
         <object_component_ref idref="oc-2fb"/>
      </symbol>
      <symbol id="sm-8d1">
         <name>ltoa</name>
         <value>0x4715</value>
         <object_component_ref idref="oc-42d"/>
      </symbol>
      <symbol id="sm-8e1">
         <name>memccpy</name>
         <value>0x5269</value>
         <object_component_ref idref="oc-2cf"/>
      </symbol>
      <symbol id="sm-8f1">
         <name>memchr</name>
         <value>0x5211</value>
         <object_component_ref idref="oc-495"/>
      </symbol>
      <symbol id="sm-901">
         <name>strchr</name>
         <value>0x5343</value>
         <object_component_ref idref="oc-464"/>
      </symbol>
      <symbol id="sm-90f">
         <name>strlen</name>
         <value>0x5381</value>
         <object_component_ref idref="oc-2a0"/>
      </symbol>
      <symbol id="sm-935">
         <name>_stream</name>
         <value>0x20000b94</value>
         <object_component_ref idref="oc-570"/>
      </symbol>
      <symbol id="sm-936">
         <name>_device</name>
         <value>0x20000b1c</value>
         <object_component_ref idref="oc-5db"/>
      </symbol>
      <symbol id="sm-937">
         <name>write</name>
         <value>0x51c9</value>
         <object_component_ref idref="oc-4a1"/>
      </symbol>
      <symbol id="sm-957">
         <name>frexpl</name>
         <value>0x4261</value>
         <object_component_ref idref="oc-458"/>
      </symbol>
      <symbol id="sm-958">
         <name>frexp</name>
         <value>0x4261</value>
         <object_component_ref idref="oc-458"/>
      </symbol>
      <symbol id="sm-975">
         <name>scalbn</name>
         <value>0x2fb9</value>
         <object_component_ref idref="oc-45e"/>
      </symbol>
      <symbol id="sm-976">
         <name>scalbnl</name>
         <value>0x2fb9</value>
         <object_component_ref idref="oc-45e"/>
      </symbol>
      <symbol id="sm-977">
         <name>ldexpl</name>
         <value>0x2fb9</value>
         <object_component_ref idref="oc-45e"/>
      </symbol>
      <symbol id="sm-978">
         <name>ldexp</name>
         <value>0x2fb9</value>
         <object_component_ref idref="oc-45e"/>
      </symbol>
      <symbol id="sm-982">
         <name>copysign</name>
         <value>0x5359</value>
         <object_component_ref idref="oc-542"/>
      </symbol>
      <symbol id="sm-983">
         <name>copysignl</name>
         <value>0x5359</value>
         <object_component_ref idref="oc-542"/>
      </symbol>
      <symbol id="sm-99c">
         <name>wcslen</name>
         <value>0x53b9</value>
         <object_component_ref idref="oc-2d5"/>
      </symbol>
      <symbol id="sm-9b3">
         <name>__aeabi_dsub</name>
         <value>0x22a5</value>
         <object_component_ref idref="oc-438"/>
      </symbol>
      <symbol id="sm-9b4">
         <name>__aeabi_dadd</name>
         <value>0x22af</value>
         <object_component_ref idref="oc-438"/>
      </symbol>
      <symbol id="sm-9d6">
         <name>__aeabi_cdcmpeq</name>
         <value>0x3c9d</value>
         <object_component_ref idref="oc-2b2"/>
      </symbol>
      <symbol id="sm-9d7">
         <name>__aeabi_cdcmple</name>
         <value>0x3c9d</value>
         <object_component_ref idref="oc-2b2"/>
      </symbol>
      <symbol id="sm-9d8">
         <name>__aeabi_cdrcmple</name>
         <value>0x3d23</value>
         <object_component_ref idref="oc-423"/>
      </symbol>
      <symbol id="sm-9ec">
         <name>__aeabi_ddiv</name>
         <value>0x29ed</value>
         <object_component_ref idref="oc-41e"/>
      </symbol>
      <symbol id="sm-9f9">
         <name>__aeabi_uldivmod</name>
         <value>0x3a65</value>
         <object_component_ref idref="oc-412"/>
      </symbol>
      <symbol id="sm-a0f">
         <name>__aeabi_errno_addr</name>
         <value>0x5401</value>
         <object_component_ref idref="oc-2db"/>
      </symbol>
      <symbol id="sm-a10">
         <name>errno</name>
         <value>0x20000c24</value>
         <object_component_ref idref="oc-474"/>
      </symbol>
      <symbol id="sm-a28">
         <name>__TI_wrt_ok</name>
         <value>0x4329</value>
         <object_component_ref idref="oc-48f"/>
      </symbol>
      <symbol id="sm-a38">
         <name>__TI_doflush</name>
         <value>0x4859</value>
         <object_component_ref idref="oc-49b"/>
      </symbol>
      <symbol id="sm-a4a">
         <name>fseek</name>
         <value>0x42c5</value>
         <object_component_ref idref="oc-55e"/>
      </symbol>
      <symbol id="sm-a5a">
         <name>lseek</name>
         <value>0x5179</value>
         <object_component_ref idref="oc-5b4"/>
      </symbol>
      <symbol id="sm-a76">
         <name>setvbuf</name>
         <value>0x32c9</value>
         <object_component_ref idref="oc-564"/>
      </symbol>
      <symbol id="sm-a87">
         <name>HOSTclose</name>
         <value>0x4a11</value>
         <object_component_ref idref="oc-636"/>
      </symbol>
      <symbol id="sm-a98">
         <name>HOSTlseek</name>
         <value>0x3ff9</value>
         <object_component_ref idref="oc-648"/>
      </symbol>
      <symbol id="sm-aaa">
         <name>parmbuf</name>
         <value>0x20000a14</value>
      </symbol>
      <symbol id="sm-aab">
         <name>HOSTopen</name>
         <value>0x438d</value>
         <object_component_ref idref="oc-630"/>
      </symbol>
      <symbol id="sm-abc">
         <name>HOSTread</name>
         <value>0x4565</value>
         <object_component_ref idref="oc-63c"/>
      </symbol>
      <symbol id="sm-acd">
         <name>HOSTrename</name>
         <value>0x4061</value>
         <object_component_ref idref="oc-654"/>
      </symbol>
      <symbol id="sm-ade">
         <name>HOSTunlink</name>
         <value>0x4a55</value>
         <object_component_ref idref="oc-64e"/>
      </symbol>
      <symbol id="sm-aef">
         <name>HOSTwrite</name>
         <value>0x45bd</value>
         <object_component_ref idref="oc-642"/>
      </symbol>
      <symbol id="sm-b13">
         <name>__TI_readmsg</name>
         <value>0x4ed1</value>
         <object_component_ref idref="oc-67e"/>
      </symbol>
      <symbol id="sm-b14">
         <name>C$$IO$$</name>
         <value>0x4d7f</value>
         <object_component_ref idref="oc-678"/>
      </symbol>
      <symbol id="sm-b15">
         <name>__CIOBUF_</name>
         <value>0x20000800</value>
         <object_component_ref idref="oc-6a8"/>
      </symbol>
      <symbol id="sm-b16">
         <name>__TI_writemsg</name>
         <value>0x4d51</value>
         <object_component_ref idref="oc-678"/>
      </symbol>
      <symbol id="sm-b20">
         <name>__aeabi_idiv0</name>
         <value>0x2b23</value>
         <object_component_ref idref="oc-529"/>
      </symbol>
      <symbol id="sm-b21">
         <name>__aeabi_ldiv0</name>
         <value>0x2b23</value>
         <object_component_ref idref="oc-529"/>
      </symbol>
      <symbol id="sm-b9c">
         <name>_sys_memory</name>
         <value>0x20000000</value>
         <object_component_ref idref="oc-29"/>
      </symbol>
      <symbol id="sm-b9d">
         <name>free</name>
         <value>0x33a5</value>
         <object_component_ref idref="oc-5bc"/>
      </symbol>
      <symbol id="sm-b9e">
         <name>malloc</name>
         <value>0x3e9d</value>
         <object_component_ref idref="oc-5c2"/>
      </symbol>
      <symbol id="sm-b9f">
         <name>minit</name>
         <value>0x4dc1</value>
         <object_component_ref idref="oc-60d"/>
      </symbol>
      <symbol id="sm-baf">
         <name>__TI_cleanup</name>
         <value>0x4e9d</value>
         <object_component_ref idref="oc-5c8"/>
      </symbol>
      <symbol id="sm-bbe">
         <name>strcpy</name>
         <value>0x536d</value>
         <object_component_ref idref="oc-692"/>
      </symbol>
      <symbol id="sm-bd3">
         <name>__TI_closefile</name>
         <value>0x3f15</value>
         <object_component_ref idref="oc-624"/>
      </symbol>
      <symbol id="sm-bf6">
         <name>finddevice</name>
         <value>0x4fc5</value>
         <object_component_ref idref="oc-6c6"/>
      </symbol>
      <symbol id="sm-bf7">
         <name>getdevice</name>
         <value>0x4add</value>
         <object_component_ref idref="oc-69e"/>
      </symbol>
      <symbol id="sm-c07">
         <name>strcmp</name>
         <value>0x52d3</value>
         <object_component_ref idref="oc-6dd"/>
      </symbol>
      <symbol id="sm-c17">
         <name>strncpy</name>
         <value>0x4e65</value>
         <object_component_ref idref="oc-6c0"/>
      </symbol>
      <symbol id="sm-c27">
         <name>unlink</name>
         <value>0x50d5</value>
         <object_component_ref idref="oc-66d"/>
      </symbol>
      <symbol id="sm-c3b">
         <name>close</name>
         <value>0x44ad</value>
         <object_component_ref idref="oc-667"/>
      </symbol>
      <symbol id="sm-c3c">
         <name>__TI_static_base__</name>
         <value>0x0</value>
      </symbol>
      <symbol id="sm-c3f">
         <name>__mpu_init</name>
         <value>0x0</value>
      </symbol>
      <symbol id="sm-c40">
         <name>_system_post_cinit</name>
         <value>0x0</value>
      </symbol>
      <symbol id="sm-c41">
         <name>NMI_Handler</name>
         <value>0x1613</value>
      </symbol>
      <symbol id="sm-c42">
         <name>HardFault_Handler</name>
         <value>0x1613</value>
      </symbol>
      <symbol id="sm-c43">
         <name>MemManage_Handler</name>
         <value>0x1613</value>
      </symbol>
      <symbol id="sm-c44">
         <name>BusFault_Handler</name>
         <value>0x1613</value>
      </symbol>
      <symbol id="sm-c45">
         <name>UsageFault_Handler</name>
         <value>0x1613</value>
      </symbol>
      <symbol id="sm-c46">
         <name>SVC_Handler</name>
         <value>0x1613</value>
      </symbol>
      <symbol id="sm-c47">
         <name>DebugMon_Handler</name>
         <value>0x1613</value>
      </symbol>
      <symbol id="sm-c48">
         <name>PendSV_Handler</name>
         <value>0x1613</value>
      </symbol>
      <symbol id="sm-c49">
         <name>SysTick_Handler</name>
         <value>0x1613</value>
      </symbol>
      <symbol id="sm-c4a">
         <name>PSS_IRQHandler</name>
         <value>0x1613</value>
      </symbol>
      <symbol id="sm-c4b">
         <name>CS_IRQHandler</name>
         <value>0x1613</value>
      </symbol>
      <symbol id="sm-c4c">
         <name>PCM_IRQHandler</name>
         <value>0x1613</value>
      </symbol>
      <symbol id="sm-c4d">
         <name>WDT_A_IRQHandler</name>
         <value>0x1613</value>
      </symbol>
      <symbol id="sm-c4e">
         <name>FPU_IRQHandler</name>
         <value>0x1613</value>
      </symbol>
      <symbol id="sm-c4f">
         <name>FLCTL_IRQHandler</name>
         <value>0x1613</value>
      </symbol>
      <symbol id="sm-c50">
         <name>COMP_E0_IRQHandler</name>
         <value>0x1613</value>
      </symbol>
      <symbol id="sm-c51">
         <name>COMP_E1_IRQHandler</name>
         <value>0x1613</value>
      </symbol>
      <symbol id="sm-c52">
         <name>TA0_0_IRQHandler</name>
         <value>0x1613</value>
      </symbol>
      <symbol id="sm-c53">
         <name>TA0_N_IRQHandler</name>
         <value>0x1613</value>
      </symbol>
      <symbol id="sm-c54">
         <name>TA1_0_IRQHandler</name>
         <value>0x1613</value>
      </symbol>
      <symbol id="sm-c55">
         <name>TA1_N_IRQHandler</name>
         <value>0x1613</value>
      </symbol>
      <symbol id="sm-c56">
         <name>TA2_0_IRQHandler</name>
         <value>0x1613</value>
      </symbol>
      <symbol id="sm-c57">
         <name>TA2_N_IRQHandler</name>
         <value>0x1613</value>
      </symbol>
      <symbol id="sm-c58">
         <name>TA3_0_IRQHandler</name>
         <value>0x1613</value>
      </symbol>
      <symbol id="sm-c59">
         <name>TA3_N_IRQHandler</name>
         <value>0x1613</value>
      </symbol>
      <symbol id="sm-c5a">
         <name>EUSCIA0_IRQHandler</name>
         <value>0x1613</value>
      </symbol>
      <symbol id="sm-c5b">
         <name>EUSCIA1_IRQHandler</name>
         <value>0x1613</value>
      </symbol>
      <symbol id="sm-c5c">
         <name>EUSCIA2_IRQHandler</name>
         <value>0x1613</value>
      </symbol>
      <symbol id="sm-c5d">
         <name>EUSCIA3_IRQHandler</name>
         <value>0x1613</value>
      </symbol>
      <symbol id="sm-c5e">
         <name>EUSCIB0_IRQHandler</name>
         <value>0x1613</value>
      </symbol>
      <symbol id="sm-c5f">
         <name>EUSCIB1_IRQHandler</name>
         <value>0x1613</value>
      </symbol>
      <symbol id="sm-c60">
         <name>EUSCIB2_IRQHandler</name>
         <value>0x1613</value>
      </symbol>
      <symbol id="sm-c61">
         <name>EUSCIB3_IRQHandler</name>
         <value>0x1613</value>
      </symbol>
      <symbol id="sm-c62">
         <name>ADC14_IRQHandler</name>
         <value>0x4ca1</value>
      </symbol>
      <symbol id="sm-c63">
         <name>T32_INT1_IRQHandler</name>
         <value>0x1613</value>
      </symbol>
      <symbol id="sm-c64">
         <name>T32_INT2_IRQHandler</name>
         <value>0x1613</value>
      </symbol>
      <symbol id="sm-c65">
         <name>T32_INTC_IRQHandler</name>
         <value>0x1613</value>
      </symbol>
      <symbol id="sm-c66">
         <name>AES256_IRQHandler</name>
         <value>0x1613</value>
      </symbol>
      <symbol id="sm-c67">
         <name>RTC_C_IRQHandler</name>
         <value>0x1613</value>
      </symbol>
      <symbol id="sm-c68">
         <name>DMA_ERR_IRQHandler</name>
         <value>0x1613</value>
      </symbol>
      <symbol id="sm-c69">
         <name>DMA_INT3_IRQHandler</name>
         <value>0x1613</value>
      </symbol>
      <symbol id="sm-c6a">
         <name>DMA_INT2_IRQHandler</name>
         <value>0x1613</value>
      </symbol>
      <symbol id="sm-c6b">
         <name>DMA_INT1_IRQHandler</name>
         <value>0x1613</value>
      </symbol>
      <symbol id="sm-c6c">
         <name>DMA_INT0_IRQHandler</name>
         <value>0x1613</value>
      </symbol>
      <symbol id="sm-c6d">
         <name>PORT1_IRQHandler</name>
         <value>0x1613</value>
      </symbol>
      <symbol id="sm-c6e">
         <name>PORT2_IRQHandler</name>
         <value>0x1613</value>
      </symbol>
      <symbol id="sm-c6f">
         <name>PORT3_IRQHandler</name>
         <value>0x1613</value>
      </symbol>
      <symbol id="sm-c70">
         <name>PORT4_IRQHandler</name>
         <value>0x1613</value>
      </symbol>
      <symbol id="sm-c71">
         <name>PORT5_IRQHandler</name>
         <value>0x1613</value>
      </symbol>
      <symbol id="sm-c72">
         <name>PORT6_IRQHandler</name>
         <value>0x1613</value>
      </symbol>
      <symbol id="sm-c73">
         <name>remove</name>
         <value>0x50d5</value>
      </symbol>
   </symbol_table>
   <title>Link successful</title>
</link_info>
