******************************************************************************
                  TI ARM Linker PC v18.1.2                     
******************************************************************************
>> Linked Wed Jul 18 10:41:18 2018

OUTPUT FILE NAME:   <boostxl_edumkii_accelerometer_msp432p401r_MSP_EXP432P401R_nortos_ccs.out>
ENTRY POINT SYMBOL: "_c_int00_noargs"  address: 00004d89


MEMORY CONFIGURATION

         name            origin    length      used     unused   attr    fill
----------------------  --------  ---------  --------  --------  ----  --------
  MAIN                  00000000   00040000  000067ae  00039852  R  X
  INFO                  00200000   00004000  00000000  00004000  R  X
  SRAM_CODE             01000000   00010000  00000e26  0000f1da  RW X
  SRAM_DATA             20000000   00010000  00000e26  0000f1da  RW  


SEGMENT ALLOCATION MAP

run origin  load origin   length   init length attrs members
----------  ----------- ---------- ----------- ----- -------
00000000    00000000    000067b0   000067b0    r-x
  00000000    00000000    000000e4   000000e4    r-- .intvecs
  000000e4    000000e4    00005334   00005334    r-x .text
  00005418    00005418    000012f6   000012f6    r-- .const
  00006710    00006710    000000a0   000000a0    r-- .cinit
20000000    20000000    00000c28   00000000    rw-
  20000000    20000000    00000800   00000000    rw- .sysmem
  20000800    20000800    0000022a   00000000    rw- .bss
  20000a2c    20000a2c    000001fc   00000000    rw- .data
2000fe00    2000fe00    00000200   00000000    rw-
  2000fe00    2000fe00    00000200   00000000    rw- .stack


SECTION ALLOCATION MAP

 output                                  attributes/
section   page    origin      length       input sections
--------  ----  ----------  ----------   ----------------
.intvecs   0    00000000    000000e4     
                  00000000    000000e4     startup_msp432p401r_ccs.obj (.intvecs:retain)

.text      0    000000e4    00005334     
                  000000e4    00000a5e     rtsv7M4_T_le_v4SPD16_eabi.lib : _printfi.c.obj (.text:__TI_printfi)
                  00000b42    00000652     Ball.obj (.text:_ZN4Ball18CheckBallCollisionEv)
                  00001194    0000047e     grlib.a : string.obj (.text:Graphics_drawString)
                  00001612    00000002     startup_msp432p401r_ccs.obj (.text:Default_Handler)
                  00001614    00000270     rtsv7M4_T_le_v4SPD16_eabi.lib : _printfi.c.obj (.text:_pconv_a)
                  00001884    0000026e     grlib.a : circle.obj (.text:Graphics_drawCircle)
                  00001af2    0000022a             : circle.obj (.text:Graphics_fillCircle)
                  00001d1c    000001e0     Functions.obj (.text:_Z10CreateMazev)
                  00001efc    000001d8     Crystalfontz128x128_ST7735.obj (.text:_ZN52_INTERNAL_30_Crystalfontz128x128_ST7735_cpp_acdafc1437Crystalfontz128x128_PixelDrawMultipleEPK16Graphics_DisplaysssssPKhPKj)
                  000020d4    000001d0     rtsv7M4_T_le_v4SPD16_eabi.lib : _printfi.c.obj (.text:_pconv_g)
                  000022a4    000001b6                                   : fd_add_t2.asm.obj (.text)
                  0000245a    00000180     grlib.a : line.obj (.text:Graphics_clipLine)
                  000025da    00000174             : line.obj (.text:Graphics_drawLine)
                  0000274e    00000002     rtsv7M4_T_le_v4SPD16_eabi.lib : _lock.c.obj (.text:_nop)
                  00002750    00000160     msp432p4xx_driverlib.lib : adc14.o (.text:_getIndexForMemRegister)
                  000028b0    0000013c     rtsv7M4_T_le_v4SPD16_eabi.lib : _printfi.c.obj (.text:_pconv_e)
                  000029ec    00000136                                   : fd_div_t2.asm.obj (.text)
                  00002b22    00000002                                   : div0.asm.obj (.text)
                  00002b24    00000134     Crystalfontz128x128_ST7735.obj (.text:_Z32Crystalfontz128x128_SetDrawFrametttt)
                  00002c58    0000012c     Crystalfontz128x128_ST7735.obj (.text:_Z24Crystalfontz128x128_Initv)
                  00002d84    00000120     rtsv7M4_T_le_v4SPD16_eabi.lib : _printfi.c.obj (.text:fcvt)
                  00002ea4    00000114                                   : fputs.c.obj (.text:fputs)
                  00002fb8    00000110                                   : s_scalbn.c.obj (.text:scalbn)
                  000030c8    00000104     Functions.obj (.text:_Z11SetupScreenv)
                  000031cc    000000fc     rtsv7M4_T_le_v4SPD16_eabi.lib : fd_mul_t2.asm.obj (.text)
                  000032c8    000000dc                                   : setvbuf.c.obj (.text:setvbuf)
                  000033a4    000000d8                                   : memory.c.obj (.text:free)
                  0000347c    000000c0     main.obj (.text:_Z18SetupAccelerometerv)
                  0000353c    000000b4     Ball.obj (.text:_ZN4Ball15GetBallPositionEv)
                  000035f0    000000b1     rtsv7M4_T_le_v4SPD16_eabi.lib : _printfi.c.obj (.text:_ltostr)
                  000036a1    00000001     --HOLE-- [fill = 0]
                  000036a2    000000b0     msp432p4xx_driverlib.lib : spi.o (.text:SPI_initMaster)
                  00003752    000000a2     grlib.a : rectangle.obj (.text:Graphics_drawRectangle)
                  000037f4    0000009c             : line.obj (.text:Graphics_drawLineH)
                  00003890    0000009c             : line.obj (.text:Graphics_drawLineV)
                  0000392c    0000009c     Crystalfontz128x128_ST7735.obj (.text:_ZN52_INTERNAL_30_Crystalfontz128x128_ST7735_cpp_acdafc1428Crystalfontz128x128_RectFillEPK16Graphics_DisplayPK18Graphics_Rectanglet)
                  000039c8    0000009c     rtsv7M4_T_le_v4SPD16_eabi.lib : memcpy_t2.asm.obj (.text)
                  00003a64    00000096                                   : ull_div_t2.asm.obj (.text)
                  00003afa    00000002     --HOLE-- [fill = 0]
                  00003afc    0000008c                                   : fputc.c.obj (.text:fputc)
                  00003b88    0000008c     main.obj (.text:main)
                  00003c14    00000088     msp432p4xx_driverlib.lib : gpio.o (.text:GPIO_setAsPeripheralModuleFunctionOutputPin)
                  00003c9c    00000086     rtsv7M4_T_le_v4SPD16_eabi.lib : fd_cmp_t2.asm.obj (.text:__aeabi_cdcmple)
                  00003d22    00000086                                   : fd_cmp_t2.asm.obj (.text:__aeabi_cdrcmple)
                  00003da8    0000007a                                   : memset_t2.asm.obj (.text)
                  00003e22    00000002     --HOLE-- [fill = 0]
                  00003e24    00000078     system_msp432p401r.obj (.text:SystemInit)
                  00003e9c    00000078     rtsv7M4_T_le_v4SPD16_eabi.lib : memory.c.obj (.text:malloc)
                  00003f14    00000074                                   : fclose.c.obj (.text:__TI_closefile)
                  00003f88    0000006e                                   : _printfi.c.obj (.text:_mcpy)
                  00003ff6    00000002     --HOLE-- [fill = 0]
                  00003ff8    00000068                                   : hostlseek.c.obj (.text:HOSTlseek)
                  00004060    00000068                                   : hostrename.c.obj (.text:HOSTrename)
                  000040c8    00000068                                   : copy_decompress_lzss.c.obj (.text:decompress:lzss:__TI_decompress_lzss)
                  00004130    00000068                                   : printf.c.obj (.text:printf)
                  00004198    00000064     grlib.a : line.obj (.text:Graphics_getClipCode)
                  000041fc    00000064     Ball.obj (.text:_ZN4Ball9PrintBallEv)
                  00004260    00000064     rtsv7M4_T_le_v4SPD16_eabi.lib : s_frexp.c.obj (.text:frexp)
                  000042c4    00000064                                   : fseek.c.obj (.text:fseek)
                  00004328    00000062                                   : _io_perm.c.obj (.text:__TI_wrt_ok)
                  0000438a    00000002     --HOLE-- [fill = 0]
                  0000438c    00000060                                   : hostopen.c.obj (.text:HOSTopen)
                  000043ec    00000060     Crystalfontz128x128_ST7735.obj (.text:_ZN52_INTERNAL_30_Crystalfontz128x128_ST7735_cpp_acdafc1429Crystalfontz128x128_LineDrawHEPK16Graphics_Displayssst)
                  0000444c    00000060     Crystalfontz128x128_ST7735.obj (.text:_ZN52_INTERNAL_30_Crystalfontz128x128_ST7735_cpp_acdafc1429Crystalfontz128x128_LineDrawVEPK16Graphics_Displayssst)
                  000044ac    0000005c     rtsv7M4_T_le_v4SPD16_eabi.lib : close.c.obj (.text:close)
                  00004508    0000005a     grlib.a : context.obj (.text:Graphics_drawPixel)
                  00004562    00000002     --HOLE-- [fill = 0]
                  00004564    00000058     rtsv7M4_T_le_v4SPD16_eabi.lib : hostread.c.obj (.text:HOSTread)
                  000045bc    00000058                                   : hostwrite.c.obj (.text:HOSTwrite)
                  00004614    00000056                                   : _printfi.c.obj (.text:_pconv_f)
                  0000466a    00000002     --HOLE-- [fill = 0]
                  0000466c    00000054     msp432p4xx_driverlib.lib : adc14.o (.text:ADC14_initModule)
                  000046c0    00000054     Crystalfontz128x128_ST7735.obj (.text:_Z34Crystalfontz128x128_SetOrientationh)
                  00004714    00000054     rtsv7M4_T_le_v4SPD16_eabi.lib : ltoa.c.obj (.text:ltoa)
                  00004768    00000052     grlib.a : context.obj (.text:Graphics_initContext)
                  000047ba    00000052     rtsv7M4_T_le_v4SPD16_eabi.lib : _printfi.c.obj (.text:_ecpy)
                  0000480c    0000004c     Ball.obj (.text:_ZN4BallC1EhhP16Graphics_Context)
                  00004858    0000004c     rtsv7M4_T_le_v4SPD16_eabi.lib : fflush.c.obj (.text:__TI_doflush)
                  000048a4    0000004c                                   : atoi.c.obj (.text:atoi)
                  000048f0    00000048     main.obj (.text:_ZN25_INTERNAL_8_main_cpp_main18__NVIC_SetPriorityE4IRQnj)
                  00004938    00000048     Ball.obj (.text:_ZN4Ball9GameEndedEv)
                  00004980    00000048     rtsv7M4_T_le_v4SPD16_eabi.lib : exit.c.obj (.text:exit)
                  000049c8    00000048                                   : fd_toi_t2.asm.obj (.text)
                  00004a10    00000044                                   : hostclose.c.obj (.text:HOSTclose)
                  00004a54    00000044                                   : hostunlink.c.obj (.text:HOSTunlink)
                  00004a98    00000044                                   : autoinit.c.obj (.text:__TI_auto_init_nobinit_nopinit:__TI_auto_init_nobinit_nopinit)
                  00004adc    00000044                                   : getdevice.c.obj (.text:getdevice)
                  00004b20    00000040     msp432p4xx_driverlib.lib : gpio.o (.text:GPIO_setAsOutputPin)
                  00004b60    00000040     grlib.a : string.obj (.text:Graphics_getNumberOfLeadingZeros)
                  00004ba0    00000040     HAL_MSP_EXP432P401R_Crystalfontz128x128_ST7735.obj (.text:_Z15HAL_LCD_SpiInitv)
                  00004be0    00000040     Crystalfontz128x128_ST7735.obj (.text:_ZN52_INTERNAL_30_Crystalfontz128x128_ST7735_cpp_acdafc1429Crystalfontz128x128_PixelDrawEPK16Graphics_Displaysst)
                  00004c20    00000040     msp432p4xx_driverlib.lib : spi.o (.text:is_A_Module)
                  00004c60    0000003e     rtsv7M4_T_le_v4SPD16_eabi.lib : _printfi.c.obj (.text:_fcpy)
                  00004c9e    00000002     --HOLE-- [fill = 0]
                  00004ca0    0000003c     main.obj (.text:ADC14_IRQHandler)
                  00004cdc    0000003c     rtsv7M4_T_le_v4SPD16_eabi.lib : memory.c.obj (.text:minsert)
                  00004d18    00000038     HAL_MSP_EXP432P401R_Crystalfontz128x128_ST7735.obj (.text:_Z20HAL_LCD_writeCommandh)
                  00004d50    00000038     rtsv7M4_T_le_v4SPD16_eabi.lib : trgmsg.c.obj (.text:__TI_writemsg)
                  00004d88    00000038                                   : boot_cortex_m.c.obj (.text:_c_int00_noargs:_c_int00_noargs)
                  00004dc0    00000038                                   : memory.c.obj (.text:minit)
                  00004df8    00000036     grlib.a : display.obj (.text:Graphics_drawHorizontalLineOnDisplay)
                  00004e2e    00000036             : display.obj (.text:Graphics_drawVerticalLineOnDisplay)
                  00004e64    00000036     rtsv7M4_T_le_v4SPD16_eabi.lib : strncpy.c.obj (.text:strncpy)
                  00004e9a    00000002     --HOLE-- [fill = 0]
                  00004e9c    00000034                                   : fopen.c.obj (.text:__TI_cleanup)
                  00004ed0    00000034                                   : trgmsg.c.obj (.text:__TI_readmsg)
                  00004f04    00000030     msp432p4xx_driverlib.lib : adc14.o (.text:ADC14_setResultFormat)
                  00004f34    00000030     Functions.obj (.text:_Z12GetAccelDatav)
                  00004f64    00000030     HAL_MSP_EXP432P401R_Crystalfontz128x128_ST7735.obj (.text:_Z16HAL_LCD_PortInitv)
                  00004f94    00000030     main.obj (.text:_ZN25_INTERNAL_8_main_cpp_main16__NVIC_EnableIRQE4IRQn)
                  00004fc4    00000030     rtsv7M4_T_le_v4SPD16_eabi.lib : getdevice.c.obj (.text:finddevice)
                  00004ff4    0000002e     Ball.obj (.text:_ZN4Ball18BallReachingTargetEv)
                  00005022    0000002e     rtsv7M4_T_le_v4SPD16_eabi.lib : i_tofd_t2.asm.obj (.text)
                  00005050    0000002c     grlib.a : display.obj (.text:Graphics_drawPixelOnDisplay)
                  0000507c    0000002c     HAL_MSP_EXP432P401R_Crystalfontz128x128_ST7735.obj (.text:_Z17HAL_LCD_writeDatah)
                  000050a8    0000002c     Crystalfontz128x128_ST7735.obj (.text:_ZN52_INTERNAL_30_Crystalfontz128x128_ST7735_cpp_acdafc1431Crystalfontz128x128_ClearScreenEPK16Graphics_Displayt)
                  000050d4    0000002c     rtsv7M4_T_le_v4SPD16_eabi.lib : unlink.c.obj (.text:unlink)
                  00005100    00000028     msp432p4xx_driverlib.lib : gpio.o (.text:GPIO_setOutputHighOnPin)
                  00005128    00000028                              : gpio.o (.text:GPIO_setOutputLowOnPin)
                  00005150    00000028     Crystalfontz128x128_ST7735.obj (.text:_ZN52_INTERNAL_30_Crystalfontz128x128_ST7735_cpp_acdafc1434Crystalfontz128x128_ColorTranslateEPK16Graphics_Displayj)
                  00005178    00000028     rtsv7M4_T_le_v4SPD16_eabi.lib : lseek.c.obj (.text:lseek)
                  000051a0    00000028                                   : memory.c.obj (.text:mremove)
                  000051c8    00000028                                   : write.c.obj (.text:write)
                  000051f0    00000020     msp432p4xx_driverlib.lib : adc14.o (.text:ADC14_setResolution)
                  00005210    00000020     rtsv7M4_T_le_v4SPD16_eabi.lib : memchr.c.obj (.text:memchr)
                  00005230    0000001c     msp432p4xx_driverlib.lib : adc14.o (.text:ADC14_getResult)
                  0000524c    0000001c                              : spi.o (.text:SPI_enableModule)
                  00005268    0000001c     rtsv7M4_T_le_v4SPD16_eabi.lib : memccpy.c.obj (.text:memccpy)
                  00005284    0000001a     grlib.a : display.obj (.text:Graphics_clearDisplayOnDisplay)
                  0000529e    0000001a             : context.obj (.text:Graphics_setBackgroundColor)
                  000052b8    0000001a             : context.obj (.text:Graphics_setFont)
                  000052d2    00000018     rtsv7M4_T_le_v4SPD16_eabi.lib : strcmp.c.obj (.text:strcmp)
                  000052ea    00000016     msp432p4xx_driverlib.lib : spi.o (.text:EUSCI_A_SPI_enable)
                  00005300    00000016                              : spi.o (.text:EUSCI_B_SPI_enable)
                  00005316    00000016     grlib.a : context.obj (.text:Graphics_setForegroundColor)
                  0000532c    00000016             : display.obj (.text:Graphics_translateColorOnDisplay)
                  00005342    00000016     rtsv7M4_T_le_v4SPD16_eabi.lib : strchr.c.obj (.text:strchr)
                  00005358    00000014                                   : s_copysign.c.obj (.text:copysign)
                  0000536c    00000014                                   : strcpy.c.obj (.text:strcpy)
                  00005380    00000014                                   : strlen.c.obj (.text:strlen)
                  00005394    00000012     grlib.a : context.obj (.text:Graphics_clearDisplay)
                  000053a6    00000012     rtsv7M4_T_le_v4SPD16_eabi.lib : copy_zero_init.c.obj (.text:decompress:ZI:__TI_zero_init_nomemset:__TI_zero_init_nomemset)
                  000053b8    00000012                                   : wcslen.c.obj (.text:wcslen)
                  000053ca    00000002     --HOLE-- [fill = 0]
                  000053cc    00000010     msp432p4xx_driverlib.lib : adc14.o (.text:ADCIsConversionRunning)
                  000053dc    0000000e     rtsv7M4_T_le_v4SPD16_eabi.lib : copy_decompress_none.c.obj (.text:decompress:none:__TI_decompress_none)
                  000053ea    0000000c     startup_msp432p401r_ccs.obj (.text:Reset_Handler)
                  000053f6    0000000a     Crystalfontz128x128_ST7735.obj (.text:_ZN52_INTERNAL_30_Crystalfontz128x128_ST7735_cpp_acdafc1425Crystalfontz128x128_FlushEPK16Graphics_Display)
                  00005400    00000008     rtsv7M4_T_le_v4SPD16_eabi.lib : errno.c.obj (.text:__aeabi_errno_addr)
                  00005408    00000004                                   : printf.c.obj (.text:_outc)
                  0000540c    00000004                                   : printf.c.obj (.text:_outs)
                  00005410    00000004                                   : pre_init.c.obj (.text:_system_pre_init)
                  00005414    00000004                                   : exit.c.obj (.text:abort:abort)

.const     0    00005418    000012f6     
                  00005418    00000c56     grlib.a : fontcm28.obj (.const:.string:g_pucCm28Data)
                  0000606e    000002f8             : fontfixed6x8.obj (.const:.string:g_pucFontFixed6x8Data)
                  00006366    00000101     rtsv7M4_T_le_v4SPD16_eabi.lib : ctype.c.obj (.const:.string:_ctypes_)
                  00006467    00000001     --HOLE-- [fill = 0]
                  00006468    000000c8     grlib.a : fontcm28.obj (.const:g_sFontCm28)
                  00006530    000000c8             : fontfixed6x8.obj (.const:g_sFontFixed6x8)
                  000065f8    00000080     msp432p4xx_driverlib.lib : adc14.o (.const:_ctlRegs)
                  00006678    00000030                              : gpio.o (.const:GPIO_PORT_TO_BASE)
                  000066a8    00000020     Crystalfontz128x128_ST7735.obj (.const:g_sCrystalfontz128x128_funcs)
                  000066c8    0000001c     HAL_MSP_EXP432P401R_Crystalfontz128x128_ST7735.obj (.const:$P$T40$1)
                  000066e4    00000009     Functions.obj (.const:.string:$P$T40$1)
                  000066ed    00000001     --HOLE-- [fill = 0]
                  000066ee    00000008     Crystalfontz128x128_ST7735.obj (.const:$P$T40$1)
                  000066f6    00000008     Functions.obj (.const:$P$T41$2)
                  000066fe    00000008     Ball.obj (.const:.string:$P$T45$3)
                  00006706    00000004     Ball.obj (.const:$P$T40$1)
                  0000670a    00000004     Ball.obj (.const:$P$T41$2)

.cinit     0    00006710    000000a0     
                  00006710    00000077     (.cinit..data.load) [load image, compression = lzss]
                  00006787    00000001     --HOLE-- [fill = 0]
                  00006788    0000000c     (__TI_handler_table)
                  00006794    00000004     --HOLE-- [fill = 0]
                  00006798    00000008     (.cinit..bss.load) [load image, compression = zero_init]
                  000067a0    00000010     (__TI_cinit_table)

.init_array 
*          0    00000000    00000000     UNINITIALIZED

.binit     0    00000000    00000000     

.sysmem    0    20000000    00000800     UNINITIALIZED
                  20000000    00000008     rtsv7M4_T_le_v4SPD16_eabi.lib : memory.c.obj (.sysmem)
                  20000008    000007f8     --HOLE--

.bss       0    20000800    0000022a     UNINITIALIZED
                  20000800    00000120     rtsv7M4_T_le_v4SPD16_eabi.lib : trgmsg.c.obj (.bss:_CIOBUF_)
                  20000920    000000a0     (.common:__TI_tmpnams)
                  200009c0    0000001c     (.common:g_sBall1)
                  200009dc    0000001c     (.common:g_sBall2)
                  200009f8    0000001c     (.common:g_sGeneral)
                  20000a14    00000008     (.common:parmbuf)
                  20000a1c    00000004     (.common:g_u16resultsBuffer)
                  20000a20    00000002     (.common:Lcd_ScreenHeigth)
                  20000a22    00000002     (.common:Lcd_ScreenWidth)
                  20000a24    00000002     (.common:Lcd_TouchTrim)
                  20000a26    00000001     (.common:Lcd_FlagRead)
                  20000a27    00000001     (.common:Lcd_FontSolid)
                  20000a28    00000001     (.common:Lcd_Orientation)
                  20000a29    00000001     (.common:Lcd_PenSolid)

.data      0    20000a2c    000001fc     UNINITIALIZED
                  20000a2c    000000f0     rtsv7M4_T_le_v4SPD16_eabi.lib : defs.c.obj (.data:_ftable)
                  20000b1c    00000078                                   : write.c.obj (.data:_device)
                  20000b94    00000050                                   : write.c.obj (.data:_stream)
                  20000be4    00000010     Crystalfontz128x128_ST7735.obj (.data:g_sCrystalfontz128x128)
                  20000bf4    00000010     rtsv7M4_T_le_v4SPD16_eabi.lib : defs.c.obj (.data)
                  20000c04    0000000c                                   : exit.c.obj (.data:$O1$$)
                  20000c10    0000000c                                   : memory.c.obj (.data:$O1$$)
                  20000c1c    00000008                                   : _lock.c.obj (.data:$O1$$)
                  20000c24    00000004                                   : errno.c.obj (.data)

.stack     0    2000fe00    00000200     UNINITIALIZED
                  2000fe00    00000004     rtsv7M4_T_le_v4SPD16_eabi.lib : boot_cortex_m.c.obj (.stack)
                  2000fe04    000001fc     --HOLE--

MODULE SUMMARY

       Module                                               code    ro data   rw data
       ------                                               ----    -------   -------
    .\
       Ball.obj                                             2092    16        176    
       Functions.obj                                        788     17        0      
       main.obj                                             512     0         0      
       system_msp432p401r.obj                               120     0         0      
    +--+----------------------------------------------------+-------+---------+---------+
       Total:                                               3512    33        176    
                                                                                     
    .\LcdDriver\
       Crystalfontz128x128_ST7735.obj                       1670    40        52     
       HAL_MSP_EXP432P401R_Crystalfontz128x128_ST7735.obj   212     28        0      
    +--+----------------------------------------------------+-------+---------+---------+
       Total:                                               1882    68        52     
                                                                                     
    .\ccs\
       startup_msp432p401r_ccs.obj                          14      228       0      
    +--+----------------------------------------------------+-------+---------+---------+
       Total:                                               14      228       0      
                                                                                     
    C:/ti/simplelink_msp432p4_sdk_2_20_00_12/source/ti/devices/msp432p4xx/driverlib/ccs/msp432p4xx_driverlib.lib
       adc14.o                                              560     128       0      
       gpio.o                                               280     48        0      
       spi.o                                                312     0         0      
    +--+----------------------------------------------------+-------+---------+---------+
       Total:                                               1152    176       0      
                                                                                     
    C:/ti/simplelink_msp432p4_sdk_2_20_00_12/source/ti/grlib/lib/ccs/m4f/grlib.a
       fontcm28.obj                                         0       3358      0      
       string.obj                                           1214    0         0      
       circle.obj                                           1176    0         0      
       line.obj                                             1168    0         0      
       fontfixed6x8.obj                                     0       960       0      
       context.obj                                          264     0         0      
       display.obj                                          200     0         0      
       rectangle.obj                                        162     0         0      
    +--+----------------------------------------------------+-------+---------+---------+
       Total:                                               4184    4318      0      
                                                                                     
    C:\ti\ccsv8\tools\compiler\ti-cgt-arm_18.1.2.LTS\lib\rtsv7M4_T_le_v4SPD16_eabi.lib
       _printfi.c.obj                                       4863    0         0      
       defs.c.obj                                           0       0         832    
       trgmsg.c.obj                                         108     0         576    
       memory.c.obj                                         492     0         24     
       write.c.obj                                          40      0         400    
       fd_add_t2.asm.obj                                    438     0         0      
       fd_div_t2.asm.obj                                    310     0         0      
       fputs.c.obj                                          276     0         0      
       s_scalbn.c.obj                                       272     0         0      
       fd_cmp_t2.asm.obj                                    268     0         0      
       ctype.c.obj                                          0       257       0      
       fd_mul_t2.asm.obj                                    252     0         0      
       setvbuf.c.obj                                        220     0         0      
       memcpy_t2.asm.obj                                    156     0         0      
       ull_div_t2.asm.obj                                   150     0         0      
       fputc.c.obj                                          140     0         0      
       memset_t2.asm.obj                                    122     0         0      
       fclose.c.obj                                         116     0         0      
       getdevice.c.obj                                      116     0         0      
       hostopen.c.obj                                       96      0         16     
       printf.c.obj                                         112     0         0      
       copy_decompress_lzss.c.obj                           104     0         0      
       hostlseek.c.obj                                      104     0         0      
       hostrename.c.obj                                     104     0         0      
       exit.c.obj                                           76      0         24     
       fseek.c.obj                                          100     0         0      
       s_frexp.c.obj                                        100     0         0      
       _io_perm.c.obj                                       98      0         0      
       close.c.obj                                          92      0         0      
       hostread.c.obj                                       88      0         0      
       hostwrite.c.obj                                      88      0         0      
       ltoa.c.obj                                           84      0         0      
       atoi.c.obj                                           76      0         0      
       fflush.c.obj                                         76      0         0      
       fd_toi_t2.asm.obj                                    72      0         0      
       autoinit.c.obj                                       68      0         0      
       hostclose.c.obj                                      68      0         0      
       hostunlink.c.obj                                     68      0         0      
       boot_cortex_m.c.obj                                  56      0         0      
       strncpy.c.obj                                        54      0         0      
       fopen.c.obj                                          52      0         0      
       i_tofd_t2.asm.obj                                    46      0         0      
       unlink.c.obj                                         44      0         0      
       lseek.c.obj                                          40      0         0      
       memchr.c.obj                                         32      0         0      
       memccpy.c.obj                                        28      0         0      
       strcmp.c.obj                                         24      0         0      
       strchr.c.obj                                         22      0         0      
       s_copysign.c.obj                                     20      0         0      
       strcpy.c.obj                                         20      0         0      
       strlen.c.obj                                         20      0         0      
       _lock.c.obj                                          2       0         16     
       copy_zero_init.c.obj                                 18      0         0      
       wcslen.c.obj                                         18      0         0      
       errno.c.obj                                          8       0         8      
       copy_decompress_none.c.obj                           14      0         0      
       pre_init.c.obj                                       4       0         0      
       div0.asm.obj                                         2       0         0      
    +--+----------------------------------------------------+-------+---------+---------+
       Total:                                               10537   257       1896   
                                                                                     
       Heap:                                                0       0         4096   
       Stack:                                               0       0         1024   
       Linker Generated:                                    0       155       0      
    +--+----------------------------------------------------+-------+---------+---------+
       Grand Total:                                         21281   5235      7244   


LINKER GENERATED COPY TABLES

__TI_cinit_table @ 000067a0 records: 2, size/record: 8, table size: 16
	.data: load addr=00006710, load size=00000077 bytes, run addr=20000a2c, run size=000001fc bytes, compression=lzss
	.bss: load addr=00006798, load size=00000008 bytes, run addr=20000800, run size=0000022a bytes, compression=zero_init


LINKER GENERATED HANDLER TABLE

__TI_handler_table @ 00006788 records: 3, size/record: 4, table size: 12
	index: 0, handler: __TI_decompress_lzss
	index: 1, handler: __TI_decompress_none
	index: 2, handler: __TI_zero_init


GLOBAL SYMBOLS: SORTED ALPHABETICALLY BY Name 

address   name                                       
-------   ----                                       
00004ca1  ADC14_IRQHandler                           
00004ca1  ADC14_IRQHandler                           
00005231  ADC14_getResult                            
0000466d  ADC14_initModule                           
000051f1  ADC14_setResolution                        
00004f05  ADC14_setResultFormat                      
00001613  AES256_IRQHandler                          
00001613  BusFault_Handler                           
00005415  C$$EXIT                                    
00004d7f  C$$IO$$                                    
00001613  COMP_E0_IRQHandler                         
00001613  COMP_E1_IRQHandler                         
00001613  CS_IRQHandler                              
00001613  DMA_ERR_IRQHandler                         
00001613  DMA_INT0_IRQHandler                        
00001613  DMA_INT1_IRQHandler                        
00001613  DMA_INT2_IRQHandler                        
00001613  DMA_INT3_IRQHandler                        
00001613  DebugMon_Handler                           
00001613  Default_Handler                            
00001613  EUSCIA0_IRQHandler                         
00001613  EUSCIA1_IRQHandler                         
00001613  EUSCIA2_IRQHandler                         
00001613  EUSCIA3_IRQHandler                         
00001613  EUSCIB0_IRQHandler                         
00001613  EUSCIB1_IRQHandler                         
00001613  EUSCIB2_IRQHandler                         
00001613  EUSCIB3_IRQHandler                         
000052eb  EUSCI_A_SPI_enable                         
00005301  EUSCI_B_SPI_enable                         
00001613  FLCTL_IRQHandler                           
00001613  FPU_IRQHandler                             
00004b21  GPIO_setAsOutputPin                        
00003c15  GPIO_setAsPeripheralModuleFunctionOutputPin
00005101  GPIO_setOutputHighOnPin                    
00005129  GPIO_setOutputLowOnPin                     
00005395  Graphics_clearDisplay                      
00005285  Graphics_clearDisplayOnDisplay             
00001885  Graphics_drawCircle                        
00004df9  Graphics_drawHorizontalLineOnDisplay       
000025db  Graphics_drawLine                          
000037f5  Graphics_drawLineH                         
00003891  Graphics_drawLineV                         
00004509  Graphics_drawPixel                         
00005051  Graphics_drawPixelOnDisplay                
00003753  Graphics_drawRectangle                     
00001195  Graphics_drawString                        
00004e2f  Graphics_drawVerticalLineOnDisplay         
00001af3  Graphics_fillCircle                        
00004769  Graphics_initContext                       
0000529f  Graphics_setBackgroundColor                
000052b9  Graphics_setFont                           
00005317  Graphics_setForegroundColor                
0000532d  Graphics_translateColorOnDisplay           
00004a11  HOSTclose                                  
00003ff9  HOSTlseek                                  
0000438d  HOSTopen                                   
00004565  HOSTread                                   
00004061  HOSTrename                                 
00004a55  HOSTunlink                                 
000045bd  HOSTwrite                                  
00001613  HardFault_Handler                          
20000a26  Lcd_FlagRead                               
20000a27  Lcd_FontSolid                              
20000a28  Lcd_Orientation                            
20000a29  Lcd_PenSolid                               
20000a20  Lcd_ScreenHeigth                           
20000a22  Lcd_ScreenWidth                            
20000a24  Lcd_TouchTrim                              
00001613  MemManage_Handler                          
00001613  NMI_Handler                                
00001613  PCM_IRQHandler                             
00001613  PORT1_IRQHandler                           
00001613  PORT2_IRQHandler                           
00001613  PORT3_IRQHandler                           
00001613  PORT4_IRQHandler                           
00001613  PORT5_IRQHandler                           
00001613  PORT6_IRQHandler                           
00001613  PSS_IRQHandler                             
00001613  PendSV_Handler                             
00001613  RTC_C_IRQHandler                           
000053eb  Reset_Handler                              
0000524d  SPI_enableModule                           
000036a3  SPI_initMaster                             
00001613  SVC_Handler                                
00001613  SysTick_Handler                            
00003e25  SystemInit                                 
00001613  T32_INT1_IRQHandler                        
00001613  T32_INT2_IRQHandler                        
00001613  T32_INTC_IRQHandler                        
00001613  TA0_0_IRQHandler                           
00001613  TA0_N_IRQHandler                           
00001613  TA1_0_IRQHandler                           
00001613  TA1_N_IRQHandler                           
00001613  TA2_0_IRQHandler                           
00001613  TA2_N_IRQHandler                           
00001613  TA3_0_IRQHandler                           
00001613  TA3_N_IRQHandler                           
00001613  UsageFault_Handler                         
4000480c  WDTCTL_SYM                                 
00001613  WDT_A_IRQHandler                           
00001d1d  _Z10CreateMazev                            
000030c9  _Z11SetupScreenv                           
00004f35  _Z12GetAccelDatav                          
00004ba1  _Z15HAL_LCD_SpiInitv                       
00004f65  _Z16HAL_LCD_PortInitv                      
0000507d  _Z17HAL_LCD_writeDatah                     
0000347d  _Z18SetupAccelerometerv                    
00004d19  _Z20HAL_LCD_writeCommandh                  
00002c59  _Z24Crystalfontz128x128_Initv              
00002b25  _Z32Crystalfontz128x128_SetDrawFrametttt   
000046c1  _Z34Crystalfontz128x128_SetOrientationh    
0000353d  _ZN4Ball15GetBallPositionEv                
00004ff5  _ZN4Ball18BallReachingTargetEv             
00000b43  _ZN4Ball18CheckBallCollisionEv             
00004939  _ZN4Ball9GameEndedEv                       
000041fd  _ZN4Ball9PrintBallEv                       
0000480d  _ZN4BallC1EhhP16Graphics_Context           
0000480d  _ZN4BallC2EhhP16Graphics_Context           
20000800  __CIOBUF_                                  
20010000  __STACK_END                                
00000200  __STACK_SIZE                               
00000800  __SYSMEM_SIZE                              
000067a0  __TI_CINIT_Base                            
000067b0  __TI_CINIT_Limit                           
00006788  __TI_Handler_Table_Base                    
00006794  __TI_Handler_Table_Limit                   
00004a99  __TI_auto_init_nobinit_nopinit             
00004e9d  __TI_cleanup                               
20000c04  __TI_cleanup_ptr                           
00003f15  __TI_closefile                             
000040c9  __TI_decompress_lzss                       
000053dd  __TI_decompress_none                       
00004859  __TI_doflush                               
20000c08  __TI_dtors_ptr                             
20000c0c  __TI_enable_exit_profile_output            
20000bf4  __TI_ft_end                                
ffffffff  __TI_pprof_out_hndl                        
000000e5  __TI_printfi                               
ffffffff  __TI_prof_data_size                        
ffffffff  __TI_prof_data_start                       
00004ed1  __TI_readmsg                               
00000000  __TI_static_base__                         
20000920  __TI_tmpnams                               
00004d51  __TI_writemsg                              
00004329  __TI_wrt_ok                                
000053a7  __TI_zero_init_nomemset                    
00003c9d  __aeabi_cdcmpeq                            
00003c9d  __aeabi_cdcmple                            
00003d23  __aeabi_cdrcmple                           
000049c9  __aeabi_d2iz                               
000022af  __aeabi_dadd                               
000029ed  __aeabi_ddiv                               
000031cd  __aeabi_dmul                               
000022a5  __aeabi_dsub                               
00005401  __aeabi_errno_addr                         
00005023  __aeabi_i2d                                
00002b23  __aeabi_idiv0                              
00002b23  __aeabi_ldiv0                              
00003da9  __aeabi_memclr                             
00003da9  __aeabi_memclr4                            
00003da9  __aeabi_memclr8                            
000039c9  __aeabi_memcpy                             
000039c9  __aeabi_memcpy4                            
000039c9  __aeabi_memcpy8                            
00003dab  __aeabi_memset                             
00003dab  __aeabi_memset4                            
00003dab  __aeabi_memset8                            
20000c00  __aeabi_stderr                             
20000bf8  __aeabi_stdin                              
20000bfc  __aeabi_stdout                             
00003a65  __aeabi_uldivmod                           
ffffffff  __binit__                                  
ffffffff  __c_args__                                 
UNDEFED   __mpu_init                                 
2000fe00  __stack                                    
00004d89  _c_int00_noargs                            
00006366  _ctypes_                                   
20000b1c  _device                                    
20000a2c  _ftable                                    
20000c1c  _lock                                      
0000274f  _nop                                       
20000b94  _stream                                    
20000000  _sys_memory                                
UNDEFED   _system_post_cinit                         
00005411  _system_pre_init                           
20000c20  _unlock                                    
00005415  abort                                      
000048a5  atoi                                       
ffffffff  binit                                      
000044ad  close                                      
00005359  copysign                                   
00005359  copysignl                                  
20000c24  errno                                      
00004981  exit                                       
00004fc5  finddevice                                 
00003afd  fputc                                      
00002ea5  fputs                                      
000033a5  free                                       
00004261  frexp                                      
00004261  frexpl                                     
000042c5  fseek                                      
200009c0  g_sBall1                                   
200009dc  g_sBall2                                   
20000be4  g_sCrystalfontz128x128                     
000066a8  g_sCrystalfontz128x128_funcs               
00006468  g_sFontCm28                                
00006530  g_sFontFixed6x8                            
200009f8  g_sGeneral                                 
20000a1c  g_u16resultsBuffer                         
00004add  getdevice                                  
00000000  interruptVectors                           
00002fb9  ldexp                                      
00002fb9  ldexpl                                     
00005179  lseek                                      
00004715  ltoa                                       
00003b89  main                                       
00003e9d  malloc                                     
00005269  memccpy                                    
00005211  memchr                                     
000039c9  memcpy                                     
00003db1  memset                                     
00004dc1  minit                                      
20000a14  parmbuf                                    
00004131  printf                                     
00003afd  putc                                       
000050d5  remove                                     
00002fb9  scalbn                                     
00002fb9  scalbnl                                    
000032c9  setvbuf                                    
00005343  strchr                                     
000052d3  strcmp                                     
0000536d  strcpy                                     
00005381  strlen                                     
00004e65  strncpy                                    
000050d5  unlink                                     
000053b9  wcslen                                     
000051c9  write                                      


GLOBAL SYMBOLS: SORTED BY Symbol Address 

address   name                                       
-------   ----                                       
00000000  __TI_static_base__                         
00000000  interruptVectors                           
000000e5  __TI_printfi                               
00000200  __STACK_SIZE                               
00000800  __SYSMEM_SIZE                              
00000b43  _ZN4Ball18CheckBallCollisionEv             
00001195  Graphics_drawString                        
00001613  AES256_IRQHandler                          
00001613  BusFault_Handler                           
00001613  COMP_E0_IRQHandler                         
00001613  COMP_E1_IRQHandler                         
00001613  CS_IRQHandler                              
00001613  DMA_ERR_IRQHandler                         
00001613  DMA_INT0_IRQHandler                        
00001613  DMA_INT1_IRQHandler                        
00001613  DMA_INT2_IRQHandler                        
00001613  DMA_INT3_IRQHandler                        
00001613  DebugMon_Handler                           
00001613  Default_Handler                            
00001613  EUSCIA0_IRQHandler                         
00001613  EUSCIA1_IRQHandler                         
00001613  EUSCIA2_IRQHandler                         
00001613  EUSCIA3_IRQHandler                         
00001613  EUSCIB0_IRQHandler                         
00001613  EUSCIB1_IRQHandler                         
00001613  EUSCIB2_IRQHandler                         
00001613  EUSCIB3_IRQHandler                         
00001613  FLCTL_IRQHandler                           
00001613  FPU_IRQHandler                             
00001613  HardFault_Handler                          
00001613  MemManage_Handler                          
00001613  NMI_Handler                                
00001613  PCM_IRQHandler                             
00001613  PORT1_IRQHandler                           
00001613  PORT2_IRQHandler                           
00001613  PORT3_IRQHandler                           
00001613  PORT4_IRQHandler                           
00001613  PORT5_IRQHandler                           
00001613  PORT6_IRQHandler                           
00001613  PSS_IRQHandler                             
00001613  PendSV_Handler                             
00001613  RTC_C_IRQHandler                           
00001613  SVC_Handler                                
00001613  SysTick_Handler                            
00001613  T32_INT1_IRQHandler                        
00001613  T32_INT2_IRQHandler                        
00001613  T32_INTC_IRQHandler                        
00001613  TA0_0_IRQHandler                           
00001613  TA0_N_IRQHandler                           
00001613  TA1_0_IRQHandler                           
00001613  TA1_N_IRQHandler                           
00001613  TA2_0_IRQHandler                           
00001613  TA2_N_IRQHandler                           
00001613  TA3_0_IRQHandler                           
00001613  TA3_N_IRQHandler                           
00001613  UsageFault_Handler                         
00001613  WDT_A_IRQHandler                           
00001885  Graphics_drawCircle                        
00001af3  Graphics_fillCircle                        
00001d1d  _Z10CreateMazev                            
000022a5  __aeabi_dsub                               
000022af  __aeabi_dadd                               
000025db  Graphics_drawLine                          
0000274f  _nop                                       
000029ed  __aeabi_ddiv                               
00002b23  __aeabi_idiv0                              
00002b23  __aeabi_ldiv0                              
00002b25  _Z32Crystalfontz128x128_SetDrawFrametttt   
00002c59  _Z24Crystalfontz128x128_Initv              
00002ea5  fputs                                      
00002fb9  ldexp                                      
00002fb9  ldexpl                                     
00002fb9  scalbn                                     
00002fb9  scalbnl                                    
000030c9  _Z11SetupScreenv                           
000031cd  __aeabi_dmul                               
000032c9  setvbuf                                    
000033a5  free                                       
0000347d  _Z18SetupAccelerometerv                    
0000353d  _ZN4Ball15GetBallPositionEv                
000036a3  SPI_initMaster                             
00003753  Graphics_drawRectangle                     
000037f5  Graphics_drawLineH                         
00003891  Graphics_drawLineV                         
000039c9  __aeabi_memcpy                             
000039c9  __aeabi_memcpy4                            
000039c9  __aeabi_memcpy8                            
000039c9  memcpy                                     
00003a65  __aeabi_uldivmod                           
00003afd  fputc                                      
00003afd  putc                                       
00003b89  main                                       
00003c15  GPIO_setAsPeripheralModuleFunctionOutputPin
00003c9d  __aeabi_cdcmpeq                            
00003c9d  __aeabi_cdcmple                            
00003d23  __aeabi_cdrcmple                           
00003da9  __aeabi_memclr                             
00003da9  __aeabi_memclr4                            
00003da9  __aeabi_memclr8                            
00003dab  __aeabi_memset                             
00003dab  __aeabi_memset4                            
00003dab  __aeabi_memset8                            
00003db1  memset                                     
00003e25  SystemInit                                 
00003e9d  malloc                                     
00003f15  __TI_closefile                             
00003ff9  HOSTlseek                                  
00004061  HOSTrename                                 
000040c9  __TI_decompress_lzss                       
00004131  printf                                     
000041fd  _ZN4Ball9PrintBallEv                       
00004261  frexp                                      
00004261  frexpl                                     
000042c5  fseek                                      
00004329  __TI_wrt_ok                                
0000438d  HOSTopen                                   
000044ad  close                                      
00004509  Graphics_drawPixel                         
00004565  HOSTread                                   
000045bd  HOSTwrite                                  
0000466d  ADC14_initModule                           
000046c1  _Z34Crystalfontz128x128_SetOrientationh    
00004715  ltoa                                       
00004769  Graphics_initContext                       
0000480d  _ZN4BallC1EhhP16Graphics_Context           
0000480d  _ZN4BallC2EhhP16Graphics_Context           
00004859  __TI_doflush                               
000048a5  atoi                                       
00004939  _ZN4Ball9GameEndedEv                       
00004981  exit                                       
000049c9  __aeabi_d2iz                               
00004a11  HOSTclose                                  
00004a55  HOSTunlink                                 
00004a99  __TI_auto_init_nobinit_nopinit             
00004add  getdevice                                  
00004b21  GPIO_setAsOutputPin                        
00004ba1  _Z15HAL_LCD_SpiInitv                       
00004ca1  ADC14_IRQHandler                           
00004ca1  ADC14_IRQHandler                           
00004d19  _Z20HAL_LCD_writeCommandh                  
00004d51  __TI_writemsg                              
00004d7f  C$$IO$$                                    
00004d89  _c_int00_noargs                            
00004dc1  minit                                      
00004df9  Graphics_drawHorizontalLineOnDisplay       
00004e2f  Graphics_drawVerticalLineOnDisplay         
00004e65  strncpy                                    
00004e9d  __TI_cleanup                               
00004ed1  __TI_readmsg                               
00004f05  ADC14_setResultFormat                      
00004f35  _Z12GetAccelDatav                          
00004f65  _Z16HAL_LCD_PortInitv                      
00004fc5  finddevice                                 
00004ff5  _ZN4Ball18BallReachingTargetEv             
00005023  __aeabi_i2d                                
00005051  Graphics_drawPixelOnDisplay                
0000507d  _Z17HAL_LCD_writeDatah                     
000050d5  remove                                     
000050d5  unlink                                     
00005101  GPIO_setOutputHighOnPin                    
00005129  GPIO_setOutputLowOnPin                     
00005179  lseek                                      
000051c9  write                                      
000051f1  ADC14_setResolution                        
00005211  memchr                                     
00005231  ADC14_getResult                            
0000524d  SPI_enableModule                           
00005269  memccpy                                    
00005285  Graphics_clearDisplayOnDisplay             
0000529f  Graphics_setBackgroundColor                
000052b9  Graphics_setFont                           
000052d3  strcmp                                     
000052eb  EUSCI_A_SPI_enable                         
00005301  EUSCI_B_SPI_enable                         
00005317  Graphics_setForegroundColor                
0000532d  Graphics_translateColorOnDisplay           
00005343  strchr                                     
00005359  copysign                                   
00005359  copysignl                                  
0000536d  strcpy                                     
00005381  strlen                                     
00005395  Graphics_clearDisplay                      
000053a7  __TI_zero_init_nomemset                    
000053b9  wcslen                                     
000053dd  __TI_decompress_none                       
000053eb  Reset_Handler                              
00005401  __aeabi_errno_addr                         
00005411  _system_pre_init                           
00005415  C$$EXIT                                    
00005415  abort                                      
00006366  _ctypes_                                   
00006468  g_sFontCm28                                
00006530  g_sFontFixed6x8                            
000066a8  g_sCrystalfontz128x128_funcs               
00006788  __TI_Handler_Table_Base                    
00006794  __TI_Handler_Table_Limit                   
000067a0  __TI_CINIT_Base                            
000067b0  __TI_CINIT_Limit                           
20000000  _sys_memory                                
20000800  __CIOBUF_                                  
20000920  __TI_tmpnams                               
200009c0  g_sBall1                                   
200009dc  g_sBall2                                   
200009f8  g_sGeneral                                 
20000a14  parmbuf                                    
20000a1c  g_u16resultsBuffer                         
20000a20  Lcd_ScreenHeigth                           
20000a22  Lcd_ScreenWidth                            
20000a24  Lcd_TouchTrim                              
20000a26  Lcd_FlagRead                               
20000a27  Lcd_FontSolid                              
20000a28  Lcd_Orientation                            
20000a29  Lcd_PenSolid                               
20000a2c  _ftable                                    
20000b1c  _device                                    
20000b94  _stream                                    
20000be4  g_sCrystalfontz128x128                     
20000bf4  __TI_ft_end                                
20000bf8  __aeabi_stdin                              
20000bfc  __aeabi_stdout                             
20000c00  __aeabi_stderr                             
20000c04  __TI_cleanup_ptr                           
20000c08  __TI_dtors_ptr                             
20000c0c  __TI_enable_exit_profile_output            
20000c1c  _lock                                      
20000c20  _unlock                                    
20000c24  errno                                      
2000fe00  __stack                                    
20010000  __STACK_END                                
4000480c  WDTCTL_SYM                                 
ffffffff  __TI_pprof_out_hndl                        
ffffffff  __TI_prof_data_size                        
ffffffff  __TI_prof_data_start                       
ffffffff  __binit__                                  
ffffffff  __c_args__                                 
ffffffff  binit                                      
UNDEFED   __mpu_init                                 
UNDEFED   _system_post_cinit                         

[238 symbols]
