<?xml version="1.0" encoding="ISO-8859-1" ?>
<link_info>
   <banner>TI ARM Linker PC v18.1.2.LTS</banner>
   <copyright>Copyright (c) 1996-2017 Texas Instruments Incorporated</copyright>
   <link_time>0x5b4feb9b</link_time>
   <link_errors>0x0</link_errors>
   <output_file>FinalProject_EmbeddedSystems.out</output_file>
   <entry_point>
      <name>_c_int00_noargs</name>
      <address>0x4e69</address>
   </entry_point>
   <input_file_list>
      <input_file id="fl-2">
         <path>.\</path>
         <kind>object</kind>
         <file>Ball.obj</file>
         <name>Ball.obj</name>
      </input_file>
      <input_file id="fl-3">
         <path>.\</path>
         <kind>object</kind>
         <file>Functions.obj</file>
         <name>Functions.obj</name>
      </input_file>
      <input_file id="fl-4">
         <path>.\</path>
         <kind>object</kind>
         <file>PacMan.obj</file>
         <name>PacMan.obj</name>
      </input_file>
      <input_file id="fl-5">
         <path>.\</path>
         <kind>object</kind>
         <file>main.obj</file>
         <name>main.obj</name>
      </input_file>
      <input_file id="fl-6">
         <path>.\</path>
         <kind>object</kind>
         <file>system_msp432p401r.obj</file>
         <name>system_msp432p401r.obj</name>
      </input_file>
      <input_file id="fl-7">
         <path>.\LcdDriver\</path>
         <kind>object</kind>
         <file>Crystalfontz128x128_ST7735.obj</file>
         <name>Crystalfontz128x128_ST7735.obj</name>
      </input_file>
      <input_file id="fl-8">
         <path>.\LcdDriver\</path>
         <kind>object</kind>
         <file>HAL_MSP_EXP432P401R_Crystalfontz128x128_ST7735.obj</file>
         <name>HAL_MSP_EXP432P401R_Crystalfontz128x128_ST7735.obj</name>
      </input_file>
      <input_file id="fl-9">
         <path>.\ccs\</path>
         <kind>object</kind>
         <file>startup_msp432p401r_ccs.obj</file>
         <name>startup_msp432p401r_ccs.obj</name>
      </input_file>
      <input_file id="fl-14">
         <kind>object</kind>
         <file>&lt;internal&gt;</file>
         <name>&lt;internal&gt;</name>
      </input_file>
      <input_file id="fl-15">
         <path>C:\ti\simplelink_msp432p4_sdk_2_20_00_12\source\ti\grlib\lib\ccs\m4f\</path>
         <kind>archive</kind>
         <file>grlib.a</file>
         <name>circle.obj</name>
      </input_file>
      <input_file id="fl-16">
         <path>C:\ti\simplelink_msp432p4_sdk_2_20_00_12\source\ti\grlib\lib\ccs\m4f\</path>
         <kind>archive</kind>
         <file>grlib.a</file>
         <name>context.obj</name>
      </input_file>
      <input_file id="fl-17">
         <path>C:\ti\simplelink_msp432p4_sdk_2_20_00_12\source\ti\grlib\lib\ccs\m4f\</path>
         <kind>archive</kind>
         <file>grlib.a</file>
         <name>display.obj</name>
      </input_file>
      <input_file id="fl-18">
         <path>C:\ti\simplelink_msp432p4_sdk_2_20_00_12\source\ti\grlib\lib\ccs\m4f\</path>
         <kind>archive</kind>
         <file>grlib.a</file>
         <name>fontcm28.obj</name>
      </input_file>
      <input_file id="fl-19">
         <path>C:\ti\simplelink_msp432p4_sdk_2_20_00_12\source\ti\grlib\lib\ccs\m4f\</path>
         <kind>archive</kind>
         <file>grlib.a</file>
         <name>fontfixed6x8.obj</name>
      </input_file>
      <input_file id="fl-1a">
         <path>C:\ti\simplelink_msp432p4_sdk_2_20_00_12\source\ti\grlib\lib\ccs\m4f\</path>
         <kind>archive</kind>
         <file>grlib.a</file>
         <name>line.obj</name>
      </input_file>
      <input_file id="fl-1b">
         <path>C:\ti\simplelink_msp432p4_sdk_2_20_00_12\source\ti\grlib\lib\ccs\m4f\</path>
         <kind>archive</kind>
         <file>grlib.a</file>
         <name>rectangle.obj</name>
      </input_file>
      <input_file id="fl-1c">
         <path>C:\ti\simplelink_msp432p4_sdk_2_20_00_12\source\ti\grlib\lib\ccs\m4f\</path>
         <kind>archive</kind>
         <file>grlib.a</file>
         <name>string.obj</name>
      </input_file>
      <input_file id="fl-1d">
         <path>C:\ti\simplelink_msp432p4_sdk_2_20_00_12\source\ti\devices\msp432p4xx\driverlib\ccs\</path>
         <kind>archive</kind>
         <file>msp432p4xx_driverlib.lib</file>
         <name>adc14.o</name>
      </input_file>
      <input_file id="fl-1e">
         <path>C:\ti\simplelink_msp432p4_sdk_2_20_00_12\source\ti\devices\msp432p4xx\driverlib\ccs\</path>
         <kind>archive</kind>
         <file>msp432p4xx_driverlib.lib</file>
         <name>gpio.o</name>
      </input_file>
      <input_file id="fl-1f">
         <path>C:\ti\simplelink_msp432p4_sdk_2_20_00_12\source\ti\devices\msp432p4xx\driverlib\ccs\</path>
         <kind>archive</kind>
         <file>msp432p4xx_driverlib.lib</file>
         <name>interrupt.o</name>
      </input_file>
      <input_file id="fl-20">
         <path>C:\ti\simplelink_msp432p4_sdk_2_20_00_12\source\ti\devices\msp432p4xx\driverlib\ccs\</path>
         <kind>archive</kind>
         <file>msp432p4xx_driverlib.lib</file>
         <name>spi.o</name>
      </input_file>
      <input_file id="fl-21">
         <path>C:\ti\simplelink_msp432p4_sdk_2_20_00_12\source\ti\devices\msp432p4xx\driverlib\ccs\</path>
         <kind>archive</kind>
         <file>msp432p4xx_driverlib.lib</file>
         <name>cpu.o</name>
      </input_file>
      <input_file id="fl-d7">
         <path>C:\ti\ccsv8\tools\compiler\ti-cgt-arm_18.1.2.LTS\lib\</path>
         <kind>archive</kind>
         <file>rtsv7M4_T_le_v4SPD16_eabi.lib</file>
         <name>fd_mul_t2.asm.obj</name>
      </input_file>
      <input_file id="fl-d8">
         <path>C:\ti\ccsv8\tools\compiler\ti-cgt-arm_18.1.2.LTS\lib\</path>
         <kind>archive</kind>
         <file>rtsv7M4_T_le_v4SPD16_eabi.lib</file>
         <name>fd_toi_t2.asm.obj</name>
      </input_file>
      <input_file id="fl-d9">
         <path>C:\ti\ccsv8\tools\compiler\ti-cgt-arm_18.1.2.LTS\lib\</path>
         <kind>archive</kind>
         <file>rtsv7M4_T_le_v4SPD16_eabi.lib</file>
         <name>i_tofd_t2.asm.obj</name>
      </input_file>
      <input_file id="fl-da">
         <path>C:\ti\ccsv8\tools\compiler\ti-cgt-arm_18.1.2.LTS\lib\</path>
         <kind>archive</kind>
         <file>rtsv7M4_T_le_v4SPD16_eabi.lib</file>
         <name>copy_zero_init.c.obj</name>
      </input_file>
      <input_file id="fl-db">
         <path>C:\ti\ccsv8\tools\compiler\ti-cgt-arm_18.1.2.LTS\lib\</path>
         <kind>archive</kind>
         <file>rtsv7M4_T_le_v4SPD16_eabi.lib</file>
         <name>copy_decompress_none.c.obj</name>
      </input_file>
      <input_file id="fl-dc">
         <path>C:\ti\ccsv8\tools\compiler\ti-cgt-arm_18.1.2.LTS\lib\</path>
         <kind>archive</kind>
         <file>rtsv7M4_T_le_v4SPD16_eabi.lib</file>
         <name>copy_decompress_lzss.c.obj</name>
      </input_file>
      <input_file id="fl-dd">
         <path>C:\ti\ccsv8\tools\compiler\ti-cgt-arm_18.1.2.LTS\lib\</path>
         <kind>archive</kind>
         <file>rtsv7M4_T_le_v4SPD16_eabi.lib</file>
         <name>boot_cortex_m.c.obj</name>
      </input_file>
      <input_file id="fl-de">
         <path>C:\ti\ccsv8\tools\compiler\ti-cgt-arm_18.1.2.LTS\lib\</path>
         <kind>archive</kind>
         <file>rtsv7M4_T_le_v4SPD16_eabi.lib</file>
         <name>exit.c.obj</name>
      </input_file>
      <input_file id="fl-df">
         <path>C:\ti\ccsv8\tools\compiler\ti-cgt-arm_18.1.2.LTS\lib\</path>
         <kind>archive</kind>
         <file>rtsv7M4_T_le_v4SPD16_eabi.lib</file>
         <name>_lock.c.obj</name>
      </input_file>
      <input_file id="fl-e0">
         <path>C:\ti\ccsv8\tools\compiler\ti-cgt-arm_18.1.2.LTS\lib\</path>
         <kind>archive</kind>
         <file>rtsv7M4_T_le_v4SPD16_eabi.lib</file>
         <name>args_main.c.obj</name>
      </input_file>
      <input_file id="fl-e1">
         <path>C:\ti\ccsv8\tools\compiler\ti-cgt-arm_18.1.2.LTS\lib\</path>
         <kind>archive</kind>
         <file>rtsv7M4_T_le_v4SPD16_eabi.lib</file>
         <name>printf.c.obj</name>
      </input_file>
      <input_file id="fl-e2">
         <path>C:\ti\ccsv8\tools\compiler\ti-cgt-arm_18.1.2.LTS\lib\</path>
         <kind>archive</kind>
         <file>rtsv7M4_T_le_v4SPD16_eabi.lib</file>
         <name>memset_t2.asm.obj</name>
      </input_file>
      <input_file id="fl-e3">
         <path>C:\ti\ccsv8\tools\compiler\ti-cgt-arm_18.1.2.LTS\lib\</path>
         <kind>archive</kind>
         <file>rtsv7M4_T_le_v4SPD16_eabi.lib</file>
         <name>memcpy_t2.asm.obj</name>
      </input_file>
      <input_file id="fl-e4">
         <path>C:\ti\ccsv8\tools\compiler\ti-cgt-arm_18.1.2.LTS\lib\</path>
         <kind>archive</kind>
         <file>rtsv7M4_T_le_v4SPD16_eabi.lib</file>
         <name>autoinit.c.obj</name>
      </input_file>
      <input_file id="fl-e5">
         <path>C:\ti\ccsv8\tools\compiler\ti-cgt-arm_18.1.2.LTS\lib\</path>
         <kind>archive</kind>
         <file>rtsv7M4_T_le_v4SPD16_eabi.lib</file>
         <name>pre_init.c.obj</name>
      </input_file>
      <input_file id="fl-e6">
         <path>C:\ti\ccsv8\tools\compiler\ti-cgt-arm_18.1.2.LTS\lib\</path>
         <kind>archive</kind>
         <file>rtsv7M4_T_le_v4SPD16_eabi.lib</file>
         <name>cpy_tbl.c.obj</name>
      </input_file>
      <input_file id="fl-e7">
         <path>C:\ti\ccsv8\tools\compiler\ti-cgt-arm_18.1.2.LTS\lib\</path>
         <kind>archive</kind>
         <file>rtsv7M4_T_le_v4SPD16_eabi.lib</file>
         <name>_printfi.c.obj</name>
      </input_file>
      <input_file id="fl-e8">
         <path>C:\ti\ccsv8\tools\compiler\ti-cgt-arm_18.1.2.LTS\lib\</path>
         <kind>archive</kind>
         <file>rtsv7M4_T_le_v4SPD16_eabi.lib</file>
         <name>atoi.c.obj</name>
      </input_file>
      <input_file id="fl-e9">
         <path>C:\ti\ccsv8\tools\compiler\ti-cgt-arm_18.1.2.LTS\lib\</path>
         <kind>archive</kind>
         <file>rtsv7M4_T_le_v4SPD16_eabi.lib</file>
         <name>ctype.c.obj</name>
      </input_file>
      <input_file id="fl-ea">
         <path>C:\ti\ccsv8\tools\compiler\ti-cgt-arm_18.1.2.LTS\lib\</path>
         <kind>archive</kind>
         <file>rtsv7M4_T_le_v4SPD16_eabi.lib</file>
         <name>defs.c.obj</name>
      </input_file>
      <input_file id="fl-eb">
         <path>C:\ti\ccsv8\tools\compiler\ti-cgt-arm_18.1.2.LTS\lib\</path>
         <kind>archive</kind>
         <file>rtsv7M4_T_le_v4SPD16_eabi.lib</file>
         <name>fputc.c.obj</name>
      </input_file>
      <input_file id="fl-ec">
         <path>C:\ti\ccsv8\tools\compiler\ti-cgt-arm_18.1.2.LTS\lib\</path>
         <kind>archive</kind>
         <file>rtsv7M4_T_le_v4SPD16_eabi.lib</file>
         <name>fputs.c.obj</name>
      </input_file>
      <input_file id="fl-ed">
         <path>C:\ti\ccsv8\tools\compiler\ti-cgt-arm_18.1.2.LTS\lib\</path>
         <kind>archive</kind>
         <file>rtsv7M4_T_le_v4SPD16_eabi.lib</file>
         <name>ltoa.c.obj</name>
      </input_file>
      <input_file id="fl-ee">
         <path>C:\ti\ccsv8\tools\compiler\ti-cgt-arm_18.1.2.LTS\lib\</path>
         <kind>archive</kind>
         <file>rtsv7M4_T_le_v4SPD16_eabi.lib</file>
         <name>memccpy.c.obj</name>
      </input_file>
      <input_file id="fl-ef">
         <path>C:\ti\ccsv8\tools\compiler\ti-cgt-arm_18.1.2.LTS\lib\</path>
         <kind>archive</kind>
         <file>rtsv7M4_T_le_v4SPD16_eabi.lib</file>
         <name>memchr.c.obj</name>
      </input_file>
      <input_file id="fl-f0">
         <path>C:\ti\ccsv8\tools\compiler\ti-cgt-arm_18.1.2.LTS\lib\</path>
         <kind>archive</kind>
         <file>rtsv7M4_T_le_v4SPD16_eabi.lib</file>
         <name>strchr.c.obj</name>
      </input_file>
      <input_file id="fl-f1">
         <path>C:\ti\ccsv8\tools\compiler\ti-cgt-arm_18.1.2.LTS\lib\</path>
         <kind>archive</kind>
         <file>rtsv7M4_T_le_v4SPD16_eabi.lib</file>
         <name>strlen.c.obj</name>
      </input_file>
      <input_file id="fl-f2">
         <path>C:\ti\ccsv8\tools\compiler\ti-cgt-arm_18.1.2.LTS\lib\</path>
         <kind>archive</kind>
         <file>rtsv7M4_T_le_v4SPD16_eabi.lib</file>
         <name>write.c.obj</name>
      </input_file>
      <input_file id="fl-f3">
         <path>C:\ti\ccsv8\tools\compiler\ti-cgt-arm_18.1.2.LTS\lib\</path>
         <kind>archive</kind>
         <file>rtsv7M4_T_le_v4SPD16_eabi.lib</file>
         <name>s_frexp.c.obj</name>
      </input_file>
      <input_file id="fl-f4">
         <path>C:\ti\ccsv8\tools\compiler\ti-cgt-arm_18.1.2.LTS\lib\</path>
         <kind>archive</kind>
         <file>rtsv7M4_T_le_v4SPD16_eabi.lib</file>
         <name>s_scalbn.c.obj</name>
      </input_file>
      <input_file id="fl-f5">
         <path>C:\ti\ccsv8\tools\compiler\ti-cgt-arm_18.1.2.LTS\lib\</path>
         <kind>archive</kind>
         <file>rtsv7M4_T_le_v4SPD16_eabi.lib</file>
         <name>s_copysign.c.obj</name>
      </input_file>
      <input_file id="fl-f6">
         <path>C:\ti\ccsv8\tools\compiler\ti-cgt-arm_18.1.2.LTS\lib\</path>
         <kind>archive</kind>
         <file>rtsv7M4_T_le_v4SPD16_eabi.lib</file>
         <name>wcslen.c.obj</name>
      </input_file>
      <input_file id="fl-f7">
         <path>C:\ti\ccsv8\tools\compiler\ti-cgt-arm_18.1.2.LTS\lib\</path>
         <kind>archive</kind>
         <file>rtsv7M4_T_le_v4SPD16_eabi.lib</file>
         <name>fd_add_t2.asm.obj</name>
      </input_file>
      <input_file id="fl-f8">
         <path>C:\ti\ccsv8\tools\compiler\ti-cgt-arm_18.1.2.LTS\lib\</path>
         <kind>archive</kind>
         <file>rtsv7M4_T_le_v4SPD16_eabi.lib</file>
         <name>fd_cmp_t2.asm.obj</name>
      </input_file>
      <input_file id="fl-f9">
         <path>C:\ti\ccsv8\tools\compiler\ti-cgt-arm_18.1.2.LTS\lib\</path>
         <kind>archive</kind>
         <file>rtsv7M4_T_le_v4SPD16_eabi.lib</file>
         <name>fd_div_t2.asm.obj</name>
      </input_file>
      <input_file id="fl-fa">
         <path>C:\ti\ccsv8\tools\compiler\ti-cgt-arm_18.1.2.LTS\lib\</path>
         <kind>archive</kind>
         <file>rtsv7M4_T_le_v4SPD16_eabi.lib</file>
         <name>ull_div_t2.asm.obj</name>
      </input_file>
      <input_file id="fl-fb">
         <path>C:\ti\ccsv8\tools\compiler\ti-cgt-arm_18.1.2.LTS\lib\</path>
         <kind>archive</kind>
         <file>rtsv7M4_T_le_v4SPD16_eabi.lib</file>
         <name>errno.c.obj</name>
      </input_file>
      <input_file id="fl-fc">
         <path>C:\ti\ccsv8\tools\compiler\ti-cgt-arm_18.1.2.LTS\lib\</path>
         <kind>archive</kind>
         <file>rtsv7M4_T_le_v4SPD16_eabi.lib</file>
         <name>_io_perm.c.obj</name>
      </input_file>
      <input_file id="fl-fd">
         <path>C:\ti\ccsv8\tools\compiler\ti-cgt-arm_18.1.2.LTS\lib\</path>
         <kind>archive</kind>
         <file>rtsv7M4_T_le_v4SPD16_eabi.lib</file>
         <name>fflush.c.obj</name>
      </input_file>
      <input_file id="fl-fe">
         <path>C:\ti\ccsv8\tools\compiler\ti-cgt-arm_18.1.2.LTS\lib\</path>
         <kind>archive</kind>
         <file>rtsv7M4_T_le_v4SPD16_eabi.lib</file>
         <name>fseek.c.obj</name>
      </input_file>
      <input_file id="fl-ff">
         <path>C:\ti\ccsv8\tools\compiler\ti-cgt-arm_18.1.2.LTS\lib\</path>
         <kind>archive</kind>
         <file>rtsv7M4_T_le_v4SPD16_eabi.lib</file>
         <name>lseek.c.obj</name>
      </input_file>
      <input_file id="fl-100">
         <path>C:\ti\ccsv8\tools\compiler\ti-cgt-arm_18.1.2.LTS\lib\</path>
         <kind>archive</kind>
         <file>rtsv7M4_T_le_v4SPD16_eabi.lib</file>
         <name>setvbuf.c.obj</name>
      </input_file>
      <input_file id="fl-101">
         <path>C:\ti\ccsv8\tools\compiler\ti-cgt-arm_18.1.2.LTS\lib\</path>
         <kind>archive</kind>
         <file>rtsv7M4_T_le_v4SPD16_eabi.lib</file>
         <name>hostclose.c.obj</name>
      </input_file>
      <input_file id="fl-102">
         <path>C:\ti\ccsv8\tools\compiler\ti-cgt-arm_18.1.2.LTS\lib\</path>
         <kind>archive</kind>
         <file>rtsv7M4_T_le_v4SPD16_eabi.lib</file>
         <name>hostlseek.c.obj</name>
      </input_file>
      <input_file id="fl-103">
         <path>C:\ti\ccsv8\tools\compiler\ti-cgt-arm_18.1.2.LTS\lib\</path>
         <kind>archive</kind>
         <file>rtsv7M4_T_le_v4SPD16_eabi.lib</file>
         <name>hostopen.c.obj</name>
      </input_file>
      <input_file id="fl-104">
         <path>C:\ti\ccsv8\tools\compiler\ti-cgt-arm_18.1.2.LTS\lib\</path>
         <kind>archive</kind>
         <file>rtsv7M4_T_le_v4SPD16_eabi.lib</file>
         <name>hostread.c.obj</name>
      </input_file>
      <input_file id="fl-105">
         <path>C:\ti\ccsv8\tools\compiler\ti-cgt-arm_18.1.2.LTS\lib\</path>
         <kind>archive</kind>
         <file>rtsv7M4_T_le_v4SPD16_eabi.lib</file>
         <name>hostrename.c.obj</name>
      </input_file>
      <input_file id="fl-106">
         <path>C:\ti\ccsv8\tools\compiler\ti-cgt-arm_18.1.2.LTS\lib\</path>
         <kind>archive</kind>
         <file>rtsv7M4_T_le_v4SPD16_eabi.lib</file>
         <name>hostunlink.c.obj</name>
      </input_file>
      <input_file id="fl-107">
         <path>C:\ti\ccsv8\tools\compiler\ti-cgt-arm_18.1.2.LTS\lib\</path>
         <kind>archive</kind>
         <file>rtsv7M4_T_le_v4SPD16_eabi.lib</file>
         <name>hostwrite.c.obj</name>
      </input_file>
      <input_file id="fl-108">
         <path>C:\ti\ccsv8\tools\compiler\ti-cgt-arm_18.1.2.LTS\lib\</path>
         <kind>archive</kind>
         <file>rtsv7M4_T_le_v4SPD16_eabi.lib</file>
         <name>trgmsg.c.obj</name>
      </input_file>
      <input_file id="fl-109">
         <path>C:\ti\ccsv8\tools\compiler\ti-cgt-arm_18.1.2.LTS\lib\</path>
         <kind>archive</kind>
         <file>rtsv7M4_T_le_v4SPD16_eabi.lib</file>
         <name>div0.asm.obj</name>
      </input_file>
      <input_file id="fl-10a">
         <path>C:\ti\ccsv8\tools\compiler\ti-cgt-arm_18.1.2.LTS\lib\</path>
         <kind>archive</kind>
         <file>rtsv7M4_T_le_v4SPD16_eabi.lib</file>
         <name>memory.c.obj</name>
      </input_file>
      <input_file id="fl-10b">
         <path>C:\ti\ccsv8\tools\compiler\ti-cgt-arm_18.1.2.LTS\lib\</path>
         <kind>archive</kind>
         <file>rtsv7M4_T_le_v4SPD16_eabi.lib</file>
         <name>fopen.c.obj</name>
      </input_file>
      <input_file id="fl-10c">
         <path>C:\ti\ccsv8\tools\compiler\ti-cgt-arm_18.1.2.LTS\lib\</path>
         <kind>archive</kind>
         <file>rtsv7M4_T_le_v4SPD16_eabi.lib</file>
         <name>open.c.obj</name>
      </input_file>
      <input_file id="fl-10d">
         <path>C:\ti\ccsv8\tools\compiler\ti-cgt-arm_18.1.2.LTS\lib\</path>
         <kind>archive</kind>
         <file>rtsv7M4_T_le_v4SPD16_eabi.lib</file>
         <name>strcpy.c.obj</name>
      </input_file>
      <input_file id="fl-10e">
         <path>C:\ti\ccsv8\tools\compiler\ti-cgt-arm_18.1.2.LTS\lib\</path>
         <kind>archive</kind>
         <file>rtsv7M4_T_le_v4SPD16_eabi.lib</file>
         <name>fclose.c.obj</name>
      </input_file>
      <input_file id="fl-10f">
         <path>C:\ti\ccsv8\tools\compiler\ti-cgt-arm_18.1.2.LTS\lib\</path>
         <kind>archive</kind>
         <file>rtsv7M4_T_le_v4SPD16_eabi.lib</file>
         <name>getdevice.c.obj</name>
      </input_file>
      <input_file id="fl-110">
         <path>C:\ti\ccsv8\tools\compiler\ti-cgt-arm_18.1.2.LTS\lib\</path>
         <kind>archive</kind>
         <file>rtsv7M4_T_le_v4SPD16_eabi.lib</file>
         <name>remove.c.obj</name>
      </input_file>
      <input_file id="fl-111">
         <path>C:\ti\ccsv8\tools\compiler\ti-cgt-arm_18.1.2.LTS\lib\</path>
         <kind>archive</kind>
         <file>rtsv7M4_T_le_v4SPD16_eabi.lib</file>
         <name>strcmp.c.obj</name>
      </input_file>
      <input_file id="fl-112">
         <path>C:\ti\ccsv8\tools\compiler\ti-cgt-arm_18.1.2.LTS\lib\</path>
         <kind>archive</kind>
         <file>rtsv7M4_T_le_v4SPD16_eabi.lib</file>
         <name>strncpy.c.obj</name>
      </input_file>
      <input_file id="fl-113">
         <path>C:\ti\ccsv8\tools\compiler\ti-cgt-arm_18.1.2.LTS\lib\</path>
         <kind>archive</kind>
         <file>rtsv7M4_T_le_v4SPD16_eabi.lib</file>
         <name>unlink.c.obj</name>
      </input_file>
      <input_file id="fl-114">
         <path>C:\ti\ccsv8\tools\compiler\ti-cgt-arm_18.1.2.LTS\lib\</path>
         <kind>archive</kind>
         <file>rtsv7M4_T_le_v4SPD16_eabi.lib</file>
         <name>close.c.obj</name>
      </input_file>
   </input_file_list>
   <object_component_list>
      <object_component id="oc-23">
         <name>.intvecs:retain</name>
         <load_address>0x0</load_address>
         <run_address>0x0</run_address>
         <size>0xe4</size>
         <input_file_ref idref="fl-9"/>
      </object_component>
      <object_component id="oc-16b">
         <name>.text:__TI_printfi</name>
         <load_address>0xe4</load_address>
         <run_address>0xe4</run_address>
         <size>0xa5e</size>
         <input_file_ref idref="fl-e7"/>
      </object_component>
      <object_component id="oc-20f">
         <name>.text:_ZN4Ball18CheckBallCollisionEv</name>
         <load_address>0xb42</load_address>
         <run_address>0xb42</run_address>
         <size>0x652</size>
         <input_file_ref idref="fl-2"/>
      </object_component>
      <object_component id="oc-217">
         <name>.text:Graphics_drawString</name>
         <load_address>0x1194</load_address>
         <run_address>0x1194</run_address>
         <size>0x47e</size>
         <input_file_ref idref="fl-1c"/>
      </object_component>
      <object_component id="oc-6d">
         <name>.text:Default_Handler</name>
         <load_address>0x1612</load_address>
         <run_address>0x1612</run_address>
         <size>0x2</size>
         <input_file_ref idref="fl-9"/>
      </object_component>
      <object_component id="oc-2ca">
         <name>.text:_pconv_a</name>
         <load_address>0x1614</load_address>
         <run_address>0x1614</run_address>
         <size>0x270</size>
         <input_file_ref idref="fl-e7"/>
      </object_component>
      <object_component id="oc-1f4">
         <name>.text:Graphics_drawCircle</name>
         <load_address>0x1884</load_address>
         <run_address>0x1884</run_address>
         <size>0x26e</size>
         <input_file_ref idref="fl-15"/>
      </object_component>
      <object_component id="oc-1ee">
         <name>.text:Graphics_fillCircle</name>
         <load_address>0x1af2</load_address>
         <run_address>0x1af2</run_address>
         <size>0x22a</size>
         <input_file_ref idref="fl-15"/>
      </object_component>
      <object_component id="oc-f9">
         <name>.text:_Z10CreateMazev</name>
         <load_address>0x1d1c</load_address>
         <run_address>0x1d1c</run_address>
         <size>0x208</size>
         <input_file_ref idref="fl-3"/>
      </object_component>
      <object_component id="oc-36f">
         <name>.text:_ZN52_INTERNAL_30_Crystalfontz128x128_ST7735_cpp_acdafc1437Crystalfontz128x128_PixelDrawMultipleEPK16Graphics_DisplaysssssPKhPKj</name>
         <load_address>0x1f24</load_address>
         <run_address>0x1f24</run_address>
         <size>0x1d8</size>
         <input_file_ref idref="fl-7"/>
      </object_component>
      <object_component id="oc-2b8">
         <name>.text:_pconv_g</name>
         <load_address>0x20fc</load_address>
         <run_address>0x20fc</run_address>
         <size>0x1d0</size>
         <input_file_ref idref="fl-e7"/>
      </object_component>
      <object_component id="oc-439">
         <name>.text</name>
         <load_address>0x22cc</load_address>
         <run_address>0x22cc</run_address>
         <size>0x1b6</size>
         <input_file_ref idref="fl-f7"/>
      </object_component>
      <object_component id="oc-3cc">
         <name>.text:Graphics_clipLine</name>
         <load_address>0x2482</load_address>
         <run_address>0x2482</run_address>
         <size>0x180</size>
         <input_file_ref idref="fl-1a"/>
      </object_component>
      <object_component id="oc-1fa">
         <name>.text:Graphics_drawLine</name>
         <load_address>0x2602</load_address>
         <run_address>0x2602</run_address>
         <size>0x174</size>
         <input_file_ref idref="fl-1a"/>
      </object_component>
      <object_component id="oc-2ee">
         <name>.text:_nop</name>
         <load_address>0x2776</load_address>
         <run_address>0x2776</run_address>
         <size>0x2</size>
         <input_file_ref idref="fl-df"/>
      </object_component>
      <object_component id="oc-600">
         <name>.text:_getIndexForMemRegister</name>
         <load_address>0x2778</load_address>
         <run_address>0x2778</run_address>
         <size>0x160</size>
         <input_file_ref idref="fl-1d"/>
      </object_component>
      <object_component id="oc-3de">
         <name>.text:_ZN4Ball15GetBallPositionEv</name>
         <load_address>0x28d8</load_address>
         <run_address>0x28d8</run_address>
         <size>0x150</size>
         <input_file_ref idref="fl-2"/>
      </object_component>
      <object_component id="oc-2c4">
         <name>.text:_pconv_e</name>
         <load_address>0x2a28</load_address>
         <run_address>0x2a28</run_address>
         <size>0x13c</size>
         <input_file_ref idref="fl-e7"/>
      </object_component>
      <object_component id="oc-41f">
         <name>.text</name>
         <load_address>0x2b64</load_address>
         <run_address>0x2b64</run_address>
         <size>0x136</size>
         <input_file_ref idref="fl-f9"/>
      </object_component>
      <object_component id="oc-52a">
         <name>.text</name>
         <load_address>0x2c9a</load_address>
         <run_address>0x2c9a</run_address>
         <size>0x2</size>
         <input_file_ref idref="fl-109"/>
      </object_component>
      <object_component id="oc-34b">
         <name>.text:_Z32Crystalfontz128x128_SetDrawFrametttt</name>
         <load_address>0x2c9c</load_address>
         <run_address>0x2c9c</run_address>
         <size>0x134</size>
         <input_file_ref idref="fl-7"/>
      </object_component>
      <object_component id="oc-190">
         <name>.text:_Z24Crystalfontz128x128_Initv</name>
         <load_address>0x2dd0</load_address>
         <run_address>0x2dd0</run_address>
         <size>0x12c</size>
         <input_file_ref idref="fl-7"/>
      </object_component>
      <object_component id="oc-e7">
         <name>.text:_Z11SetupScreenv</name>
         <load_address>0x2efc</load_address>
         <run_address>0x2efc</run_address>
         <size>0x124</size>
         <input_file_ref idref="fl-3"/>
      </object_component>
      <object_component id="oc-44b">
         <name>.text:fcvt</name>
         <load_address>0x3020</load_address>
         <run_address>0x3020</run_address>
         <size>0x120</size>
         <input_file_ref idref="fl-e7"/>
      </object_component>
      <object_component id="oc-2fc">
         <name>.text:fputs</name>
         <load_address>0x3140</load_address>
         <run_address>0x3140</run_address>
         <size>0x114</size>
         <input_file_ref idref="fl-ec"/>
      </object_component>
      <object_component id="oc-45f">
         <name>.text:scalbn</name>
         <load_address>0x3254</load_address>
         <run_address>0x3254</run_address>
         <size>0x110</size>
         <input_file_ref idref="fl-f4"/>
      </object_component>
      <object_component id="oc-41a">
         <name>.text</name>
         <load_address>0x3364</load_address>
         <run_address>0x3364</run_address>
         <size>0xfc</size>
         <input_file_ref idref="fl-d7"/>
      </object_component>
      <object_component id="oc-565">
         <name>.text:setvbuf</name>
         <load_address>0x3460</load_address>
         <run_address>0x3460</run_address>
         <size>0xdc</size>
         <input_file_ref idref="fl-100"/>
      </object_component>
      <object_component id="oc-5bd">
         <name>.text:free</name>
         <load_address>0x353c</load_address>
         <run_address>0x353c</run_address>
         <size>0xd8</size>
         <input_file_ref idref="fl-10a"/>
      </object_component>
      <object_component id="oc-ed">
         <name>.text:_Z18SetupAccelerometerv</name>
         <load_address>0x3614</load_address>
         <run_address>0x3614</run_address>
         <size>0xc0</size>
         <input_file_ref idref="fl-5"/>
      </object_component>
      <object_component id="oc-2ad">
         <name>.text:_ltostr</name>
         <load_address>0x36d4</load_address>
         <run_address>0x36d4</run_address>
         <size>0xb1</size>
         <input_file_ref idref="fl-e7"/>
      </object_component>
      <object_component id="oc-4b9">
         <name>.text:SPI_initMaster</name>
         <load_address>0x3786</load_address>
         <run_address>0x3786</run_address>
         <size>0xb0</size>
         <input_file_ref idref="fl-20"/>
      </object_component>
      <object_component id="oc-1e8">
         <name>.text:Graphics_drawRectangle</name>
         <load_address>0x3836</load_address>
         <run_address>0x3836</run_address>
         <size>0xa2</size>
         <input_file_ref idref="fl-1b"/>
      </object_component>
      <object_component id="oc-3b5">
         <name>.text:Graphics_drawLineH</name>
         <load_address>0x38d8</load_address>
         <run_address>0x38d8</run_address>
         <size>0x9c</size>
         <input_file_ref idref="fl-1a"/>
      </object_component>
      <object_component id="oc-3bb">
         <name>.text:Graphics_drawLineV</name>
         <load_address>0x3974</load_address>
         <run_address>0x3974</run_address>
         <size>0x9c</size>
         <input_file_ref idref="fl-1a"/>
      </object_component>
      <object_component id="oc-381">
         <name>.text:_ZN52_INTERNAL_30_Crystalfontz128x128_ST7735_cpp_acdafc1428Crystalfontz128x128_RectFillEPK16Graphics_DisplayPK18Graphics_Rectanglet</name>
         <load_address>0x3a10</load_address>
         <run_address>0x3a10</run_address>
         <size>0x9c</size>
         <input_file_ref idref="fl-7"/>
      </object_component>
      <object_component id="oc-37">
         <name>.text</name>
         <load_address>0x3aac</load_address>
         <run_address>0x3aac</run_address>
         <size>0x9c</size>
         <input_file_ref idref="fl-e3"/>
      </object_component>
      <object_component id="oc-413">
         <name>.text</name>
         <load_address>0x3b48</load_address>
         <run_address>0x3b48</run_address>
         <size>0x96</size>
         <input_file_ref idref="fl-fa"/>
      </object_component>
      <object_component id="oc-303">
         <name>.text:fputc</name>
         <load_address>0x3be0</load_address>
         <run_address>0x3be0</run_address>
         <size>0x8c</size>
         <input_file_ref idref="fl-eb"/>
      </object_component>
      <object_component id="oc-a3">
         <name>.text:main</name>
         <load_address>0x3c6c</load_address>
         <run_address>0x3c6c</run_address>
         <size>0x8c</size>
         <input_file_ref idref="fl-5"/>
      </object_component>
      <object_component id="oc-4ac">
         <name>.text:GPIO_setAsPeripheralModuleFunctionOutputPin</name>
         <load_address>0x3cf8</load_address>
         <run_address>0x3cf8</run_address>
         <size>0x88</size>
         <input_file_ref idref="fl-1e"/>
      </object_component>
      <object_component id="oc-2b3">
         <name>.text:__aeabi_cdcmple</name>
         <load_address>0x3d80</load_address>
         <run_address>0x3d80</run_address>
         <size>0x86</size>
         <input_file_ref idref="fl-f8"/>
      </object_component>
      <object_component id="oc-424">
         <name>.text:__aeabi_cdrcmple</name>
         <load_address>0x3e06</load_address>
         <run_address>0x3e06</run_address>
         <size>0x86</size>
         <input_file_ref idref="fl-f8"/>
      </object_component>
      <object_component id="oc-97">
         <name>.text</name>
         <load_address>0x3e8c</load_address>
         <run_address>0x3e8c</run_address>
         <size>0x7a</size>
         <input_file_ref idref="fl-e2"/>
      </object_component>
      <object_component id="oc-b5">
         <name>.text:SystemInit</name>
         <load_address>0x3f08</load_address>
         <run_address>0x3f08</run_address>
         <size>0x78</size>
         <input_file_ref idref="fl-6"/>
      </object_component>
      <object_component id="oc-5c3">
         <name>.text:malloc</name>
         <load_address>0x3f80</load_address>
         <run_address>0x3f80</run_address>
         <size>0x78</size>
         <input_file_ref idref="fl-10a"/>
      </object_component>
      <object_component id="oc-625">
         <name>.text:__TI_closefile</name>
         <load_address>0x3ff8</load_address>
         <run_address>0x3ff8</run_address>
         <size>0x74</size>
         <input_file_ref idref="fl-10e"/>
      </object_component>
      <object_component id="oc-444">
         <name>.text:_mcpy</name>
         <load_address>0x406c</load_address>
         <run_address>0x406c</run_address>
         <size>0x6e</size>
         <input_file_ref idref="fl-e7"/>
      </object_component>
      <object_component id="oc-649">
         <name>.text:HOSTlseek</name>
         <load_address>0x40dc</load_address>
         <run_address>0x40dc</run_address>
         <size>0x68</size>
         <input_file_ref idref="fl-102"/>
      </object_component>
      <object_component id="oc-655">
         <name>.text:HOSTrename</name>
         <load_address>0x4144</load_address>
         <run_address>0x4144</run_address>
         <size>0x68</size>
         <input_file_ref idref="fl-105"/>
      </object_component>
      <object_component id="oc-14">
         <name>.text:decompress:lzss:__TI_decompress_lzss</name>
         <load_address>0x41ac</load_address>
         <run_address>0x41ac</run_address>
         <size>0x68</size>
         <input_file_ref idref="fl-dc"/>
      </object_component>
      <object_component id="oc-bd">
         <name>.text:printf</name>
         <load_address>0x4214</load_address>
         <run_address>0x4214</run_address>
         <size>0x68</size>
         <input_file_ref idref="fl-e1"/>
      </object_component>
      <object_component id="oc-4fe">
         <name>.text:Graphics_getClipCode</name>
         <load_address>0x427c</load_address>
         <run_address>0x427c</run_address>
         <size>0x64</size>
         <input_file_ref idref="fl-1a"/>
      </object_component>
      <object_component id="oc-105">
         <name>.text:_ZN4Ball9PrintBallEv</name>
         <load_address>0x42e0</load_address>
         <run_address>0x42e0</run_address>
         <size>0x64</size>
         <input_file_ref idref="fl-2"/>
      </object_component>
      <object_component id="oc-459">
         <name>.text:frexp</name>
         <load_address>0x4344</load_address>
         <run_address>0x4344</run_address>
         <size>0x64</size>
         <input_file_ref idref="fl-f3"/>
      </object_component>
      <object_component id="oc-55f">
         <name>.text:fseek</name>
         <load_address>0x43a8</load_address>
         <run_address>0x43a8</run_address>
         <size>0x64</size>
         <input_file_ref idref="fl-fe"/>
      </object_component>
      <object_component id="oc-490">
         <name>.text:__TI_wrt_ok</name>
         <load_address>0x440c</load_address>
         <run_address>0x440c</run_address>
         <size>0x62</size>
         <input_file_ref idref="fl-fc"/>
      </object_component>
      <object_component id="oc-631">
         <name>.text:HOSTopen</name>
         <load_address>0x4470</load_address>
         <run_address>0x4470</run_address>
         <size>0x60</size>
         <input_file_ref idref="fl-103"/>
      </object_component>
      <object_component id="oc-375">
         <name>.text:_ZN52_INTERNAL_30_Crystalfontz128x128_ST7735_cpp_acdafc1429Crystalfontz128x128_LineDrawHEPK16Graphics_Displayssst</name>
         <load_address>0x44d0</load_address>
         <run_address>0x44d0</run_address>
         <size>0x60</size>
         <input_file_ref idref="fl-7"/>
      </object_component>
      <object_component id="oc-37b">
         <name>.text:_ZN52_INTERNAL_30_Crystalfontz128x128_ST7735_cpp_acdafc1429Crystalfontz128x128_LineDrawVEPK16Graphics_Displayssst</name>
         <load_address>0x4530</load_address>
         <run_address>0x4530</run_address>
         <size>0x60</size>
         <input_file_ref idref="fl-7"/>
      </object_component>
      <object_component id="oc-668">
         <name>.text:close</name>
         <load_address>0x4590</load_address>
         <run_address>0x4590</run_address>
         <size>0x5c</size>
         <input_file_ref idref="fl-114"/>
      </object_component>
      <object_component id="oc-3c5">
         <name>.text:Graphics_drawPixel</name>
         <load_address>0x45ec</load_address>
         <run_address>0x45ec</run_address>
         <size>0x5a</size>
         <input_file_ref idref="fl-16"/>
      </object_component>
      <object_component id="oc-63d">
         <name>.text:HOSTread</name>
         <load_address>0x4648</load_address>
         <run_address>0x4648</run_address>
         <size>0x58</size>
         <input_file_ref idref="fl-104"/>
      </object_component>
      <object_component id="oc-643">
         <name>.text:HOSTwrite</name>
         <load_address>0x46a0</load_address>
         <run_address>0x46a0</run_address>
         <size>0x58</size>
         <input_file_ref idref="fl-107"/>
      </object_component>
      <object_component id="oc-2be">
         <name>.text:_pconv_f</name>
         <load_address>0x46f8</load_address>
         <run_address>0x46f8</run_address>
         <size>0x56</size>
         <input_file_ref idref="fl-e7"/>
      </object_component>
      <object_component id="oc-1c1">
         <name>.text:ADC14_initModule</name>
         <load_address>0x4750</load_address>
         <run_address>0x4750</run_address>
         <size>0x54</size>
         <input_file_ref idref="fl-1d"/>
      </object_component>
      <object_component id="oc-196">
         <name>.text:_Z34Crystalfontz128x128_SetOrientationh</name>
         <load_address>0x47a4</load_address>
         <run_address>0x47a4</run_address>
         <size>0x54</size>
         <input_file_ref idref="fl-7"/>
      </object_component>
      <object_component id="oc-42e">
         <name>.text:ltoa</name>
         <load_address>0x47f8</load_address>
         <run_address>0x47f8</run_address>
         <size>0x54</size>
         <input_file_ref idref="fl-ed"/>
      </object_component>
      <object_component id="oc-19c">
         <name>.text:Graphics_initContext</name>
         <load_address>0x484c</load_address>
         <run_address>0x484c</run_address>
         <size>0x52</size>
         <input_file_ref idref="fl-16"/>
      </object_component>
      <object_component id="oc-43e">
         <name>.text:_ecpy</name>
         <load_address>0x489e</load_address>
         <run_address>0x489e</run_address>
         <size>0x52</size>
         <input_file_ref idref="fl-e7"/>
      </object_component>
      <object_component id="oc-49c">
         <name>.text:__TI_doflush</name>
         <load_address>0x48f0</load_address>
         <run_address>0x48f0</run_address>
         <size>0x4c</size>
         <input_file_ref idref="fl-fd"/>
      </object_component>
      <object_component id="oc-2a7">
         <name>.text:atoi</name>
         <load_address>0x493c</load_address>
         <run_address>0x493c</run_address>
         <size>0x4c</size>
         <input_file_ref idref="fl-e8"/>
      </object_component>
      <object_component id="oc-1d3">
         <name>.text:_ZN25_INTERNAL_8_main_cpp_main18__NVIC_SetPriorityE4IRQnj</name>
         <load_address>0x4988</load_address>
         <run_address>0x4988</run_address>
         <size>0x48</size>
         <input_file_ref idref="fl-5"/>
      </object_component>
      <object_component id="oc-111">
         <name>.text:_ZN4Ball9GameEndedEv</name>
         <load_address>0x49d0</load_address>
         <run_address>0x49d0</run_address>
         <size>0x48</size>
         <input_file_ref idref="fl-2"/>
      </object_component>
      <object_component id="oc-ff">
         <name>.text:_ZN4BallC1EhhP16Graphics_Context</name>
         <load_address>0x4a18</load_address>
         <run_address>0x4a18</run_address>
         <size>0x48</size>
         <input_file_ref idref="fl-2"/>
      </object_component>
      <object_component id="oc-132">
         <name>.text:exit</name>
         <load_address>0x4a60</load_address>
         <run_address>0x4a60</run_address>
         <size>0x48</size>
         <input_file_ref idref="fl-de"/>
      </object_component>
      <object_component id="oc-429">
         <name>.text</name>
         <load_address>0x4aa8</load_address>
         <run_address>0x4aa8</run_address>
         <size>0x48</size>
         <input_file_ref idref="fl-d8"/>
      </object_component>
      <object_component id="oc-637">
         <name>.text:HOSTclose</name>
         <load_address>0x4af0</load_address>
         <run_address>0x4af0</run_address>
         <size>0x44</size>
         <input_file_ref idref="fl-101"/>
      </object_component>
      <object_component id="oc-64f">
         <name>.text:HOSTunlink</name>
         <load_address>0x4b34</load_address>
         <run_address>0x4b34</run_address>
         <size>0x44</size>
         <input_file_ref idref="fl-106"/>
      </object_component>
      <object_component id="oc-138">
         <name>.text:__TI_auto_init_nobinit_nopinit:__TI_auto_init_nobinit_nopinit</name>
         <load_address>0x4b78</load_address>
         <run_address>0x4b78</run_address>
         <size>0x44</size>
         <input_file_ref idref="fl-e4"/>
      </object_component>
      <object_component id="oc-69f">
         <name>.text:getdevice</name>
         <load_address>0x4bbc</load_address>
         <run_address>0x4bbc</run_address>
         <size>0x44</size>
         <input_file_ref idref="fl-10f"/>
      </object_component>
      <object_component id="oc-4b2">
         <name>.text:GPIO_setAsOutputPin</name>
         <load_address>0x4c00</load_address>
         <run_address>0x4c00</run_address>
         <size>0x40</size>
         <input_file_ref idref="fl-1e"/>
      </object_component>
      <object_component id="oc-3e5">
         <name>.text:Graphics_getNumberOfLeadingZeros</name>
         <load_address>0x4c40</load_address>
         <run_address>0x4c40</run_address>
         <size>0x40</size>
         <input_file_ref idref="fl-1c"/>
      </object_component>
      <object_component id="oc-32d">
         <name>.text:_Z15HAL_LCD_SpiInitv</name>
         <load_address>0x4c80</load_address>
         <run_address>0x4c80</run_address>
         <size>0x40</size>
         <input_file_ref idref="fl-8"/>
      </object_component>
      <object_component id="oc-369">
         <name>.text:_ZN52_INTERNAL_30_Crystalfontz128x128_ST7735_cpp_acdafc1429Crystalfontz128x128_PixelDrawEPK16Graphics_Displaysst</name>
         <load_address>0x4cc0</load_address>
         <run_address>0x4cc0</run_address>
         <size>0x40</size>
         <input_file_ref idref="fl-7"/>
      </object_component>
      <object_component id="oc-57c">
         <name>.text:is_A_Module</name>
         <load_address>0x4d00</load_address>
         <run_address>0x4d00</run_address>
         <size>0x40</size>
         <input_file_ref idref="fl-20"/>
      </object_component>
      <object_component id="oc-451">
         <name>.text:_fcpy</name>
         <load_address>0x4d40</load_address>
         <run_address>0x4d40</run_address>
         <size>0x3e</size>
         <input_file_ref idref="fl-e7"/>
      </object_component>
      <object_component id="oc-73">
         <name>.text:ADC14_IRQHandler</name>
         <load_address>0x4d80</load_address>
         <run_address>0x4d80</run_address>
         <size>0x3c</size>
         <input_file_ref idref="fl-5"/>
      </object_component>
      <object_component id="oc-61a">
         <name>.text:minsert</name>
         <load_address>0x4dbc</load_address>
         <run_address>0x4dbc</run_address>
         <size>0x3c</size>
         <input_file_ref idref="fl-10a"/>
      </object_component>
      <object_component id="oc-33f">
         <name>.text:_Z20HAL_LCD_writeCommandh</name>
         <load_address>0x4df8</load_address>
         <run_address>0x4df8</run_address>
         <size>0x38</size>
         <input_file_ref idref="fl-8"/>
      </object_component>
      <object_component id="oc-679">
         <name>.text:__TI_writemsg</name>
         <load_address>0x4e30</load_address>
         <run_address>0x4e30</run_address>
         <size>0x38</size>
         <input_file_ref idref="fl-108"/>
      </object_component>
      <object_component id="oc-55">
         <name>.text:_c_int00_noargs:_c_int00_noargs</name>
         <load_address>0x4e68</load_address>
         <run_address>0x4e68</run_address>
         <size>0x38</size>
         <input_file_ref idref="fl-dd"/>
      </object_component>
      <object_component id="oc-60e">
         <name>.text:minit</name>
         <load_address>0x4ea0</load_address>
         <run_address>0x4ea0</run_address>
         <size>0x38</size>
         <input_file_ref idref="fl-10a"/>
      </object_component>
      <object_component id="oc-4eb">
         <name>.text:Graphics_drawHorizontalLineOnDisplay</name>
         <load_address>0x4ed8</load_address>
         <run_address>0x4ed8</run_address>
         <size>0x36</size>
         <input_file_ref idref="fl-17"/>
      </object_component>
      <object_component id="oc-4f2">
         <name>.text:Graphics_drawVerticalLineOnDisplay</name>
         <load_address>0x4f0e</load_address>
         <run_address>0x4f0e</run_address>
         <size>0x36</size>
         <input_file_ref idref="fl-17"/>
      </object_component>
      <object_component id="oc-6c1">
         <name>.text:strncpy</name>
         <load_address>0x4f44</load_address>
         <run_address>0x4f44</run_address>
         <size>0x36</size>
         <input_file_ref idref="fl-112"/>
      </object_component>
      <object_component id="oc-5c9">
         <name>.text:__TI_cleanup</name>
         <load_address>0x4f7c</load_address>
         <run_address>0x4f7c</run_address>
         <size>0x34</size>
         <input_file_ref idref="fl-10b"/>
      </object_component>
      <object_component id="oc-67f">
         <name>.text:__TI_readmsg</name>
         <load_address>0x4fb0</load_address>
         <run_address>0x4fb0</run_address>
         <size>0x34</size>
         <input_file_ref idref="fl-108"/>
      </object_component>
      <object_component id="oc-1c7">
         <name>.text:ADC14_setResultFormat</name>
         <load_address>0x4fe4</load_address>
         <run_address>0x4fe4</run_address>
         <size>0x30</size>
         <input_file_ref idref="fl-1d"/>
      </object_component>
      <object_component id="oc-508">
         <name>.text:_Z12GetAccelDatav</name>
         <load_address>0x5014</load_address>
         <run_address>0x5014</run_address>
         <size>0x30</size>
         <input_file_ref idref="fl-3"/>
      </object_component>
      <object_component id="oc-327">
         <name>.text:_Z16HAL_LCD_PortInitv</name>
         <load_address>0x5044</load_address>
         <run_address>0x5044</run_address>
         <size>0x30</size>
         <input_file_ref idref="fl-8"/>
      </object_component>
      <object_component id="oc-1d9">
         <name>.text:_ZN25_INTERNAL_8_main_cpp_main16__NVIC_EnableIRQE4IRQn</name>
         <load_address>0x5074</load_address>
         <run_address>0x5074</run_address>
         <size>0x30</size>
         <input_file_ref idref="fl-5"/>
      </object_component>
      <object_component id="oc-6c7">
         <name>.text:finddevice</name>
         <load_address>0x50a4</load_address>
         <run_address>0x50a4</run_address>
         <size>0x30</size>
         <input_file_ref idref="fl-10f"/>
      </object_component>
      <object_component id="oc-10b">
         <name>.text:_ZN4Ball18BallReachingTargetEv</name>
         <load_address>0x50d4</load_address>
         <run_address>0x50d4</run_address>
         <size>0x2e</size>
         <input_file_ref idref="fl-2"/>
      </object_component>
      <object_component id="oc-434">
         <name>.text</name>
         <load_address>0x5102</load_address>
         <run_address>0x5102</run_address>
         <size>0x2e</size>
         <input_file_ref idref="fl-d9"/>
      </object_component>
      <object_component id="oc-3d2">
         <name>.text:Graphics_drawPixelOnDisplay</name>
         <load_address>0x5130</load_address>
         <run_address>0x5130</run_address>
         <size>0x2c</size>
         <input_file_ref idref="fl-17"/>
      </object_component>
      <object_component id="oc-345">
         <name>.text:_Z17HAL_LCD_writeDatah</name>
         <load_address>0x515c</load_address>
         <run_address>0x515c</run_address>
         <size>0x2c</size>
         <input_file_ref idref="fl-8"/>
      </object_component>
      <object_component id="oc-393">
         <name>.text:_ZN52_INTERNAL_30_Crystalfontz128x128_ST7735_cpp_acdafc1431Crystalfontz128x128_ClearScreenEPK16Graphics_Displayt</name>
         <load_address>0x5188</load_address>
         <run_address>0x5188</run_address>
         <size>0x2c</size>
         <input_file_ref idref="fl-7"/>
      </object_component>
      <object_component id="oc-66e">
         <name>.text:unlink</name>
         <load_address>0x51b4</load_address>
         <run_address>0x51b4</run_address>
         <size>0x2c</size>
         <input_file_ref idref="fl-113"/>
      </object_component>
      <object_component id="oc-339">
         <name>.text:GPIO_setOutputHighOnPin</name>
         <load_address>0x51e0</load_address>
         <run_address>0x51e0</run_address>
         <size>0x28</size>
         <input_file_ref idref="fl-1e"/>
      </object_component>
      <object_component id="oc-333">
         <name>.text:GPIO_setOutputLowOnPin</name>
         <load_address>0x5208</load_address>
         <run_address>0x5208</run_address>
         <size>0x28</size>
         <input_file_ref idref="fl-1e"/>
      </object_component>
      <object_component id="oc-387">
         <name>.text:_ZN52_INTERNAL_30_Crystalfontz128x128_ST7735_cpp_acdafc1434Crystalfontz128x128_ColorTranslateEPK16Graphics_Displayj</name>
         <load_address>0x5230</load_address>
         <run_address>0x5230</run_address>
         <size>0x28</size>
         <input_file_ref idref="fl-7"/>
      </object_component>
      <object_component id="oc-5b5">
         <name>.text:lseek</name>
         <load_address>0x5258</load_address>
         <run_address>0x5258</run_address>
         <size>0x28</size>
         <input_file_ref idref="fl-ff"/>
      </object_component>
      <object_component id="oc-614">
         <name>.text:mremove</name>
         <load_address>0x5280</load_address>
         <run_address>0x5280</run_address>
         <size>0x28</size>
         <input_file_ref idref="fl-10a"/>
      </object_component>
      <object_component id="oc-4a2">
         <name>.text:write</name>
         <load_address>0x52a8</load_address>
         <run_address>0x52a8</run_address>
         <size>0x28</size>
         <input_file_ref idref="fl-f2"/>
      </object_component>
      <object_component id="oc-1cd">
         <name>.text:ADC14_setResolution</name>
         <load_address>0x52d0</load_address>
         <run_address>0x52d0</run_address>
         <size>0x20</size>
         <input_file_ref idref="fl-1d"/>
      </object_component>
      <object_component id="oc-496">
         <name>.text:memchr</name>
         <load_address>0x52f0</load_address>
         <run_address>0x52f0</run_address>
         <size>0x20</size>
         <input_file_ref idref="fl-ef"/>
      </object_component>
      <object_component id="oc-59d">
         <name>.text:ADC14_getResult</name>
         <load_address>0x5310</load_address>
         <run_address>0x5310</run_address>
         <size>0x1c</size>
         <input_file_ref idref="fl-1d"/>
      </object_component>
      <object_component id="oc-4bf">
         <name>.text:SPI_enableModule</name>
         <load_address>0x532c</load_address>
         <run_address>0x532c</run_address>
         <size>0x1c</size>
         <input_file_ref idref="fl-20"/>
      </object_component>
      <object_component id="oc-2d0">
         <name>.text:memccpy</name>
         <load_address>0x5348</load_address>
         <run_address>0x5348</run_address>
         <size>0x1c</size>
         <input_file_ref idref="fl-ee"/>
      </object_component>
      <object_component id="oc-1e0">
         <name>.text:Graphics_clearDisplayOnDisplay</name>
         <load_address>0x5364</load_address>
         <run_address>0x5364</run_address>
         <size>0x1a</size>
         <input_file_ref idref="fl-17"/>
      </object_component>
      <object_component id="oc-1a8">
         <name>.text:Graphics_setBackgroundColor</name>
         <load_address>0x537e</load_address>
         <run_address>0x537e</run_address>
         <size>0x1a</size>
         <input_file_ref idref="fl-16"/>
      </object_component>
      <object_component id="oc-1ae">
         <name>.text:Graphics_setFont</name>
         <load_address>0x5398</load_address>
         <run_address>0x5398</run_address>
         <size>0x1a</size>
         <input_file_ref idref="fl-16"/>
      </object_component>
      <object_component id="oc-6de">
         <name>.text:strcmp</name>
         <load_address>0x53b2</load_address>
         <run_address>0x53b2</run_address>
         <size>0x18</size>
         <input_file_ref idref="fl-111"/>
      </object_component>
      <object_component id="oc-584">
         <name>.text:EUSCI_A_SPI_enable</name>
         <load_address>0x53ca</load_address>
         <run_address>0x53ca</run_address>
         <size>0x16</size>
         <input_file_ref idref="fl-20"/>
      </object_component>
      <object_component id="oc-58a">
         <name>.text:EUSCI_B_SPI_enable</name>
         <load_address>0x53e0</load_address>
         <run_address>0x53e0</run_address>
         <size>0x16</size>
         <input_file_ref idref="fl-20"/>
      </object_component>
      <object_component id="oc-1a2">
         <name>.text:Graphics_setForegroundColor</name>
         <load_address>0x53f6</load_address>
         <run_address>0x53f6</run_address>
         <size>0x16</size>
         <input_file_ref idref="fl-16"/>
      </object_component>
      <object_component id="oc-35e">
         <name>.text:Graphics_translateColorOnDisplay</name>
         <load_address>0x540c</load_address>
         <run_address>0x540c</run_address>
         <size>0x16</size>
         <input_file_ref idref="fl-17"/>
      </object_component>
      <object_component id="oc-465">
         <name>.text:strchr</name>
         <load_address>0x5422</load_address>
         <run_address>0x5422</run_address>
         <size>0x16</size>
         <input_file_ref idref="fl-f0"/>
      </object_component>
      <object_component id="oc-543">
         <name>.text:copysign</name>
         <load_address>0x5438</load_address>
         <run_address>0x5438</run_address>
         <size>0x14</size>
         <input_file_ref idref="fl-f5"/>
      </object_component>
      <object_component id="oc-693">
         <name>.text:strcpy</name>
         <load_address>0x544c</load_address>
         <run_address>0x544c</run_address>
         <size>0x14</size>
         <input_file_ref idref="fl-10d"/>
      </object_component>
      <object_component id="oc-2a1">
         <name>.text:strlen</name>
         <load_address>0x5460</load_address>
         <run_address>0x5460</run_address>
         <size>0x14</size>
         <input_file_ref idref="fl-f1"/>
      </object_component>
      <object_component id="oc-f3">
         <name>.text:Graphics_clearDisplay</name>
         <load_address>0x5474</load_address>
         <run_address>0x5474</run_address>
         <size>0x12</size>
         <input_file_ref idref="fl-16"/>
      </object_component>
      <object_component id="oc-43">
         <name>.text:decompress:ZI:__TI_zero_init_nomemset:__TI_zero_init_nomemset</name>
         <load_address>0x5486</load_address>
         <run_address>0x5486</run_address>
         <size>0x12</size>
         <input_file_ref idref="fl-da"/>
      </object_component>
      <object_component id="oc-2d6">
         <name>.text:wcslen</name>
         <load_address>0x5498</load_address>
         <run_address>0x5498</run_address>
         <size>0x12</size>
         <input_file_ref idref="fl-f6"/>
      </object_component>
      <object_component id="oc-3a1">
         <name>.text:ADCIsConversionRunning</name>
         <load_address>0x54ac</load_address>
         <run_address>0x54ac</run_address>
         <size>0x10</size>
         <input_file_ref idref="fl-1d"/>
      </object_component>
      <object_component id="oc-1a">
         <name>.text:decompress:none:__TI_decompress_none</name>
         <load_address>0x54bc</load_address>
         <run_address>0x54bc</run_address>
         <size>0xe</size>
         <input_file_ref idref="fl-db"/>
      </object_component>
      <object_component id="oc-67">
         <name>.text:Reset_Handler</name>
         <load_address>0x54ca</load_address>
         <run_address>0x54ca</run_address>
         <size>0xc</size>
         <input_file_ref idref="fl-9"/>
      </object_component>
      <object_component id="oc-38d">
         <name>.text:_ZN52_INTERNAL_30_Crystalfontz128x128_ST7735_cpp_acdafc1425Crystalfontz128x128_FlushEPK16Graphics_Display</name>
         <load_address>0x54d6</load_address>
         <run_address>0x54d6</run_address>
         <size>0xa</size>
         <input_file_ref idref="fl-7"/>
      </object_component>
      <object_component id="oc-2dc">
         <name>.text:__aeabi_errno_addr</name>
         <load_address>0x54e0</load_address>
         <run_address>0x54e0</run_address>
         <size>0x8</size>
         <input_file_ref idref="fl-fb"/>
      </object_component>
      <object_component id="oc-17d">
         <name>.text:_outc</name>
         <load_address>0x54e8</load_address>
         <run_address>0x54e8</run_address>
         <size>0x4</size>
         <input_file_ref idref="fl-e1"/>
      </object_component>
      <object_component id="oc-177">
         <name>.text:_outs</name>
         <load_address>0x54ec</load_address>
         <run_address>0x54ec</run_address>
         <size>0x4</size>
         <input_file_ref idref="fl-e1"/>
      </object_component>
      <object_component id="oc-9d">
         <name>.text:_system_pre_init</name>
         <load_address>0x54f0</load_address>
         <run_address>0x54f0</run_address>
         <size>0x4</size>
         <input_file_ref idref="fl-e5"/>
      </object_component>
      <object_component id="oc-12c">
         <name>.text:abort:abort</name>
         <load_address>0x54f4</load_address>
         <run_address>0x54f4</run_address>
         <size>0x4</size>
         <input_file_ref idref="fl-de"/>
      </object_component>
      <object_component id="oc-3ed">
         <name>.const:.string:g_pucCm28Data</name>
         <load_address>0x54f8</load_address>
         <run_address>0x54f8</run_address>
         <size>0xc56</size>
         <input_file_ref idref="fl-18"/>
      </object_component>
      <object_component id="oc-39b">
         <name>.const:.string:g_pucFontFixed6x8Data</name>
         <load_address>0x614e</load_address>
         <run_address>0x614e</run_address>
         <size>0x2f8</size>
         <input_file_ref idref="fl-19"/>
      </object_component>
      <object_component id="oc-40e">
         <name>.const:.string:_ctypes_</name>
         <load_address>0x6446</load_address>
         <run_address>0x6446</run_address>
         <size>0x101</size>
         <input_file_ref idref="fl-e9"/>
      </object_component>
      <object_component id="oc-21d">
         <name>.const:g_sFontCm28</name>
         <load_address>0x6548</load_address>
         <run_address>0x6548</run_address>
         <size>0xc8</size>
         <input_file_ref idref="fl-18"/>
      </object_component>
      <object_component id="oc-1bb">
         <name>.const:g_sFontFixed6x8</name>
         <load_address>0x6610</load_address>
         <run_address>0x6610</run_address>
         <size>0xc8</size>
         <input_file_ref idref="fl-19"/>
      </object_component>
      <object_component id="oc-606">
         <name>.const:_ctlRegs</name>
         <load_address>0x66d8</load_address>
         <run_address>0x66d8</run_address>
         <size>0x80</size>
         <input_file_ref idref="fl-1d"/>
      </object_component>
      <object_component id="oc-4c9">
         <name>.const:GPIO_PORT_TO_BASE</name>
         <load_address>0x6758</load_address>
         <run_address>0x6758</run_address>
         <size>0x30</size>
         <input_file_ref idref="fl-1e"/>
      </object_component>
      <object_component id="oc-1b8">
         <name>.const:g_sCrystalfontz128x128_funcs</name>
         <load_address>0x6788</load_address>
         <run_address>0x6788</run_address>
         <size>0x20</size>
         <input_file_ref idref="fl-7"/>
      </object_component>
      <object_component id="oc-4c5">
         <name>.const:$P$T40$1</name>
         <load_address>0x67a8</load_address>
         <run_address>0x67a8</run_address>
         <size>0x1c</size>
         <input_file_ref idref="fl-8"/>
      </object_component>
      <object_component id="oc-200">
         <name>.const:.string:$P$T40$1</name>
         <load_address>0x67c4</load_address>
         <run_address>0x67c4</run_address>
         <size>0x9</size>
         <input_file_ref idref="fl-3"/>
      </object_component>
      <object_component id="oc-4e0">
         <name>.const:$P$T40$1</name>
         <load_address>0x67ce</load_address>
         <run_address>0x67ce</run_address>
         <size>0x8</size>
         <input_file_ref idref="fl-7"/>
      </object_component>
      <object_component id="oc-203">
         <name>.const:$P$T41$2</name>
         <load_address>0x67d6</load_address>
         <run_address>0x67d6</run_address>
         <size>0x8</size>
         <input_file_ref idref="fl-3"/>
      </object_component>
      <object_component id="oc-220">
         <name>.const:.string:$P$T45$3</name>
         <load_address>0x67de</load_address>
         <run_address>0x67de</run_address>
         <size>0x8</size>
         <input_file_ref idref="fl-2"/>
      </object_component>
      <object_component id="oc-20c">
         <name>.const:$P$T40$1</name>
         <load_address>0x67e6</load_address>
         <run_address>0x67e6</run_address>
         <size>0x4</size>
         <input_file_ref idref="fl-2"/>
      </object_component>
      <object_component id="oc-20d">
         <name>.const:$P$T41$2</name>
         <load_address>0x67ea</load_address>
         <run_address>0x67ea</run_address>
         <size>0x4</size>
         <input_file_ref idref="fl-2"/>
      </object_component>
      <object_component id="oc-71c">
         <name>.cinit..data.load</name>
         <load_address>0x67f0</load_address>
         <run_address>0x67f0</run_address>
         <size>0x79</size>
      </object_component>
      <object_component id="oc-71a">
         <name>__TI_handler_table</name>
         <load_address>0x686c</load_address>
         <run_address>0x686c</run_address>
         <size>0xc</size>
      </object_component>
      <object_component id="oc-71d">
         <name>.cinit..bss.load</name>
         <load_address>0x6878</load_address>
         <run_address>0x6878</run_address>
         <size>0x8</size>
      </object_component>
      <object_component id="oc-71b">
         <name>__TI_cinit_table</name>
         <load_address>0x6880</load_address>
         <run_address>0x6880</run_address>
         <size>0x10</size>
      </object_component>
      <object_component id="oc-6ef">
         <name>.binit</name>
         <load_address>0x0</load_address>
         <run_address>0x0</run_address>
         <size>0x0</size>
      </object_component>
      <object_component id="oc-1b5">
         <name>.data:g_sCrystalfontz128x128</name>
         <load_address>0x20000c00</load_address>
         <run_address>0x20000c00</run_address>
         <size>0x10</size>
         <input_file_ref idref="fl-7"/>
      </object_component>
      <object_component id="oc-285">
         <name>.data:$O1$$</name>
         <load_address>0x20000c20</load_address>
         <run_address>0x20000c20</run_address>
         <size>0xc</size>
         <input_file_ref idref="fl-de"/>
      </object_component>
      <object_component id="oc-171">
         <name>.data:$O1$$</name>
         <load_address>0x20000c38</load_address>
         <run_address>0x20000c38</run_address>
         <size>0x8</size>
         <input_file_ref idref="fl-df"/>
      </object_component>
      <object_component id="oc-174">
         <name>.data:_ftable</name>
         <load_address>0x20000a48</load_address>
         <run_address>0x20000a48</run_address>
         <size>0xf0</size>
         <input_file_ref idref="fl-ea"/>
      </object_component>
      <object_component id="oc-62b">
         <name>.data</name>
         <load_address>0x20000c10</load_address>
         <run_address>0x20000c10</run_address>
         <size>0x10</size>
         <input_file_ref idref="fl-ea"/>
      </object_component>
      <object_component id="oc-5dc">
         <name>.data:_device</name>
         <load_address>0x20000b38</load_address>
         <run_address>0x20000b38</run_address>
         <size>0x78</size>
         <input_file_ref idref="fl-f2"/>
      </object_component>
      <object_component id="oc-571">
         <name>.data:_stream</name>
         <load_address>0x20000bb0</load_address>
         <run_address>0x20000bb0</run_address>
         <size>0x50</size>
         <input_file_ref idref="fl-f2"/>
      </object_component>
      <object_component id="oc-475">
         <name>.data</name>
         <load_address>0x20000c40</load_address>
         <run_address>0x20000c40</run_address>
         <size>0x4</size>
         <input_file_ref idref="fl-fb"/>
      </object_component>
      <object_component id="oc-620">
         <name>.data:$O1$$</name>
         <load_address>0x20000c2c</load_address>
         <run_address>0x20000c2c</run_address>
         <size>0xc</size>
         <input_file_ref idref="fl-10a"/>
      </object_component>
      <object_component id="oc-6a9">
         <name>.bss:_CIOBUF_</name>
         <uninitialized>true</uninitialized>
         <run_address>0x20000800</run_address>
         <size>0x120</size>
         <input_file_ref idref="fl-108"/>
      </object_component>
      <object_component id="oc-50e">
         <name>.common:g_u16resultsBuffer</name>
         <uninitialized>true</uninitialized>
         <run_address>0x20000a38</run_address>
         <size>0x4</size>
      </object_component>
      <object_component id="oc-1b4">
         <name>.common:g_sGeneral</name>
         <uninitialized>true</uninitialized>
         <run_address>0x20000a14</run_address>
         <size>0x1c</size>
      </object_component>
      <object_component id="oc-117">
         <name>.common:g_sBall</name>
         <uninitialized>true</uninitialized>
         <run_address>0x200009c0</run_address>
         <size>0x1c</size>
      </object_component>
      <object_component id="oc-1be">
         <name>.common:g_sEraser</name>
         <uninitialized>true</uninitialized>
         <run_address>0x200009f8</run_address>
         <size>0x1c</size>
      </object_component>
      <object_component id="oc-1bf">
         <name>.common:g_sBallTarget</name>
         <uninitialized>true</uninitialized>
         <run_address>0x200009dc</run_address>
         <size>0x1c</size>
      </object_component>
      <object_component id="oc-35b">
         <name>.common:Lcd_Orientation</name>
         <uninitialized>true</uninitialized>
         <run_address>0x20000a44</run_address>
         <size>0x1</size>
      </object_component>
      <object_component id="oc-351">
         <name>.common:Lcd_ScreenWidth</name>
         <uninitialized>true</uninitialized>
         <run_address>0x20000a3e</run_address>
         <size>0x2</size>
      </object_component>
      <object_component id="oc-355">
         <name>.common:Lcd_ScreenHeigth</name>
         <uninitialized>true</uninitialized>
         <run_address>0x20000a3c</run_address>
         <size>0x2</size>
      </object_component>
      <object_component id="oc-356">
         <name>.common:Lcd_PenSolid</name>
         <uninitialized>true</uninitialized>
         <run_address>0x20000a45</run_address>
         <size>0x1</size>
      </object_component>
      <object_component id="oc-357">
         <name>.common:Lcd_FontSolid</name>
         <uninitialized>true</uninitialized>
         <run_address>0x20000a43</run_address>
         <size>0x1</size>
      </object_component>
      <object_component id="oc-358">
         <name>.common:Lcd_FlagRead</name>
         <uninitialized>true</uninitialized>
         <run_address>0x20000a42</run_address>
         <size>0x1</size>
      </object_component>
      <object_component id="oc-359">
         <name>.common:Lcd_TouchTrim</name>
         <uninitialized>true</uninitialized>
         <run_address>0x20000a40</run_address>
         <size>0x2</size>
      </object_component>
      <object_component id="oc-674">
         <name>.common:__TI_tmpnams</name>
         <uninitialized>true</uninitialized>
         <run_address>0x20000920</run_address>
         <size>0xa0</size>
      </object_component>
      <object_component id="oc-685">
         <name>.common:parmbuf</name>
         <uninitialized>true</uninitialized>
         <run_address>0x20000a30</run_address>
         <size>0x8</size>
      </object_component>
      <object_component id="oc-29">
         <name>.sysmem</name>
         <uninitialized>true</uninitialized>
         <run_address>0x20000000</run_address>
         <size>0x8</size>
         <input_file_ref idref="fl-10a"/>
      </object_component>
      <object_component id="oc-71f">
         <name>.sysmem</name>
         <uninitialized>true</uninitialized>
         <run_address>0x20000000</run_address>
         <size>0x0</size>
      </object_component>
      <object_component id="oc-26">
         <name>.stack</name>
         <uninitialized>true</uninitialized>
         <run_address>0x2000fe00</run_address>
         <size>0x4</size>
         <input_file_ref idref="fl-dd"/>
      </object_component>
      <object_component id="oc-71e">
         <name>.stack</name>
         <uninitialized>true</uninitialized>
         <run_address>0x2000fe00</run_address>
         <size>0x0</size>
      </object_component>
      <object_component id="oc-118">
         <name>.debug_info</name>
         <load_address>0x0</load_address>
         <run_address>0x0</run_address>
         <size>0x2dad</size>
         <input_file_ref idref="fl-2"/>
      </object_component>
      <object_component id="oc-221">
         <name>.debug_info</name>
         <load_address>0x2dad</load_address>
         <run_address>0x2dad</run_address>
         <size>0xd9</size>
         <input_file_ref idref="fl-2"/>
      </object_component>
      <object_component id="oc-100">
         <name>.debug_info</name>
         <load_address>0x2e86</load_address>
         <run_address>0x2e86</run_address>
         <size>0x250</size>
         <input_file_ref idref="fl-2"/>
      </object_component>
      <object_component id="oc-106">
         <name>.debug_info</name>
         <load_address>0x30d6</load_address>
         <run_address>0x30d6</run_address>
         <size>0x1cb</size>
         <input_file_ref idref="fl-2"/>
      </object_component>
      <object_component id="oc-3df">
         <name>.debug_info</name>
         <load_address>0x32a1</load_address>
         <run_address>0x32a1</run_address>
         <size>0x1d3</size>
         <input_file_ref idref="fl-2"/>
      </object_component>
      <object_component id="oc-210">
         <name>.debug_info</name>
         <load_address>0x3474</load_address>
         <run_address>0x3474</run_address>
         <size>0x174</size>
         <input_file_ref idref="fl-2"/>
      </object_component>
      <object_component id="oc-10c">
         <name>.debug_info</name>
         <load_address>0x35e8</load_address>
         <run_address>0x35e8</run_address>
         <size>0x154</size>
         <input_file_ref idref="fl-2"/>
      </object_component>
      <object_component id="oc-112">
         <name>.debug_info</name>
         <load_address>0x373c</load_address>
         <run_address>0x373c</run_address>
         <size>0x1a6</size>
         <input_file_ref idref="fl-2"/>
      </object_component>
      <object_component id="oc-226">
         <name>.debug_info</name>
         <load_address>0x38e2</load_address>
         <run_address>0x38e2</run_address>
         <size>0x139b</size>
         <input_file_ref idref="fl-2"/>
      </object_component>
      <object_component id="oc-22b">
         <name>.debug_info</name>
         <load_address>0x4c7d</load_address>
         <run_address>0x4c7d</run_address>
         <size>0x46de</size>
         <input_file_ref idref="fl-2"/>
      </object_component>
      <object_component id="oc-122">
         <name>.debug_info</name>
         <load_address>0x935b</load_address>
         <run_address>0x935b</run_address>
         <size>0x11f</size>
         <input_file_ref idref="fl-2"/>
      </object_component>
      <object_component id="oc-207">
         <name>.debug_info</name>
         <load_address>0x947a</load_address>
         <run_address>0x947a</run_address>
         <size>0x57e</size>
         <input_file_ref idref="fl-2"/>
      </object_component>
      <object_component id="oc-230">
         <name>.debug_info</name>
         <load_address>0x99f8</load_address>
         <run_address>0x99f8</run_address>
         <size>0x221</size>
         <input_file_ref idref="fl-2"/>
      </object_component>
      <object_component id="oc-235">
         <name>.debug_info</name>
         <load_address>0x9c19</load_address>
         <run_address>0x9c19</run_address>
         <size>0x73</size>
         <input_file_ref idref="fl-2"/>
      </object_component>
      <object_component id="oc-23a">
         <name>.debug_info</name>
         <load_address>0x9c8c</load_address>
         <run_address>0x9c8c</run_address>
         <size>0xd0</size>
         <input_file_ref idref="fl-2"/>
      </object_component>
      <object_component id="oc-23f">
         <name>.debug_info</name>
         <load_address>0x9d5c</load_address>
         <run_address>0x9d5c</run_address>
         <size>0xbc</size>
         <input_file_ref idref="fl-2"/>
      </object_component>
      <object_component id="oc-244">
         <name>.debug_info</name>
         <load_address>0x9e18</load_address>
         <run_address>0x9e18</run_address>
         <size>0xf8</size>
         <input_file_ref idref="fl-2"/>
      </object_component>
      <object_component id="oc-249">
         <name>.debug_info</name>
         <load_address>0x9f10</load_address>
         <run_address>0x9f10</run_address>
         <size>0x46d</size>
         <input_file_ref idref="fl-2"/>
      </object_component>
      <object_component id="oc-24e">
         <name>.debug_info</name>
         <load_address>0xa37d</load_address>
         <run_address>0xa37d</run_address>
         <size>0x151c</size>
         <input_file_ref idref="fl-2"/>
      </object_component>
      <object_component id="oc-253">
         <name>.debug_info</name>
         <load_address>0xb899</load_address>
         <run_address>0xb899</run_address>
         <size>0x8b</size>
         <input_file_ref idref="fl-2"/>
      </object_component>
      <object_component id="oc-258">
         <name>.debug_info</name>
         <load_address>0xb924</load_address>
         <run_address>0xb924</run_address>
         <size>0xa0a</size>
         <input_file_ref idref="fl-2"/>
      </object_component>
      <object_component id="oc-267">
         <name>.debug_info</name>
         <load_address>0xc32e</load_address>
         <run_address>0xc32e</run_address>
         <size>0x2c9</size>
         <input_file_ref idref="fl-2"/>
      </object_component>
      <object_component id="oc-27d">
         <name>.debug_info</name>
         <load_address>0xc5f7</load_address>
         <run_address>0xc5f7</run_address>
         <size>0xef</size>
         <input_file_ref idref="fl-2"/>
      </object_component>
      <object_component id="oc-127">
         <name>.debug_info</name>
         <load_address>0xc6e6</load_address>
         <run_address>0xc6e6</run_address>
         <size>0xbb</size>
         <input_file_ref idref="fl-2"/>
      </object_component>
      <object_component id="oc-262">
         <name>.debug_info</name>
         <load_address>0xc7a1</load_address>
         <run_address>0xc7a1</run_address>
         <size>0x2a1</size>
         <input_file_ref idref="fl-2"/>
      </object_component>
      <object_component id="oc-25d">
         <name>.debug_info</name>
         <load_address>0xca42</load_address>
         <run_address>0xca42</run_address>
         <size>0xfe</size>
         <input_file_ref idref="fl-2"/>
      </object_component>
      <object_component id="oc-26c">
         <name>.debug_info</name>
         <load_address>0xcb40</load_address>
         <run_address>0xcb40</run_address>
         <size>0x195</size>
         <input_file_ref idref="fl-2"/>
      </object_component>
      <object_component id="oc-271">
         <name>.debug_info</name>
         <load_address>0xccd5</load_address>
[...]
         <value>0x20000c38</value>
         <object_component_ref idref="oc-171"/>
      </symbol>
      <symbol id="sm-656">
         <name>_unlock</name>
         <value>0x20000c3c</value>
         <object_component_ref idref="oc-171"/>
      </symbol>
      <symbol id="sm-68d">
         <name>printf</name>
         <value>0x4215</value>
         <object_component_ref idref="oc-bd"/>
      </symbol>
      <symbol id="sm-69c">
         <name>__aeabi_memset</name>
         <value>0x3e8f</value>
         <object_component_ref idref="oc-97"/>
      </symbol>
      <symbol id="sm-69d">
         <name>memset</name>
         <value>0x3e95</value>
         <object_component_ref idref="oc-97"/>
      </symbol>
      <symbol id="sm-69e">
         <name>__aeabi_memset8</name>
         <value>0x3e8f</value>
         <object_component_ref idref="oc-97"/>
      </symbol>
      <symbol id="sm-69f">
         <name>__aeabi_memset4</name>
         <value>0x3e8f</value>
         <object_component_ref idref="oc-97"/>
      </symbol>
      <symbol id="sm-6a0">
         <name>__aeabi_memclr8</name>
         <value>0x3e8d</value>
         <object_component_ref idref="oc-97"/>
      </symbol>
      <symbol id="sm-6a1">
         <name>__aeabi_memclr4</name>
         <value>0x3e8d</value>
         <object_component_ref idref="oc-97"/>
      </symbol>
      <symbol id="sm-6a2">
         <name>__aeabi_memclr</name>
         <value>0x3e8d</value>
         <object_component_ref idref="oc-97"/>
      </symbol>
      <symbol id="sm-6bd">
         <name>memcpy</name>
         <value>0x3aad</value>
         <object_component_ref idref="oc-37"/>
      </symbol>
      <symbol id="sm-6be">
         <name>__aeabi_memcpy</name>
         <value>0x3aad</value>
         <object_component_ref idref="oc-37"/>
      </symbol>
      <symbol id="sm-6bf">
         <name>__aeabi_memcpy8</name>
         <value>0x3aad</value>
         <object_component_ref idref="oc-37"/>
      </symbol>
      <symbol id="sm-6c0">
         <name>__aeabi_memcpy4</name>
         <value>0x3aad</value>
         <object_component_ref idref="oc-37"/>
      </symbol>
      <symbol id="sm-6e8">
         <name>__TI_auto_init_nobinit_nopinit</name>
         <value>0x4b79</value>
         <object_component_ref idref="oc-138"/>
      </symbol>
      <symbol id="sm-6f2">
         <name>_system_pre_init</name>
         <value>0x54f1</value>
         <object_component_ref idref="oc-9d"/>
      </symbol>
      <symbol id="sm-85d">
         <name>__TI_printfi</name>
         <value>0xe5</value>
         <object_component_ref idref="oc-16b"/>
      </symbol>
      <symbol id="sm-873">
         <name>atoi</name>
         <value>0x493d</value>
         <object_component_ref idref="oc-2a7"/>
      </symbol>
      <symbol id="sm-87e">
         <name>_ctypes_</name>
         <value>0x6446</value>
         <object_component_ref idref="oc-40e"/>
      </symbol>
      <symbol id="sm-893">
         <name>__TI_tmpnams</name>
         <value>0x20000920</value>
      </symbol>
      <symbol id="sm-894">
         <name>__aeabi_stdout</name>
         <value>0x20000c18</value>
         <object_component_ref idref="oc-62b"/>
      </symbol>
      <symbol id="sm-895">
         <name>__aeabi_stderr</name>
         <value>0x20000c1c</value>
         <object_component_ref idref="oc-62b"/>
      </symbol>
      <symbol id="sm-896">
         <name>__aeabi_stdin</name>
         <value>0x20000c14</value>
         <object_component_ref idref="oc-62b"/>
      </symbol>
      <symbol id="sm-897">
         <name>_ftable</name>
         <value>0x20000a48</value>
         <object_component_ref idref="oc-174"/>
      </symbol>
      <symbol id="sm-898">
         <name>__TI_ft_end</name>
         <value>0x20000c10</value>
         <object_component_ref idref="oc-62b"/>
      </symbol>
      <symbol id="sm-8ad">
         <name>putc</name>
         <value>0x3be1</value>
         <object_component_ref idref="oc-303"/>
      </symbol>
      <symbol id="sm-8ae">
         <name>fputc</name>
         <value>0x3be1</value>
         <object_component_ref idref="oc-303"/>
      </symbol>
      <symbol id="sm-8cc">
         <name>fputs</name>
         <value>0x3141</value>
         <object_component_ref idref="oc-2fc"/>
      </symbol>
      <symbol id="sm-8db">
         <name>ltoa</name>
         <value>0x47f9</value>
         <object_component_ref idref="oc-42e"/>
      </symbol>
      <symbol id="sm-8eb">
         <name>memccpy</name>
         <value>0x5349</value>
         <object_component_ref idref="oc-2d0"/>
      </symbol>
      <symbol id="sm-8fb">
         <name>memchr</name>
         <value>0x52f1</value>
         <object_component_ref idref="oc-496"/>
      </symbol>
      <symbol id="sm-90b">
         <name>strchr</name>
         <value>0x5423</value>
         <object_component_ref idref="oc-465"/>
      </symbol>
      <symbol id="sm-919">
         <name>strlen</name>
         <value>0x5461</value>
         <object_component_ref idref="oc-2a1"/>
      </symbol>
      <symbol id="sm-93f">
         <name>_stream</name>
         <value>0x20000bb0</value>
         <object_component_ref idref="oc-571"/>
      </symbol>
      <symbol id="sm-940">
         <name>_device</name>
         <value>0x20000b38</value>
         <object_component_ref idref="oc-5dc"/>
      </symbol>
      <symbol id="sm-941">
         <name>write</name>
         <value>0x52a9</value>
         <object_component_ref idref="oc-4a2"/>
      </symbol>
      <symbol id="sm-961">
         <name>frexpl</name>
         <value>0x4345</value>
         <object_component_ref idref="oc-459"/>
      </symbol>
      <symbol id="sm-962">
         <name>frexp</name>
         <value>0x4345</value>
         <object_component_ref idref="oc-459"/>
      </symbol>
      <symbol id="sm-97f">
         <name>scalbn</name>
         <value>0x3255</value>
         <object_component_ref idref="oc-45f"/>
      </symbol>
      <symbol id="sm-980">
         <name>scalbnl</name>
         <value>0x3255</value>
         <object_component_ref idref="oc-45f"/>
      </symbol>
      <symbol id="sm-981">
         <name>ldexpl</name>
         <value>0x3255</value>
         <object_component_ref idref="oc-45f"/>
      </symbol>
      <symbol id="sm-982">
         <name>ldexp</name>
         <value>0x3255</value>
         <object_component_ref idref="oc-45f"/>
      </symbol>
      <symbol id="sm-98c">
         <name>copysign</name>
         <value>0x5439</value>
         <object_component_ref idref="oc-543"/>
      </symbol>
      <symbol id="sm-98d">
         <name>copysignl</name>
         <value>0x5439</value>
         <object_component_ref idref="oc-543"/>
      </symbol>
      <symbol id="sm-9a6">
         <name>wcslen</name>
         <value>0x5499</value>
         <object_component_ref idref="oc-2d6"/>
      </symbol>
      <symbol id="sm-9bd">
         <name>__aeabi_dsub</name>
         <value>0x22cd</value>
         <object_component_ref idref="oc-439"/>
      </symbol>
      <symbol id="sm-9be">
         <name>__aeabi_dadd</name>
         <value>0x22d7</value>
         <object_component_ref idref="oc-439"/>
      </symbol>
      <symbol id="sm-9e0">
         <name>__aeabi_cdcmpeq</name>
         <value>0x3d81</value>
         <object_component_ref idref="oc-2b3"/>
      </symbol>
      <symbol id="sm-9e1">
         <name>__aeabi_cdcmple</name>
         <value>0x3d81</value>
         <object_component_ref idref="oc-2b3"/>
      </symbol>
      <symbol id="sm-9e2">
         <name>__aeabi_cdrcmple</name>
         <value>0x3e07</value>
         <object_component_ref idref="oc-424"/>
      </symbol>
      <symbol id="sm-9f6">
         <name>__aeabi_ddiv</name>
         <value>0x2b65</value>
         <object_component_ref idref="oc-41f"/>
      </symbol>
      <symbol id="sm-a03">
         <name>__aeabi_uldivmod</name>
         <value>0x3b49</value>
         <object_component_ref idref="oc-413"/>
      </symbol>
      <symbol id="sm-a19">
         <name>__aeabi_errno_addr</name>
         <value>0x54e1</value>
         <object_component_ref idref="oc-2dc"/>
      </symbol>
      <symbol id="sm-a1a">
         <name>errno</name>
         <value>0x20000c40</value>
         <object_component_ref idref="oc-475"/>
      </symbol>
      <symbol id="sm-a32">
         <name>__TI_wrt_ok</name>
         <value>0x440d</value>
         <object_component_ref idref="oc-490"/>
      </symbol>
      <symbol id="sm-a42">
         <name>__TI_doflush</name>
         <value>0x48f1</value>
         <object_component_ref idref="oc-49c"/>
      </symbol>
      <symbol id="sm-a54">
         <name>fseek</name>
         <value>0x43a9</value>
         <object_component_ref idref="oc-55f"/>
      </symbol>
      <symbol id="sm-a64">
         <name>lseek</name>
         <value>0x5259</value>
         <object_component_ref idref="oc-5b5"/>
      </symbol>
      <symbol id="sm-a80">
         <name>setvbuf</name>
         <value>0x3461</value>
         <object_component_ref idref="oc-565"/>
      </symbol>
      <symbol id="sm-a91">
         <name>HOSTclose</name>
         <value>0x4af1</value>
         <object_component_ref idref="oc-637"/>
      </symbol>
      <symbol id="sm-aa2">
         <name>HOSTlseek</name>
         <value>0x40dd</value>
         <object_component_ref idref="oc-649"/>
      </symbol>
      <symbol id="sm-ab4">
         <name>parmbuf</name>
         <value>0x20000a30</value>
      </symbol>
      <symbol id="sm-ab5">
         <name>HOSTopen</name>
         <value>0x4471</value>
         <object_component_ref idref="oc-631"/>
      </symbol>
      <symbol id="sm-ac6">
         <name>HOSTread</name>
         <value>0x4649</value>
         <object_component_ref idref="oc-63d"/>
      </symbol>
      <symbol id="sm-ad7">
         <name>HOSTrename</name>
         <value>0x4145</value>
         <object_component_ref idref="oc-655"/>
      </symbol>
      <symbol id="sm-ae8">
         <name>HOSTunlink</name>
         <value>0x4b35</value>
         <object_component_ref idref="oc-64f"/>
      </symbol>
      <symbol id="sm-af9">
         <name>HOSTwrite</name>
         <value>0x46a1</value>
         <object_component_ref idref="oc-643"/>
      </symbol>
      <symbol id="sm-b1d">
         <name>__TI_readmsg</name>
         <value>0x4fb1</value>
         <object_component_ref idref="oc-67f"/>
      </symbol>
      <symbol id="sm-b1e">
         <name>C$$IO$$</name>
         <value>0x4e5f</value>
         <object_component_ref idref="oc-679"/>
      </symbol>
      <symbol id="sm-b1f">
         <name>__CIOBUF_</name>
         <value>0x20000800</value>
         <object_component_ref idref="oc-6a9"/>
      </symbol>
      <symbol id="sm-b20">
         <name>__TI_writemsg</name>
         <value>0x4e31</value>
         <object_component_ref idref="oc-679"/>
      </symbol>
      <symbol id="sm-b2a">
         <name>__aeabi_idiv0</name>
         <value>0x2c9b</value>
         <object_component_ref idref="oc-52a"/>
      </symbol>
      <symbol id="sm-b2b">
         <name>__aeabi_ldiv0</name>
         <value>0x2c9b</value>
         <object_component_ref idref="oc-52a"/>
      </symbol>
      <symbol id="sm-ba6">
         <name>_sys_memory</name>
         <value>0x20000000</value>
         <object_component_ref idref="oc-29"/>
      </symbol>
      <symbol id="sm-ba7">
         <name>free</name>
         <value>0x353d</value>
         <object_component_ref idref="oc-5bd"/>
      </symbol>
      <symbol id="sm-ba8">
         <name>malloc</name>
         <value>0x3f81</value>
         <object_component_ref idref="oc-5c3"/>
      </symbol>
      <symbol id="sm-ba9">
         <name>minit</name>
         <value>0x4ea1</value>
         <object_component_ref idref="oc-60e"/>
      </symbol>
      <symbol id="sm-bb9">
         <name>__TI_cleanup</name>
         <value>0x4f7d</value>
         <object_component_ref idref="oc-5c9"/>
      </symbol>
      <symbol id="sm-bc8">
         <name>strcpy</name>
         <value>0x544d</value>
         <object_component_ref idref="oc-693"/>
      </symbol>
      <symbol id="sm-bdd">
         <name>__TI_closefile</name>
         <value>0x3ff9</value>
         <object_component_ref idref="oc-625"/>
      </symbol>
      <symbol id="sm-c00">
         <name>finddevice</name>
         <value>0x50a5</value>
         <object_component_ref idref="oc-6c7"/>
      </symbol>
      <symbol id="sm-c01">
         <name>getdevice</name>
         <value>0x4bbd</value>
         <object_component_ref idref="oc-69f"/>
      </symbol>
      <symbol id="sm-c11">
         <name>strcmp</name>
         <value>0x53b3</value>
         <object_component_ref idref="oc-6de"/>
      </symbol>
      <symbol id="sm-c21">
         <name>strncpy</name>
         <value>0x4f45</value>
         <object_component_ref idref="oc-6c1"/>
      </symbol>
      <symbol id="sm-c31">
         <name>unlink</name>
         <value>0x51b5</value>
         <object_component_ref idref="oc-66e"/>
      </symbol>
      <symbol id="sm-c45">
         <name>close</name>
         <value>0x4591</value>
         <object_component_ref idref="oc-668"/>
      </symbol>
      <symbol id="sm-c46">
         <name>__TI_static_base__</name>
         <value>0x0</value>
      </symbol>
      <symbol id="sm-c49">
         <name>__mpu_init</name>
         <value>0x0</value>
      </symbol>
      <symbol id="sm-c4a">
         <name>_system_post_cinit</name>
         <value>0x0</value>
      </symbol>
      <symbol id="sm-c4b">
         <name>NMI_Handler</name>
         <value>0x1613</value>
      </symbol>
      <symbol id="sm-c4c">
         <name>HardFault_Handler</name>
         <value>0x1613</value>
      </symbol>
      <symbol id="sm-c4d">
         <name>MemManage_Handler</name>
         <value>0x1613</value>
      </symbol>
      <symbol id="sm-c4e">
         <name>BusFault_Handler</name>
         <value>0x1613</value>
      </symbol>
      <symbol id="sm-c4f">
         <name>UsageFault_Handler</name>
         <value>0x1613</value>
      </symbol>
      <symbol id="sm-c50">
         <name>SVC_Handler</name>
         <value>0x1613</value>
      </symbol>
      <symbol id="sm-c51">
         <name>DebugMon_Handler</name>
         <value>0x1613</value>
      </symbol>
      <symbol id="sm-c52">
         <name>PendSV_Handler</name>
         <value>0x1613</value>
      </symbol>
      <symbol id="sm-c53">
         <name>SysTick_Handler</name>
         <value>0x1613</value>
      </symbol>
      <symbol id="sm-c54">
         <name>PSS_IRQHandler</name>
         <value>0x1613</value>
      </symbol>
      <symbol id="sm-c55">
         <name>CS_IRQHandler</name>
         <value>0x1613</value>
      </symbol>
      <symbol id="sm-c56">
         <name>PCM_IRQHandler</name>
         <value>0x1613</value>
      </symbol>
      <symbol id="sm-c57">
         <name>WDT_A_IRQHandler</name>
         <value>0x1613</value>
      </symbol>
      <symbol id="sm-c58">
         <name>FPU_IRQHandler</name>
         <value>0x1613</value>
      </symbol>
      <symbol id="sm-c59">
         <name>FLCTL_IRQHandler</name>
         <value>0x1613</value>
      </symbol>
      <symbol id="sm-c5a">
         <name>COMP_E0_IRQHandler</name>
         <value>0x1613</value>
      </symbol>
      <symbol id="sm-c5b">
         <name>COMP_E1_IRQHandler</name>
         <value>0x1613</value>
      </symbol>
      <symbol id="sm-c5c">
         <name>TA0_0_IRQHandler</name>
         <value>0x1613</value>
      </symbol>
      <symbol id="sm-c5d">
         <name>TA0_N_IRQHandler</name>
         <value>0x1613</value>
      </symbol>
      <symbol id="sm-c5e">
         <name>TA1_0_IRQHandler</name>
         <value>0x1613</value>
      </symbol>
      <symbol id="sm-c5f">
         <name>TA1_N_IRQHandler</name>
         <value>0x1613</value>
      </symbol>
      <symbol id="sm-c60">
         <name>TA2_0_IRQHandler</name>
         <value>0x1613</value>
      </symbol>
      <symbol id="sm-c61">
         <name>TA2_N_IRQHandler</name>
         <value>0x1613</value>
      </symbol>
      <symbol id="sm-c62">
         <name>TA3_0_IRQHandler</name>
         <value>0x1613</value>
      </symbol>
      <symbol id="sm-c63">
         <name>TA3_N_IRQHandler</name>
         <value>0x1613</value>
      </symbol>
      <symbol id="sm-c64">
         <name>EUSCIA0_IRQHandler</name>
         <value>0x1613</value>
      </symbol>
      <symbol id="sm-c65">
         <name>EUSCIA1_IRQHandler</name>
         <value>0x1613</value>
      </symbol>
      <symbol id="sm-c66">
         <name>EUSCIA2_IRQHandler</name>
         <value>0x1613</value>
      </symbol>
      <symbol id="sm-c67">
         <name>EUSCIA3_IRQHandler</name>
         <value>0x1613</value>
      </symbol>
      <symbol id="sm-c68">
         <name>EUSCIB0_IRQHandler</name>
         <value>0x1613</value>
      </symbol>
      <symbol id="sm-c69">
         <name>EUSCIB1_IRQHandler</name>
         <value>0x1613</value>
      </symbol>
      <symbol id="sm-c6a">
         <name>EUSCIB2_IRQHandler</name>
         <value>0x1613</value>
      </symbol>
      <symbol id="sm-c6b">
         <name>EUSCIB3_IRQHandler</name>
         <value>0x1613</value>
      </symbol>
      <symbol id="sm-c6c">
         <name>ADC14_IRQHandler</name>
         <value>0x4d81</value>
      </symbol>
      <symbol id="sm-c6d">
         <name>T32_INT1_IRQHandler</name>
         <value>0x1613</value>
      </symbol>
      <symbol id="sm-c6e">
         <name>T32_INT2_IRQHandler</name>
         <value>0x1613</value>
      </symbol>
      <symbol id="sm-c6f">
         <name>T32_INTC_IRQHandler</name>
         <value>0x1613</value>
      </symbol>
      <symbol id="sm-c70">
         <name>AES256_IRQHandler</name>
         <value>0x1613</value>
      </symbol>
      <symbol id="sm-c71">
         <name>RTC_C_IRQHandler</name>
         <value>0x1613</value>
      </symbol>
      <symbol id="sm-c72">
         <name>DMA_ERR_IRQHandler</name>
         <value>0x1613</value>
      </symbol>
      <symbol id="sm-c73">
         <name>DMA_INT3_IRQHandler</name>
         <value>0x1613</value>
      </symbol>
      <symbol id="sm-c74">
         <name>DMA_INT2_IRQHandler</name>
         <value>0x1613</value>
      </symbol>
      <symbol id="sm-c75">
         <name>DMA_INT1_IRQHandler</name>
         <value>0x1613</value>
      </symbol>
      <symbol id="sm-c76">
         <name>DMA_INT0_IRQHandler</name>
         <value>0x1613</value>
      </symbol>
      <symbol id="sm-c77">
         <name>PORT1_IRQHandler</name>
         <value>0x1613</value>
      </symbol>
      <symbol id="sm-c78">
         <name>PORT2_IRQHandler</name>
         <value>0x1613</value>
      </symbol>
      <symbol id="sm-c79">
         <name>PORT3_IRQHandler</name>
         <value>0x1613</value>
      </symbol>
      <symbol id="sm-c7a">
         <name>PORT4_IRQHandler</name>
         <value>0x1613</value>
      </symbol>
      <symbol id="sm-c7b">
         <name>PORT5_IRQHandler</name>
         <value>0x1613</value>
      </symbol>
      <symbol id="sm-c7c">
         <name>PORT6_IRQHandler</name>
         <value>0x1613</value>
      </symbol>
      <symbol id="sm-c7d">
         <name>remove</name>
         <value>0x51b5</value>
      </symbol>
   </symbol_table>
   <title>Link successful</title>
</link_info>
