******************************************************************************
                  TI ARM Linker PC v18.1.2                     
******************************************************************************
>> Linked Wed Jul 18 19:38:35 2018

OUTPUT FILE NAME:   <FinalProject_EmbeddedSystems.out>
ENTRY POINT SYMBOL: "_c_int00_noargs"  address: 00004e69


MEMORY CONFIGURATION

         name            origin    length      used     unused   attr    fill
----------------------  --------  ---------  --------  --------  ----  --------
  MAIN                  00000000   00040000  0000688e  00039772  R  X
  INFO                  00200000   00004000  00000000  00004000  R  X
  SRAM_CODE             01000000   00010000  00000e42  0000f1be  RW X
  SRAM_DATA             20000000   00010000  00000e42  0000f1be  RW  


SEGMENT ALLOCATION MAP

run origin  load origin   length   init length attrs members
----------  ----------- ---------- ----------- ----- -------
00000000    00000000    00006890   00006890    r-x
  00000000    00000000    000000e4   000000e4    r-- .intvecs
  000000e4    000000e4    00005414   00005414    r-x .text
  000054f8    000054f8    000012f6   000012f6    r-- .const
  000067f0    000067f0    000000a0   000000a0    r-- .cinit
20000000    20000000    00000c44   00000000    rw-
  20000000    20000000    00000800   00000000    rw- .sysmem
  20000800    20000800    00000246   00000000    rw- .bss
  20000a48    20000a48    000001fc   00000000    rw- .data
2000fe00    2000fe00    00000200   00000000    rw-
  2000fe00    2000fe00    00000200   00000000    rw- .stack


SECTION ALLOCATION MAP

 output                                  attributes/
section   page    origin      length       input sections
--------  ----  ----------  ----------   ----------------
.intvecs   0    00000000    000000e4     
                  00000000    000000e4     startup_msp432p401r_ccs.obj (.intvecs:retain)

.text      0    000000e4    00005414     
                  000000e4    00000a5e     rtsv7M4_T_le_v4SPD16_eabi.lib : _printfi.c.obj (.text:__TI_printfi)
                  00000b42    00000652     Ball.obj (.text:_ZN4Ball18CheckBallCollisionEv)
                  00001194    0000047e     grlib.a : string.obj (.text:Graphics_drawString)
                  00001612    00000002     startup_msp432p401r_ccs.obj (.text:Default_Handler)
                  00001614    00000270     rtsv7M4_T_le_v4SPD16_eabi.lib : _printfi.c.obj (.text:_pconv_a)
                  00001884    0000026e     grlib.a : circle.obj (.text:Graphics_drawCircle)
                  00001af2    0000022a             : circle.obj (.text:Graphics_fillCircle)
                  00001d1c    00000208     Functions.obj (.text:_Z10CreateMazev)
                  00001f24    000001d8     Crystalfontz128x128_ST7735.obj (.text:_ZN52_INTERNAL_30_Crystalfontz128x128_ST7735_cpp_acdafc1437Crystalfontz128x128_PixelDrawMultipleEPK16Graphics_DisplaysssssPKhPKj)
                  000020fc    000001d0     rtsv7M4_T_le_v4SPD16_eabi.lib : _printfi.c.obj (.text:_pconv_g)
                  000022cc    000001b6                                   : fd_add_t2.asm.obj (.text)
                  00002482    00000180     grlib.a : line.obj (.text:Graphics_clipLine)
                  00002602    00000174             : line.obj (.text:Graphics_drawLine)
                  00002776    00000002     rtsv7M4_T_le_v4SPD16_eabi.lib : _lock.c.obj (.text:_nop)
                  00002778    00000160     msp432p4xx_driverlib.lib : adc14.o (.text:_getIndexForMemRegister)
                  000028d8    00000150     Ball.obj (.text:_ZN4Ball15GetBallPositionEv)
                  00002a28    0000013c     rtsv7M4_T_le_v4SPD16_eabi.lib : _printfi.c.obj (.text:_pconv_e)
                  00002b64    00000136                                   : fd_div_t2.asm.obj (.text)
                  00002c9a    00000002                                   : div0.asm.obj (.text)
                  00002c9c    00000134     Crystalfontz128x128_ST7735.obj (.text:_Z32Crystalfontz128x128_SetDrawFrametttt)
                  00002dd0    0000012c     Crystalfontz128x128_ST7735.obj (.text:_Z24Crystalfontz128x128_Initv)
                  00002efc    00000124     Functions.obj (.text:_Z11SetupScreenv)
                  00003020    00000120     rtsv7M4_T_le_v4SPD16_eabi.lib : _printfi.c.obj (.text:fcvt)
                  00003140    00000114                                   : fputs.c.obj (.text:fputs)
                  00003254    00000110                                   : s_scalbn.c.obj (.text:scalbn)
                  00003364    000000fc                                   : fd_mul_t2.asm.obj (.text)
                  00003460    000000dc                                   : setvbuf.c.obj (.text:setvbuf)
                  0000353c    000000d8                                   : memory.c.obj (.text:free)
                  00003614    000000c0     main.obj (.text:_Z18SetupAccelerometerv)
                  000036d4    000000b1     rtsv7M4_T_le_v4SPD16_eabi.lib : _printfi.c.obj (.text:_ltostr)
                  00003785    00000001     --HOLE-- [fill = 0]
                  00003786    000000b0     msp432p4xx_driverlib.lib : spi.o (.text:SPI_initMaster)
                  00003836    000000a2     grlib.a : rectangle.obj (.text:Graphics_drawRectangle)
                  000038d8    0000009c             : line.obj (.text:Graphics_drawLineH)
                  00003974    0000009c             : line.obj (.text:Graphics_drawLineV)
                  00003a10    0000009c     Crystalfontz128x128_ST7735.obj (.text:_ZN52_INTERNAL_30_Crystalfontz128x128_ST7735_cpp_acdafc1428Crystalfontz128x128_RectFillEPK16Graphics_DisplayPK18Graphics_Rectanglet)
                  00003aac    0000009c     rtsv7M4_T_le_v4SPD16_eabi.lib : memcpy_t2.asm.obj (.text)
                  00003b48    00000096                                   : ull_div_t2.asm.obj (.text)
                  00003bde    00000002     --HOLE-- [fill = 0]
                  00003be0    0000008c                                   : fputc.c.obj (.text:fputc)
                  00003c6c    0000008c     main.obj (.text:main)
                  00003cf8    00000088     msp432p4xx_driverlib.lib : gpio.o (.text:GPIO_setAsPeripheralModuleFunctionOutputPin)
                  00003d80    00000086     rtsv7M4_T_le_v4SPD16_eabi.lib : fd_cmp_t2.asm.obj (.text:__aeabi_cdcmple)
                  00003e06    00000086                                   : fd_cmp_t2.asm.obj (.text:__aeabi_cdrcmple)
                  00003e8c    0000007a                                   : memset_t2.asm.obj (.text)
                  00003f06    00000002     --HOLE-- [fill = 0]
                  00003f08    00000078     system_msp432p401r.obj (.text:SystemInit)
                  00003f80    00000078     rtsv7M4_T_le_v4SPD16_eabi.lib : memory.c.obj (.text:malloc)
                  00003ff8    00000074                                   : fclose.c.obj (.text:__TI_closefile)
                  0000406c    0000006e                                   : _printfi.c.obj (.text:_mcpy)
                  000040da    00000002     --HOLE-- [fill = 0]
                  000040dc    00000068                                   : hostlseek.c.obj (.text:HOSTlseek)
                  00004144    00000068                                   : hostrename.c.obj (.text:HOSTrename)
                  000041ac    00000068                                   : copy_decompress_lzss.c.obj (.text:decompress:lzss:__TI_decompress_lzss)
                  00004214    00000068                                   : printf.c.obj (.text:printf)
                  0000427c    00000064     grlib.a : line.obj (.text:Graphics_getClipCode)
                  000042e0    00000064     Ball.obj (.text:_ZN4Ball9PrintBallEv)
                  00004344    00000064     rtsv7M4_T_le_v4SPD16_eabi.lib : s_frexp.c.obj (.text:frexp)
                  000043a8    00000064                                   : fseek.c.obj (.text:fseek)
                  0000440c    00000062                                   : _io_perm.c.obj (.text:__TI_wrt_ok)
                  0000446e    00000002     --HOLE-- [fill = 0]
                  00004470    00000060                                   : hostopen.c.obj (.text:HOSTopen)
                  000044d0    00000060     Crystalfontz128x128_ST7735.obj (.text:_ZN52_INTERNAL_30_Crystalfontz128x128_ST7735_cpp_acdafc1429Crystalfontz128x128_LineDrawHEPK16Graphics_Displayssst)
                  00004530    00000060     Crystalfontz128x128_ST7735.obj (.text:_ZN52_INTERNAL_30_Crystalfontz128x128_ST7735_cpp_acdafc1429Crystalfontz128x128_LineDrawVEPK16Graphics_Displayssst)
                  00004590    0000005c     rtsv7M4_T_le_v4SPD16_eabi.lib : close.c.obj (.text:close)
                  000045ec    0000005a     grlib.a : context.obj (.text:Graphics_drawPixel)
                  00004646    00000002     --HOLE-- [fill = 0]
                  00004648    00000058     rtsv7M4_T_le_v4SPD16_eabi.lib : hostread.c.obj (.text:HOSTread)
                  000046a0    00000058                                   : hostwrite.c.obj (.text:HOSTwrite)
                  000046f8    00000056                                   : _printfi.c.obj (.text:_pconv_f)
                  0000474e    00000002     --HOLE-- [fill = 0]
                  00004750    00000054     msp432p4xx_driverlib.lib : adc14.o (.text:ADC14_initModule)
                  000047a4    00000054     Crystalfontz128x128_ST7735.obj (.text:_Z34Crystalfontz128x128_SetOrientationh)
                  000047f8    00000054     rtsv7M4_T_le_v4SPD16_eabi.lib : ltoa.c.obj (.text:ltoa)
                  0000484c    00000052     grlib.a : context.obj (.text:Graphics_initContext)
                  0000489e    00000052     rtsv7M4_T_le_v4SPD16_eabi.lib : _printfi.c.obj (.text:_ecpy)
                  000048f0    0000004c                                   : fflush.c.obj (.text:__TI_doflush)
                  0000493c    0000004c                                   : atoi.c.obj (.text:atoi)
                  00004988    00000048     main.obj (.text:_ZN25_INTERNAL_8_main_cpp_main18__NVIC_SetPriorityE4IRQnj)
                  000049d0    00000048     Ball.obj (.text:_ZN4Ball9GameEndedEv)
                  00004a18    00000048     Ball.obj (.text:_ZN4BallC1EhhP16Graphics_Context)
                  00004a60    00000048     rtsv7M4_T_le_v4SPD16_eabi.lib : exit.c.obj (.text:exit)
                  00004aa8    00000048                                   : fd_toi_t2.asm.obj (.text)
                  00004af0    00000044                                   : hostclose.c.obj (.text:HOSTclose)
                  00004b34    00000044                                   : hostunlink.c.obj (.text:HOSTunlink)
                  00004b78    00000044                                   : autoinit.c.obj (.text:__TI_auto_init_nobinit_nopinit:__TI_auto_init_nobinit_nopinit)
                  00004bbc    00000044                                   : getdevice.c.obj (.text:getdevice)
                  00004c00    00000040     msp432p4xx_driverlib.lib : gpio.o (.text:GPIO_setAsOutputPin)
                  00004c40    00000040     grlib.a : string.obj (.text:Graphics_getNumberOfLeadingZeros)
                  00004c80    00000040     HAL_MSP_EXP432P401R_Crystalfontz128x128_ST7735.obj (.text:_Z15HAL_LCD_SpiInitv)
                  00004cc0    00000040     Crystalfontz128x128_ST7735.obj (.text:_ZN52_INTERNAL_30_Crystalfontz128x128_ST7735_cpp_acdafc1429Crystalfontz128x128_PixelDrawEPK16Graphics_Displaysst)
                  00004d00    00000040     msp432p4xx_driverlib.lib : spi.o (.text:is_A_Module)
                  00004d40    0000003e     rtsv7M4_T_le_v4SPD16_eabi.lib : _printfi.c.obj (.text:_fcpy)
                  00004d7e    00000002     --HOLE-- [fill = 0]
                  00004d80    0000003c     main.obj (.text:ADC14_IRQHandler)
                  00004dbc    0000003c     rtsv7M4_T_le_v4SPD16_eabi.lib : memory.c.obj (.text:minsert)
                  00004df8    00000038     HAL_MSP_EXP432P401R_Crystalfontz128x128_ST7735.obj (.text:_Z20HAL_LCD_writeCommandh)
                  00004e30    00000038     rtsv7M4_T_le_v4SPD16_eabi.lib : trgmsg.c.obj (.text:__TI_writemsg)
                  00004e68    00000038                                   : boot_cortex_m.c.obj (.text:_c_int00_noargs:_c_int00_noargs)
                  00004ea0    00000038                                   : memory.c.obj (.text:minit)
                  00004ed8    00000036     grlib.a : display.obj (.text:Graphics_drawHorizontalLineOnDisplay)
                  00004f0e    00000036             : display.obj (.text:Graphics_drawVerticalLineOnDisplay)
                  00004f44    00000036     rtsv7M4_T_le_v4SPD16_eabi.lib : strncpy.c.obj (.text:strncpy)
                  00004f7a    00000002     --HOLE-- [fill = 0]
                  00004f7c    00000034                                   : fopen.c.obj (.text:__TI_cleanup)
                  00004fb0    00000034                                   : trgmsg.c.obj (.text:__TI_readmsg)
                  00004fe4    00000030     msp432p4xx_driverlib.lib : adc14.o (.text:ADC14_setResultFormat)
                  00005014    00000030     Functions.obj (.text:_Z12GetAccelDatav)
                  00005044    00000030     HAL_MSP_EXP432P401R_Crystalfontz128x128_ST7735.obj (.text:_Z16HAL_LCD_PortInitv)
                  00005074    00000030     main.obj (.text:_ZN25_INTERNAL_8_main_cpp_main16__NVIC_EnableIRQE4IRQn)
                  000050a4    00000030     rtsv7M4_T_le_v4SPD16_eabi.lib : getdevice.c.obj (.text:finddevice)
                  000050d4    0000002e     Ball.obj (.text:_ZN4Ball18BallReachingTargetEv)
                  00005102    0000002e     rtsv7M4_T_le_v4SPD16_eabi.lib : i_tofd_t2.asm.obj (.text)
                  00005130    0000002c     grlib.a : display.obj (.text:Graphics_drawPixelOnDisplay)
                  0000515c    0000002c     HAL_MSP_EXP432P401R_Crystalfontz128x128_ST7735.obj (.text:_Z17HAL_LCD_writeDatah)
                  00005188    0000002c     Crystalfontz128x128_ST7735.obj (.text:_ZN52_INTERNAL_30_Crystalfontz128x128_ST7735_cpp_acdafc1431Crystalfontz128x128_ClearScreenEPK16Graphics_Displayt)
                  000051b4    0000002c     rtsv7M4_T_le_v4SPD16_eabi.lib : unlink.c.obj (.text:unlink)
                  000051e0    00000028     msp432p4xx_driverlib.lib : gpio.o (.text:GPIO_setOutputHighOnPin)
                  00005208    00000028                              : gpio.o (.text:GPIO_setOutputLowOnPin)
                  00005230    00000028     Crystalfontz128x128_ST7735.obj (.text:_ZN52_INTERNAL_30_Crystalfontz128x128_ST7735_cpp_acdafc1434Crystalfontz128x128_ColorTranslateEPK16Graphics_Displayj)
                  00005258    00000028     rtsv7M4_T_le_v4SPD16_eabi.lib : lseek.c.obj (.text:lseek)
                  00005280    00000028                                   : memory.c.obj (.text:mremove)
                  000052a8    00000028                                   : write.c.obj (.text:write)
                  000052d0    00000020     msp432p4xx_driverlib.lib : adc14.o (.text:ADC14_setResolution)
                  000052f0    00000020     rtsv7M4_T_le_v4SPD16_eabi.lib : memchr.c.obj (.text:memchr)
                  00005310    0000001c     msp432p4xx_driverlib.lib : adc14.o (.text:ADC14_getResult)
                  0000532c    0000001c                              : spi.o (.text:SPI_enableModule)
                  00005348    0000001c     rtsv7M4_T_le_v4SPD16_eabi.lib : memccpy.c.obj (.text:memccpy)
                  00005364    0000001a     grlib.a : display.obj (.text:Graphics_clearDisplayOnDisplay)
                  0000537e    0000001a             : context.obj (.text:Graphics_setBackgroundColor)
                  00005398    0000001a             : context.obj (.text:Graphics_setFont)
                  000053b2    00000018     rtsv7M4_T_le_v4SPD16_eabi.lib : strcmp.c.obj (.text:strcmp)
                  000053ca    00000016     msp432p4xx_driverlib.lib : spi.o (.text:EUSCI_A_SPI_enable)
                  000053e0    00000016                              : spi.o (.text:EUSCI_B_SPI_enable)
                  000053f6    00000016     grlib.a : context.obj (.text:Graphics_setForegroundColor)
                  0000540c    00000016             : display.obj (.text:Graphics_translateColorOnDisplay)
                  00005422    00000016     rtsv7M4_T_le_v4SPD16_eabi.lib : strchr.c.obj (.text:strchr)
                  00005438    00000014                                   : s_copysign.c.obj (.text:copysign)
                  0000544c    00000014                                   : strcpy.c.obj (.text:strcpy)
                  00005460    00000014                                   : strlen.c.obj (.text:strlen)
                  00005474    00000012     grlib.a : context.obj (.text:Graphics_clearDisplay)
                  00005486    00000012     rtsv7M4_T_le_v4SPD16_eabi.lib : copy_zero_init.c.obj (.text:decompress:ZI:__TI_zero_init_nomemset:__TI_zero_init_nomemset)
                  00005498    00000012                                   : wcslen.c.obj (.text:wcslen)
                  000054aa    00000002     --HOLE-- [fill = 0]
                  000054ac    00000010     msp432p4xx_driverlib.lib : adc14.o (.text:ADCIsConversionRunning)
                  000054bc    0000000e     rtsv7M4_T_le_v4SPD16_eabi.lib : copy_decompress_none.c.obj (.text:decompress:none:__TI_decompress_none)
                  000054ca    0000000c     startup_msp432p401r_ccs.obj (.text:Reset_Handler)
                  000054d6    0000000a     Crystalfontz128x128_ST7735.obj (.text:_ZN52_INTERNAL_30_Crystalfontz128x128_ST7735_cpp_acdafc1425Crystalfontz128x128_FlushEPK16Graphics_Display)
                  000054e0    00000008     rtsv7M4_T_le_v4SPD16_eabi.lib : errno.c.obj (.text:__aeabi_errno_addr)
                  000054e8    00000004                                   : printf.c.obj (.text:_outc)
                  000054ec    00000004                                   : printf.c.obj (.text:_outs)
                  000054f0    00000004                                   : pre_init.c.obj (.text:_system_pre_init)
                  000054f4    00000004                                   : exit.c.obj (.text:abort:abort)

.const     0    000054f8    000012f6     
                  000054f8    00000c56     grlib.a : fontcm28.obj (.const:.string:g_pucCm28Data)
                  0000614e    000002f8             : fontfixed6x8.obj (.const:.string:g_pucFontFixed6x8Data)
                  00006446    00000101     rtsv7M4_T_le_v4SPD16_eabi.lib : ctype.c.obj (.const:.string:_ctypes_)
                  00006547    00000001     --HOLE-- [fill = 0]
                  00006548    000000c8     grlib.a : fontcm28.obj (.const:g_sFontCm28)
                  00006610    000000c8             : fontfixed6x8.obj (.const:g_sFontFixed6x8)
                  000066d8    00000080     msp432p4xx_driverlib.lib : adc14.o (.const:_ctlRegs)
                  00006758    00000030                              : gpio.o (.const:GPIO_PORT_TO_BASE)
                  00006788    00000020     Crystalfontz128x128_ST7735.obj (.const:g_sCrystalfontz128x128_funcs)
                  000067a8    0000001c     HAL_MSP_EXP432P401R_Crystalfontz128x128_ST7735.obj (.const:$P$T40$1)
                  000067c4    00000009     Functions.obj (.const:.string:$P$T40$1)
                  000067cd    00000001     --HOLE-- [fill = 0]
                  000067ce    00000008     Crystalfontz128x128_ST7735.obj (.const:$P$T40$1)
                  000067d6    00000008     Functions.obj (.const:$P$T41$2)
                  000067de    00000008     Ball.obj (.const:.string:$P$T45$3)
                  000067e6    00000004     Ball.obj (.const:$P$T40$1)
                  000067ea    00000004     Ball.obj (.const:$P$T41$2)

.cinit     0    000067f0    000000a0     
                  000067f0    00000079     (.cinit..data.load) [load image, compression = lzss]
                  00006869    00000003     --HOLE-- [fill = 0]
                  0000686c    0000000c     (__TI_handler_table)
                  00006878    00000008     (.cinit..bss.load) [load image, compression = zero_init]
                  00006880    00000010     (__TI_cinit_table)

.init_array 
*          0    00000000    00000000     UNINITIALIZED

.binit     0    00000000    00000000     

.sysmem    0    20000000    00000800     UNINITIALIZED
                  20000000    00000008     rtsv7M4_T_le_v4SPD16_eabi.lib : memory.c.obj (.sysmem)
                  20000008    000007f8     --HOLE--

.bss       0    20000800    00000246     UNINITIALIZED
                  20000800    00000120     rtsv7M4_T_le_v4SPD16_eabi.lib : trgmsg.c.obj (.bss:_CIOBUF_)
                  20000920    000000a0     (.common:__TI_tmpnams)
                  200009c0    0000001c     (.common:g_sBall)
                  200009dc    0000001c     (.common:g_sBallTarget)
                  200009f8    0000001c     (.common:g_sEraser)
                  20000a14    0000001c     (.common:g_sGeneral)
                  20000a30    00000008     (.common:parmbuf)
                  20000a38    00000004     (.common:g_u16resultsBuffer)
                  20000a3c    00000002     (.common:Lcd_ScreenHeigth)
                  20000a3e    00000002     (.common:Lcd_ScreenWidth)
                  20000a40    00000002     (.common:Lcd_TouchTrim)
                  20000a42    00000001     (.common:Lcd_FlagRead)
                  20000a43    00000001     (.common:Lcd_FontSolid)
                  20000a44    00000001     (.common:Lcd_Orientation)
                  20000a45    00000001     (.common:Lcd_PenSolid)

.data      0    20000a48    000001fc     UNINITIALIZED
                  20000a48    000000f0     rtsv7M4_T_le_v4SPD16_eabi.lib : defs.c.obj (.data:_ftable)
                  20000b38    00000078                                   : write.c.obj (.data:_device)
                  20000bb0    00000050                                   : write.c.obj (.data:_stream)
                  20000c00    00000010     Crystalfontz128x128_ST7735.obj (.data:g_sCrystalfontz128x128)
                  20000c10    00000010     rtsv7M4_T_le_v4SPD16_eabi.lib : defs.c.obj (.data)
                  20000c20    0000000c                                   : exit.c.obj (.data:$O1$$)
                  20000c2c    0000000c                                   : memory.c.obj (.data:$O1$$)
                  20000c38    00000008                                   : _lock.c.obj (.data:$O1$$)
                  20000c40    00000004                                   : errno.c.obj (.data)

.stack     0    2000fe00    00000200     UNINITIALIZED
                  2000fe00    00000004     rtsv7M4_T_le_v4SPD16_eabi.lib : boot_cortex_m.c.obj (.stack)
                  2000fe04    000001fc     --HOLE--

MODULE SUMMARY

       Module                                               code    ro data   rw data
       ------                                               ----    -------   -------
    .\
       Ball.obj                                             2244    16        232    
       Functions.obj                                        860     17        0      
       main.obj                                             512     0         0      
       system_msp432p401r.obj                               120     0         0      
    +--+----------------------------------------------------+-------+---------+---------+
       Total:                                               3736    33        232    
                                                                                     
    .\LcdDriver\
       Crystalfontz128x128_ST7735.obj                       1670    40        52     
       HAL_MSP_EXP432P401R_Crystalfontz128x128_ST7735.obj   212     28        0      
    +--+----------------------------------------------------+-------+---------+---------+
       Total:                                               1882    68        52     
                                                                                     
    .\ccs\
       startup_msp432p401r_ccs.obj                          14      228       0      
    +--+----------------------------------------------------+-------+---------+---------+
       Total:                                               14      228       0      
                                                                                     
    C:/ti/simplelink_msp432p4_sdk_2_20_00_12/source/ti/devices/msp432p4xx/driverlib/ccs/msp432p4xx_driverlib.lib
       adc14.o                                              560     128       0      
       gpio.o                                               280     48        0      
       spi.o                                                312     0         0      
    +--+----------------------------------------------------+-------+---------+---------+
       Total:                                               1152    176       0      
                                                                                     
    C:/ti/simplelink_msp432p4_sdk_2_20_00_12/source/ti/grlib/lib/ccs/m4f/grlib.a
       fontcm28.obj                                         0       3358      0      
       string.obj                                           1214    0         0      
       circle.obj                                           1176    0         0      
       line.obj                                             1168    0         0      
       fontfixed6x8.obj                                     0       960       0      
       context.obj                                          264     0         0      
       display.obj                                          200     0         0      
       rectangle.obj                                        162     0         0      
    +--+----------------------------------------------------+-------+---------+---------+
       Total:                                               4184    4318      0      
                                                                                     
    C:\ti\ccsv8\tools\compiler\ti-cgt-arm_18.1.2.LTS\lib\rtsv7M4_T_le_v4SPD16_eabi.lib
       _printfi.c.obj                                       4863    0         0      
       defs.c.obj                                           0       0         832    
       trgmsg.c.obj                                         108     0         576    
       memory.c.obj                                         492     0         24     
       write.c.obj                                          40      0         400    
       fd_add_t2.asm.obj                                    438     0         0      
       fd_div_t2.asm.obj                                    310     0         0      
       fputs.c.obj                                          276     0         0      
       s_scalbn.c.obj                                       272     0         0      
       fd_cmp_t2.asm.obj                                    268     0         0      
       ctype.c.obj                                          0       257       0      
       fd_mul_t2.asm.obj                                    252     0         0      
       setvbuf.c.obj                                        220     0         0      
       memcpy_t2.asm.obj                                    156     0         0      
       ull_div_t2.asm.obj                                   150     0         0      
       fputc.c.obj                                          140     0         0      
       memset_t2.asm.obj                                    122     0         0      
       fclose.c.obj                                         116     0         0      
       getdevice.c.obj                                      116     0         0      
       hostopen.c.obj                                       96      0         16     
       printf.c.obj                                         112     0         0      
       copy_decompress_lzss.c.obj                           104     0         0      
       hostlseek.c.obj                                      104     0         0      
       hostrename.c.obj                                     104     0         0      
       exit.c.obj                                           76      0         24     
       fseek.c.obj                                          100     0         0      
       s_frexp.c.obj                                        100     0         0      
       _io_perm.c.obj                                       98      0         0      
       close.c.obj                                          92      0         0      
       hostread.c.obj                                       88      0         0      
       hostwrite.c.obj                                      88      0         0      
       ltoa.c.obj                                           84      0         0      
       atoi.c.obj                                           76      0         0      
       fflush.c.obj                                         76      0         0      
       fd_toi_t2.asm.obj                                    72      0         0      
       autoinit.c.obj                                       68      0         0      
       hostclose.c.obj                                      68      0         0      
       hostunlink.c.obj                                     68      0         0      
       boot_cortex_m.c.obj                                  56      0         0      
       strncpy.c.obj                                        54      0         0      
       fopen.c.obj                                          52      0         0      
       i_tofd_t2.asm.obj                                    46      0         0      
       unlink.c.obj                                         44      0         0      
       lseek.c.obj                                          40      0         0      
       memchr.c.obj                                         32      0         0      
       memccpy.c.obj                                        28      0         0      
       strcmp.c.obj                                         24      0         0      
       strchr.c.obj                                         22      0         0      
       s_copysign.c.obj                                     20      0         0      
       strcpy.c.obj                                         20      0         0      
       strlen.c.obj                                         20      0         0      
       _lock.c.obj                                          2       0         16     
       copy_zero_init.c.obj                                 18      0         0      
       wcslen.c.obj                                         18      0         0      
       errno.c.obj                                          8       0         8      
       copy_decompress_none.c.obj                           14      0         0      
       pre_init.c.obj                                       4       0         0      
       div0.asm.obj                                         2       0         0      
    +--+----------------------------------------------------+-------+---------+---------+
       Total:                                               10537   257       1896   
                                                                                     
       Heap:                                                0       0         4096   
       Stack:                                               0       0         1024   
       Linker Generated:                                    0       157       0      
    +--+----------------------------------------------------+-------+---------+---------+
       Grand Total:                                         21505   5237      7300   


LINKER GENERATED COPY TABLES

__TI_cinit_table @ 00006880 records: 2, size/record: 8, table size: 16
	.data: load addr=000067f0, load size=00000079 bytes, run addr=20000a48, run size=000001fc bytes, compression=lzss
	.bss: load addr=00006878, load size=00000008 bytes, run addr=20000800, run size=00000246 bytes, compression=zero_init


LINKER GENERATED HANDLER TABLE

__TI_handler_table @ 0000686c records: 3, size/record: 4, table size: 12
	index: 0, handler: __TI_decompress_lzss
	index: 1, handler: __TI_decompress_none
	index: 2, handler: __TI_zero_init


GLOBAL SYMBOLS: SORTED ALPHABETICALLY BY Name 

address   name                                       
-------   ----                                       
00004d81  ADC14_IRQHandler                           
00004d81  ADC14_IRQHandler                           
00005311  ADC14_getResult                            
00004751  ADC14_initModule                           
000052d1  ADC14_setResolution                        
00004fe5  ADC14_setResultFormat                      
00001613  AES256_IRQHandler                          
00001613  BusFault_Handler                           
000054f5  C$$EXIT                                    
00004e5f  C$$IO$$                                    
00001613  COMP_E0_IRQHandler                         
00001613  COMP_E1_IRQHandler                         
00001613  CS_IRQHandler                              
00001613  DMA_ERR_IRQHandler                         
00001613  DMA_INT0_IRQHandler                        
00001613  DMA_INT1_IRQHandler                        
00001613  DMA_INT2_IRQHandler                        
00001613  DMA_INT3_IRQHandler                        
00001613  DebugMon_Handler                           
00001613  Default_Handler                            
00001613  EUSCIA0_IRQHandler                         
00001613  EUSCIA1_IRQHandler                         
00001613  EUSCIA2_IRQHandler                         
00001613  EUSCIA3_IRQHandler                         
00001613  EUSCIB0_IRQHandler                         
00001613  EUSCIB1_IRQHandler                         
00001613  EUSCIB2_IRQHandler                         
00001613  EUSCIB3_IRQHandler                         
000053cb  EUSCI_A_SPI_enable                         
000053e1  EUSCI_B_SPI_enable                         
00001613  FLCTL_IRQHandler                           
00001613  FPU_IRQHandler                             
00004c01  GPIO_setAsOutputPin                        
00003cf9  GPIO_setAsPeripheralModuleFunctionOutputPin
000051e1  GPIO_setOutputHighOnPin                    
00005209  GPIO_setOutputLowOnPin                     
00005475  Graphics_clearDisplay                      
00005365  Graphics_clearDisplayOnDisplay             
00001885  Graphics_drawCircle                        
00004ed9  Graphics_drawHorizontalLineOnDisplay       
00002603  Graphics_drawLine                          
000038d9  Graphics_drawLineH                         
00003975  Graphics_drawLineV                         
000045ed  Graphics_drawPixel                         
00005131  Graphics_drawPixelOnDisplay                
00003837  Graphics_drawRectangle                     
00001195  Graphics_drawString                        
00004f0f  Graphics_drawVerticalLineOnDisplay         
00001af3  Graphics_fillCircle                        
0000484d  Graphics_initContext                       
0000537f  Graphics_setBackgroundColor                
00005399  Graphics_setFont                           
000053f7  Graphics_setForegroundColor                
0000540d  Graphics_translateColorOnDisplay           
00004af1  HOSTclose                                  
000040dd  HOSTlseek                                  
00004471  HOSTopen                                   
00004649  HOSTread                                   
00004145  HOSTrename                                 
00004b35  HOSTunlink                                 
000046a1  HOSTwrite                                  
00001613  HardFault_Handler                          
20000a42  Lcd_FlagRead                               
20000a43  Lcd_FontSolid                              
20000a44  Lcd_Orientation                            
20000a45  Lcd_PenSolid                               
20000a3c  Lcd_ScreenHeigth                           
20000a3e  Lcd_ScreenWidth                            
20000a40  Lcd_TouchTrim                              
00001613  MemManage_Handler                          
00001613  NMI_Handler                                
00001613  PCM_IRQHandler                             
00001613  PORT1_IRQHandler                           
00001613  PORT2_IRQHandler                           
00001613  PORT3_IRQHandler                           
00001613  PORT4_IRQHandler                           
00001613  PORT5_IRQHandler                           
00001613  PORT6_IRQHandler                           
00001613  PSS_IRQHandler                             
00001613  PendSV_Handler                             
00001613  RTC_C_IRQHandler                           
000054cb  Reset_Handler                              
0000532d  SPI_enableModule                           
00003787  SPI_initMaster                             
00001613  SVC_Handler                                
00001613  SysTick_Handler                            
00003f09  SystemInit                                 
00001613  T32_INT1_IRQHandler                        
00001613  T32_INT2_IRQHandler                        
00001613  T32_INTC_IRQHandler                        
00001613  TA0_0_IRQHandler                           
00001613  TA0_N_IRQHandler                           
00001613  TA1_0_IRQHandler                           
00001613  TA1_N_IRQHandler                           
00001613  TA2_0_IRQHandler                           
00001613  TA2_N_IRQHandler                           
00001613  TA3_0_IRQHandler                           
00001613  TA3_N_IRQHandler                           
00001613  UsageFault_Handler                         
4000480c  WDTCTL_SYM                                 
00001613  WDT_A_IRQHandler                           
00001d1d  _Z10CreateMazev                            
00002efd  _Z11SetupScreenv                           
00005015  _Z12GetAccelDatav                          
00004c81  _Z15HAL_LCD_SpiInitv                       
00005045  _Z16HAL_LCD_PortInitv                      
0000515d  _Z17HAL_LCD_writeDatah                     
00003615  _Z18SetupAccelerometerv                    
00004df9  _Z20HAL_LCD_writeCommandh                  
00002dd1  _Z24Crystalfontz128x128_Initv              
00002c9d  _Z32Crystalfontz128x128_SetDrawFrametttt   
000047a5  _Z34Crystalfontz128x128_SetOrientationh    
000028d9  _ZN4Ball15GetBallPositionEv                
000050d5  _ZN4Ball18BallReachingTargetEv             
00000b43  _ZN4Ball18CheckBallCollisionEv             
000049d1  _ZN4Ball9GameEndedEv                       
000042e1  _ZN4Ball9PrintBallEv                       
00004a19  _ZN4BallC1EhhP16Graphics_Context           
00004a19  _ZN4BallC2EhhP16Graphics_Context           
20000800  __CIOBUF_                                  
20010000  __STACK_END                                
00000200  __STACK_SIZE                               
00000800  __SYSMEM_SIZE                              
00006880  __TI_CINIT_Base                            
00006890  __TI_CINIT_Limit                           
0000686c  __TI_Handler_Table_Base                    
00006878  __TI_Handler_Table_Limit                   
00004b79  __TI_auto_init_nobinit_nopinit             
00004f7d  __TI_cleanup                               
20000c20  __TI_cleanup_ptr                           
00003ff9  __TI_closefile                             
000041ad  __TI_decompress_lzss                       
000054bd  __TI_decompress_none                       
000048f1  __TI_doflush                               
20000c24  __TI_dtors_ptr                             
20000c28  __TI_enable_exit_profile_output            
20000c10  __TI_ft_end                                
ffffffff  __TI_pprof_out_hndl                        
000000e5  __TI_printfi                               
ffffffff  __TI_prof_data_size                        
ffffffff  __TI_prof_data_start                       
00004fb1  __TI_readmsg                               
00000000  __TI_static_base__                         
20000920  __TI_tmpnams                               
00004e31  __TI_writemsg                              
0000440d  __TI_wrt_ok                                
00005487  __TI_zero_init_nomemset                    
00003d81  __aeabi_cdcmpeq                            
00003d81  __aeabi_cdcmple                            
00003e07  __aeabi_cdrcmple                           
00004aa9  __aeabi_d2iz                               
000022d7  __aeabi_dadd                               
00002b65  __aeabi_ddiv                               
00003365  __aeabi_dmul                               
000022cd  __aeabi_dsub                               
000054e1  __aeabi_errno_addr                         
00005103  __aeabi_i2d                                
00002c9b  __aeabi_idiv0                              
00002c9b  __aeabi_ldiv0                              
00003e8d  __aeabi_memclr                             
00003e8d  __aeabi_memclr4                            
00003e8d  __aeabi_memclr8                            
00003aad  __aeabi_memcpy                             
00003aad  __aeabi_memcpy4                            
00003aad  __aeabi_memcpy8                            
00003e8f  __aeabi_memset                             
00003e8f  __aeabi_memset4                            
00003e8f  __aeabi_memset8                            
20000c1c  __aeabi_stderr                             
20000c14  __aeabi_stdin                              
20000c18  __aeabi_stdout                             
00003b49  __aeabi_uldivmod                           
ffffffff  __binit__                                  
ffffffff  __c_args__                                 
UNDEFED   __mpu_init                                 
2000fe00  __stack                                    
00004e69  _c_int00_noargs                            
00006446  _ctypes_                                   
20000b38  _device                                    
20000a48  _ftable                                    
20000c38  _lock                                      
00002777  _nop                                       
20000bb0  _stream                                    
20000000  _sys_memory                                
UNDEFED   _system_post_cinit                         
000054f1  _system_pre_init                           
20000c3c  _unlock                                    
000054f5  abort                                      
0000493d  atoi                                       
ffffffff  binit                                      
00004591  close                                      
00005439  copysign                                   
00005439  copysignl                                  
20000c40  errno                                      
00004a61  exit                                       
000050a5  finddevice                                 
00003be1  fputc                                      
00003141  fputs                                      
0000353d  free                                       
00004345  frexp                                      
00004345  frexpl                                     
000043a9  fseek                                      
200009c0  g_sBall                                    
200009dc  g_sBallTarget                              
20000c00  g_sCrystalfontz128x128                     
00006788  g_sCrystalfontz128x128_funcs               
200009f8  g_sEraser                                  
00006548  g_sFontCm28                                
00006610  g_sFontFixed6x8                            
20000a14  g_sGeneral                                 
20000a38  g_u16resultsBuffer                         
00004bbd  getdevice                                  
00000000  interruptVectors                           
00003255  ldexp                                      
00003255  ldexpl                                     
00005259  lseek                                      
000047f9  ltoa                                       
00003c6d  main                                       
00003f81  malloc                                     
00005349  memccpy                                    
000052f1  memchr                                     
00003aad  memcpy                                     
00003e95  memset                                     
00004ea1  minit                                      
20000a30  parmbuf                                    
00004215  printf                                     
00003be1  putc                                       
000051b5  remove                                     
00003255  scalbn                                     
00003255  scalbnl                                    
00003461  setvbuf                                    
00005423  strchr                                     
000053b3  strcmp                                     
0000544d  strcpy                                     
00005461  strlen                                     
00004f45  strncpy                                    
000051b5  unlink                                     
00005499  wcslen                                     
000052a9  write                                      


GLOBAL SYMBOLS: SORTED BY Symbol Address 

address   name                                       
-------   ----                                       
00000000  __TI_static_base__                         
00000000  interruptVectors                           
000000e5  __TI_printfi                               
00000200  __STACK_SIZE                               
00000800  __SYSMEM_SIZE                              
00000b43  _ZN4Ball18CheckBallCollisionEv             
00001195  Graphics_drawString                        
00001613  AES256_IRQHandler                          
00001613  BusFault_Handler                           
00001613  COMP_E0_IRQHandler                         
00001613  COMP_E1_IRQHandler                         
00001613  CS_IRQHandler                              
00001613  DMA_ERR_IRQHandler                         
00001613  DMA_INT0_IRQHandler                        
00001613  DMA_INT1_IRQHandler                        
00001613  DMA_INT2_IRQHandler                        
00001613  DMA_INT3_IRQHandler                        
00001613  DebugMon_Handler                           
00001613  Default_Handler                            
00001613  EUSCIA0_IRQHandler                         
00001613  EUSCIA1_IRQHandler                         
00001613  EUSCIA2_IRQHandler                         
00001613  EUSCIA3_IRQHandler                         
00001613  EUSCIB0_IRQHandler                         
00001613  EUSCIB1_IRQHandler                         
00001613  EUSCIB2_IRQHandler                         
00001613  EUSCIB3_IRQHandler                         
00001613  FLCTL_IRQHandler                           
00001613  FPU_IRQHandler                             
00001613  HardFault_Handler                          
00001613  MemManage_Handler                          
00001613  NMI_Handler                                
00001613  PCM_IRQHandler                             
00001613  PORT1_IRQHandler                           
00001613  PORT2_IRQHandler                           
00001613  PORT3_IRQHandler                           
00001613  PORT4_IRQHandler                           
00001613  PORT5_IRQHandler                           
00001613  PORT6_IRQHandler                           
00001613  PSS_IRQHandler                             
00001613  PendSV_Handler                             
00001613  RTC_C_IRQHandler                           
00001613  SVC_Handler                                
00001613  SysTick_Handler                            
00001613  T32_INT1_IRQHandler                        
00001613  T32_INT2_IRQHandler                        
00001613  T32_INTC_IRQHandler                        
00001613  TA0_0_IRQHandler                           
00001613  TA0_N_IRQHandler                           
00001613  TA1_0_IRQHandler                           
00001613  TA1_N_IRQHandler                           
00001613  TA2_0_IRQHandler                           
00001613  TA2_N_IRQHandler                           
00001613  TA3_0_IRQHandler                           
00001613  TA3_N_IRQHandler                           
00001613  UsageFault_Handler                         
00001613  WDT_A_IRQHandler                           
00001885  Graphics_drawCircle                        
00001af3  Graphics_fillCircle                        
00001d1d  _Z10CreateMazev                            
000022cd  __aeabi_dsub                               
000022d7  __aeabi_dadd                               
00002603  Graphics_drawLine                          
00002777  _nop                                       
000028d9  _ZN4Ball15GetBallPositionEv                
00002b65  __aeabi_ddiv                               
00002c9b  __aeabi_idiv0                              
00002c9b  __aeabi_ldiv0                              
00002c9d  _Z32Crystalfontz128x128_SetDrawFrametttt   
00002dd1  _Z24Crystalfontz128x128_Initv              
00002efd  _Z11SetupScreenv                           
00003141  fputs                                      
00003255  ldexp                                      
00003255  ldexpl                                     
00003255  scalbn                                     
00003255  scalbnl                                    
00003365  __aeabi_dmul                               
00003461  setvbuf                                    
0000353d  free                                       
00003615  _Z18SetupAccelerometerv                    
00003787  SPI_initMaster                             
00003837  Graphics_drawRectangle                     
000038d9  Graphics_drawLineH                         
00003975  Graphics_drawLineV                         
00003aad  __aeabi_memcpy                             
00003aad  __aeabi_memcpy4                            
00003aad  __aeabi_memcpy8                            
00003aad  memcpy                                     
00003b49  __aeabi_uldivmod                           
00003be1  fputc                                      
00003be1  putc                                       
00003c6d  main                                       
00003cf9  GPIO_setAsPeripheralModuleFunctionOutputPin
00003d81  __aeabi_cdcmpeq                            
00003d81  __aeabi_cdcmple                            
00003e07  __aeabi_cdrcmple                           
00003e8d  __aeabi_memclr                             
00003e8d  __aeabi_memclr4                            
00003e8d  __aeabi_memclr8                            
00003e8f  __aeabi_memset                             
00003e8f  __aeabi_memset4                            
00003e8f  __aeabi_memset8                            
00003e95  memset                                     
00003f09  SystemInit                                 
00003f81  malloc                                     
00003ff9  __TI_closefile                             
000040dd  HOSTlseek                                  
00004145  HOSTrename                                 
000041ad  __TI_decompress_lzss                       
00004215  printf                                     
000042e1  _ZN4Ball9PrintBallEv                       
00004345  frexp                                      
00004345  frexpl                                     
000043a9  fseek                                      
0000440d  __TI_wrt_ok                                
00004471  HOSTopen                                   
00004591  close                                      
000045ed  Graphics_drawPixel                         
00004649  HOSTread                                   
000046a1  HOSTwrite                                  
00004751  ADC14_initModule                           
000047a5  _Z34Crystalfontz128x128_SetOrientationh    
000047f9  ltoa                                       
0000484d  Graphics_initContext                       
000048f1  __TI_doflush                               
0000493d  atoi                                       
000049d1  _ZN4Ball9GameEndedEv                       
00004a19  _ZN4BallC1EhhP16Graphics_Context           
00004a19  _ZN4BallC2EhhP16Graphics_Context           
00004a61  exit                                       
00004aa9  __aeabi_d2iz                               
00004af1  HOSTclose                                  
00004b35  HOSTunlink                                 
00004b79  __TI_auto_init_nobinit_nopinit             
00004bbd  getdevice                                  
00004c01  GPIO_setAsOutputPin                        
00004c81  _Z15HAL_LCD_SpiInitv                       
00004d81  ADC14_IRQHandler                           
00004d81  ADC14_IRQHandler                           
00004df9  _Z20HAL_LCD_writeCommandh                  
00004e31  __TI_writemsg                              
00004e5f  C$$IO$$                                    
00004e69  _c_int00_noargs                            
00004ea1  minit                                      
00004ed9  Graphics_drawHorizontalLineOnDisplay       
00004f0f  Graphics_drawVerticalLineOnDisplay         
00004f45  strncpy                                    
00004f7d  __TI_cleanup                               
00004fb1  __TI_readmsg                               
00004fe5  ADC14_setResultFormat                      
00005015  _Z12GetAccelDatav                          
00005045  _Z16HAL_LCD_PortInitv                      
000050a5  finddevice                                 
000050d5  _ZN4Ball18BallReachingTargetEv             
00005103  __aeabi_i2d                                
00005131  Graphics_drawPixelOnDisplay                
0000515d  _Z17HAL_LCD_writeDatah                     
000051b5  remove                                     
000051b5  unlink                                     
000051e1  GPIO_setOutputHighOnPin                    
00005209  GPIO_setOutputLowOnPin                     
00005259  lseek                                      
000052a9  write                                      
000052d1  ADC14_setResolution                        
000052f1  memchr                                     
00005311  ADC14_getResult                            
0000532d  SPI_enableModule                           
00005349  memccpy                                    
00005365  Graphics_clearDisplayOnDisplay             
0000537f  Graphics_setBackgroundColor                
00005399  Graphics_setFont                           
000053b3  strcmp                                     
000053cb  EUSCI_A_SPI_enable                         
000053e1  EUSCI_B_SPI_enable                         
000053f7  Graphics_setForegroundColor                
0000540d  Graphics_translateColorOnDisplay           
00005423  strchr                                     
00005439  copysign                                   
00005439  copysignl                                  
0000544d  strcpy                                     
00005461  strlen                                     
00005475  Graphics_clearDisplay                      
00005487  __TI_zero_init_nomemset                    
00005499  wcslen                                     
000054bd  __TI_decompress_none                       
000054cb  Reset_Handler                              
000054e1  __aeabi_errno_addr                         
000054f1  _system_pre_init                           
000054f5  C$$EXIT                                    
000054f5  abort                                      
00006446  _ctypes_                                   
00006548  g_sFontCm28                                
00006610  g_sFontFixed6x8                            
00006788  g_sCrystalfontz128x128_funcs               
0000686c  __TI_Handler_Table_Base                    
00006878  __TI_Handler_Table_Limit                   
00006880  __TI_CINIT_Base                            
00006890  __TI_CINIT_Limit                           
20000000  _sys_memory                                
20000800  __CIOBUF_                                  
20000920  __TI_tmpnams                               
200009c0  g_sBall                                    
200009dc  g_sBallTarget                              
200009f8  g_sEraser                                  
20000a14  g_sGeneral                                 
20000a30  parmbuf                                    
20000a38  g_u16resultsBuffer                         
20000a3c  Lcd_ScreenHeigth                           
20000a3e  Lcd_ScreenWidth                            
20000a40  Lcd_TouchTrim                              
20000a42  Lcd_FlagRead                               
20000a43  Lcd_FontSolid                              
20000a44  Lcd_Orientation                            
20000a45  Lcd_PenSolid                               
20000a48  _ftable                                    
20000b38  _device                                    
20000bb0  _stream                                    
20000c00  g_sCrystalfontz128x128                     
20000c10  __TI_ft_end                                
20000c14  __aeabi_stdin                              
20000c18  __aeabi_stdout                             
20000c1c  __aeabi_stderr                             
20000c20  __TI_cleanup_ptr                           
20000c24  __TI_dtors_ptr                             
20000c28  __TI_enable_exit_profile_output            
20000c38  _lock                                      
20000c3c  _unlock                                    
20000c40  errno                                      
2000fe00  __stack                                    
20010000  __STACK_END                                
4000480c  WDTCTL_SYM                                 
ffffffff  __TI_pprof_out_hndl                        
ffffffff  __TI_prof_data_size                        
ffffffff  __TI_prof_data_start                       
ffffffff  __binit__                                  
ffffffff  __c_args__                                 
ffffffff  binit                                      
UNDEFED   __mpu_init                                 
UNDEFED   _system_post_cinit                         

[239 symbols]
